core_cm7.h:2229:22:SCB_EnableICache	4	static,ignoring_inline_asm
core_cm7.h:2281:22:SCB_EnableDCache	24	static,ignoring_inline_asm
common_hardware_code.c:37:5:__io_putchar	16	static
common_hardware_code.c:43:5:_write	32	static
common_hardware_code.c:55:6:hardware_rand_initialize	4	static
common_hardware_code.c:65:5:hardware_rand	4	static
common_hardware_code.c:80:6:HAL_UART_MspInit	56	static
common_hardware_code.c:135:13:MX_USART1_UART_Init	8	static
common_hardware_code.c:173:13:SystemClock_Config	80	static
common_hardware_code.c:233:13:MPU_Config	24	static
common_hardware_code.c:275:13:CPU_CACHE_Enable	8	static
common_hardware_code.c:284:6:hardware_setup	8	static
