locks.c:45:13:lock_button_select	24	static
locks.c:62:13:lock_button_deselect	24	static
locks.c:79:13:update_enable_disable_button_text	16	static
locks.c:98:13:update_lock_unlock_button_appearance	32	static
locks.c:161:13:lock_unlock_one_door	48	static
locks.c:224:13:lock_unlock_all_doors	24	static
locks.c:240:13:on_enabled_disabled_security_alarm	8	static
locks.c:261:13:on_lock_unlock_all	8	static
locks.c:291:13:on_lock_button_clicked	24	static
locks.c:320:13:on_close_button_clicked	16	static
locks.c:335:13:on_open_button_clicked	16	static
locks.c:351:6:locks_page_1_event_process	16	static
locks.c:374:6:locks_door_base_event_process	16	static
locks.c:400:13:hide_locks_children	24	static
locks.c:418:13:start_lock_children_animation	24	static
locks.c:445:6:locks_screen_reset	16	static
locks.c:467:6:locks_screen_animation_start	16	static
locks.c:507:6:locks_screen_init	16	static
