sample_guix_home_automation_specifications.c:65:13:gx_studio_screen_toggle	24	static
sample_guix_home_automation_specifications.c:79:19:gx_studio_action_target_get	32	static
sample_guix_home_automation_specifications.c:117:19:gx_studio_action_target_find	32	static
sample_guix_home_automation_specifications.c:145:19:gx_studio_action_parent_find	24	static
sample_guix_home_automation_specifications.c:165:13:gx_studio_animation_execute	72	static
sample_guix_home_automation_specifications.c:212:6:gx_studio_auto_event_handler	48	static
sample_guix_home_automation_specifications.c:359:6:gx_studio_multi_line_text_button_create	64	static
sample_guix_home_automation_specifications.c:380:6:gx_studio_radio_button_create	64	static
sample_guix_home_automation_specifications.c:414:6:gx_studio_pixelmap_button_create	80	static
sample_guix_home_automation_specifications.c:428:6:gx_studio_icon_create	80	static
sample_guix_home_automation_specifications.c:443:6:gx_studio_radial_slider_create	96	static
sample_guix_home_automation_specifications.c:472:6:gx_studio_prompt_create	64	static
sample_guix_home_automation_specifications.c:493:6:gx_studio_numeric_prompt_create	64	static
sample_guix_home_automation_specifications.c:522:6:gx_studio_window_create	64	static
sample_guix_home_automation_specifications.c:541:6:gx_studio_template_create	104	static
sample_guix_home_automation_specifications.c:3109:13:gx_studio_passcode_screen_event_process	16	static
sample_guix_home_automation_specifications.c:4752:13:gx_studio_main_screen_event_process	16	static
sample_guix_home_automation_specifications.c:5960:13:gx_studio_thermostat_screen_event_process	16	static
sample_guix_home_automation_specifications.c:6791:13:gx_studio_lights_screen_event_process	16	static
sample_guix_home_automation_specifications.c:7186:13:gx_studio_locks_screen_event_process	16	static
sample_guix_home_automation_specifications.c:7226:13:gx_studio_win_San_Diego_event_process	16	static
sample_guix_home_automation_specifications.c:7266:13:gx_studio_win_New_York_event_process	16	static
sample_guix_home_automation_specifications.c:7306:13:gx_studio_win_Las_Vegas_event_process	16	static
sample_guix_home_automation_specifications.c:7457:13:gx_studio_weather_screen_event_process	16	static
sample_guix_home_automation_specifications.c:7615:13:gx_studio_thermostat_page_4_event_process	16	static
sample_guix_home_automation_specifications.c:7713:13:gx_studio_thermostat_page_3_event_process	16	static
sample_guix_home_automation_specifications.c:7811:13:gx_studio_thermostat_page_2_event_process	16	static
sample_guix_home_automation_specifications.c:7909:13:gx_studio_thermostat_page_1_event_process	16	static
sample_guix_home_automation_specifications.c:8007:13:gx_studio_lights_page_3_event_process	16	static
sample_guix_home_automation_specifications.c:8105:13:gx_studio_lights_page_2_event_process	16	static
sample_guix_home_automation_specifications.c:8203:13:gx_studio_lights_page_4_event_process	16	static
sample_guix_home_automation_specifications.c:8301:13:gx_studio_lights_page_1_event_process	16	static
sample_guix_home_automation_specifications.c:8399:13:gx_studio_locks_page_3_event_process	16	static
sample_guix_home_automation_specifications.c:8497:13:gx_studio_locks_page_2_event_process	16	static
sample_guix_home_automation_specifications.c:8960:13:gx_studio_locks_page_1_event_process	16	static
sample_guix_home_automation_specifications.c:9013:19:gx_studio_nested_widget_create	40	static
sample_guix_home_automation_specifications.c:9097:12:gx_studio_widget_create	32	static
sample_guix_home_automation_specifications.c:9110:6:gx_studio_named_widget_create	40	static
sample_guix_home_automation_specifications.c:9138:6:gx_studio_display_configure	80	static
