Archive member included to satisfy reference by file (symbol)

../../stm32f7xx_library/Debug\libstm32f7xx_library.a(stm32746g_discovery_sdram.o)
                              common_hardware_code.o (BSP_SDRAM_Init)
../../stm32f7xx_library/Debug\libstm32f7xx_library.a(stm32f7xx_hal.o)
                              common_hardware_code.o (HAL_Init)
../../stm32f7xx_library/Debug\libstm32f7xx_library.a(stm32f7xx_hal_cortex.o)
                              ../../stm32f7xx_library/Debug\libstm32f7xx_library.a(stm32f7xx_hal.o) (HAL_NVIC_SetPriorityGrouping)
../../stm32f7xx_library/Debug\libstm32f7xx_library.a(stm32f7xx_hal_dma.o)
                              ../../stm32f7xx_library/Debug\libstm32f7xx_library.a(stm32746g_discovery_sdram.o) (HAL_DMA_Init)
../../stm32f7xx_library/Debug\libstm32f7xx_library.a(stm32f7xx_hal_gpio.o)
                              common_hardware_code.o (HAL_GPIO_Init)
../../stm32f7xx_library/Debug\libstm32f7xx_library.a(stm32f7xx_hal_pwr_ex.o)
                              common_hardware_code.o (HAL_PWREx_EnableOverDrive)
../../stm32f7xx_library/Debug\libstm32f7xx_library.a(stm32f7xx_hal_rcc.o)
                              common_hardware_code.o (HAL_RCC_OscConfig)
../../stm32f7xx_library/Debug\libstm32f7xx_library.a(stm32f7xx_hal_sdram.o)
                              ../../stm32f7xx_library/Debug\libstm32f7xx_library.a(stm32746g_discovery_sdram.o) (HAL_SDRAM_Init)
../../stm32f7xx_library/Debug\libstm32f7xx_library.a(stm32f7xx_hal_timebase_tim_template.o)
                              ../../stm32f7xx_library/Debug\libstm32f7xx_library.a(stm32f7xx_hal.o) (HAL_InitTick)
../../stm32f7xx_library/Debug\libstm32f7xx_library.a(stm32f7xx_hal_uart.o)
                              common_hardware_code.o (HAL_UART_Transmit)
../../stm32f7xx_library/Debug\libstm32f7xx_library.a(stm32f7xx_ll_fmc.o)
                              ../../stm32f7xx_library/Debug\libstm32f7xx_library.a(stm32f7xx_hal_sdram.o) (FMC_SDRAM_Init)
../../stm32f7xx_library/Debug\libstm32f7xx_library.a(system_stm32f7xx.o)
                              ../../stm32f7xx_library/Debug\libstm32f7xx_library.a(stm32f7xx_hal_rcc.o) (APBPrescTable)
../../stm32f7xx_library/Debug\libstm32f7xx_library.a(stm32f7xx_hal_tim.o)
                              ../../stm32f7xx_library/Debug\libstm32f7xx_library.a(stm32f7xx_hal_timebase_tim_template.o) (HAL_TIM_Base_Init)
../../stm32f7xx_library/Debug\libstm32f7xx_library.a(stm32f7xx_hal_tim_ex.o)
                              ../../stm32f7xx_library/Debug\libstm32f7xx_library.a(stm32f7xx_hal_tim.o) (TIMEx_DMACommutationCplt)
../../fx/Debug\libfx.a(fx_ram_driver.o)
                              sample_filex_ram_disk.o (_fx_ram_driver)
../../fx/Debug\libfx.a(fx_system_initialize.o)
                              sample_filex_ram_disk.o (_fx_system_initialize)
../../fx/Debug\libfx.a(fx_system_timer_entry.o)
                              ../../fx/Debug\libfx.a(fx_system_initialize.o) (_fx_system_timer_entry)
../../fx/Debug\libfx.a(fx_utility_16_unsigned_read.o)
                              ../../fx/Debug\libfx.a(fx_ram_driver.o) (_fx_utility_16_unsigned_read)
../../fx/Debug\libfx.a(fx_utility_memory_copy.o)
                              ../../fx/Debug\libfx.a(fx_ram_driver.o) (_fx_utility_memory_copy)
../../fx/Debug\libfx.a(fxe_file_close.o)
                              sample_filex_ram_disk.o (_fxe_file_close)
../../fx/Debug\libfx.a(fxe_file_create.o)
                              sample_filex_ram_disk.o (_fxe_file_create)
../../fx/Debug\libfx.a(fxe_file_open.o)
                              sample_filex_ram_disk.o (_fxe_file_open)
../../fx/Debug\libfx.a(fxe_file_read.o)
                              sample_filex_ram_disk.o (_fxe_file_read)
../../fx/Debug\libfx.a(fxe_file_seek.o)
                              sample_filex_ram_disk.o (_fxe_file_seek)
../../fx/Debug\libfx.a(fxe_file_write.o)
                              sample_filex_ram_disk.o (_fxe_file_write)
../../fx/Debug\libfx.a(fxe_media_close.o)
                              sample_filex_ram_disk.o (_fxe_media_close)
../../fx/Debug\libfx.a(fxe_media_format.o)
                              sample_filex_ram_disk.o (_fxe_media_format)
../../fx/Debug\libfx.a(fxe_media_open.o)
                              sample_filex_ram_disk.o (_fxe_media_open)
../../fx/Debug\libfx.a(fx_file_close.o)
                              ../../fx/Debug\libfx.a(fxe_file_close.o) (_fx_file_close)
../../fx/Debug\libfx.a(fx_file_create.o)
                              ../../fx/Debug\libfx.a(fxe_file_create.o) (_fx_file_create)
../../fx/Debug\libfx.a(fx_file_open.o)
                              ../../fx/Debug\libfx.a(fxe_file_open.o) (_fx_file_open)
../../fx/Debug\libfx.a(fx_file_read.o)
                              ../../fx/Debug\libfx.a(fxe_file_read.o) (_fx_file_read)
../../fx/Debug\libfx.a(fx_file_seek.o)
                              ../../fx/Debug\libfx.a(fxe_file_seek.o) (_fx_file_seek)
[...]
Memory Configuration

Name             Origin             Length             Attributes
RAM              0x0000000020000000 0x0000000000050000 xrw
ROM              0x0000000008000000 0x0000000000100000 xr
SD_RAM           0x00000000c0000000 0x0000000000800000 xrw
*default*        0x0000000000000000 0xffffffffffffffff

Linker script and memory map

LOAD c:/st/stm32cubeide_1.3.0/stm32cubeide/plugins/com.st.stm32cube.ide.mcu.externaltools.gnu-tools-for-stm32.7-2018-q2-update.win32_1.0.0.201904181610/tools/bin/../lib/gcc/arm-none-eabi/7.3.1/thumb/v7e-m/fpv4-sp/hard/crti.o
LOAD c:/st/stm32cubeide_1.3.0/stm32cubeide/plugins/com.st.stm32cube.ide.mcu.externaltools.gnu-tools-for-stm32.7-2018-q2-update.win32_1.0.0.201904181610/tools/bin/../lib/gcc/arm-none-eabi/7.3.1/thumb/v7e-m/fpv4-sp/hard/crtbegin.o
LOAD c:/st/stm32cubeide_1.3.0/stm32cubeide/plugins/com.st.stm32cube.ide.mcu.externaltools.gnu-tools-for-stm32.7-2018-q2-update.win32_1.0.0.201904181610/tools/bin/../lib/gcc/arm-none-eabi/7.3.1/../../../../arm-none-eabi/lib/thumb/v7e-m/fpv4-sp/hard/crt0.o
LOAD common_hardware_code.o
LOAD sample_filex_ram_disk.o
LOAD startup_stm32f746nghx.o
LOAD ../../stm32f7xx_library/Debug\libstm32f7xx_library.a
LOAD ../../fx/Debug\libfx.a
LOAD ../../tx/Debug\libtx.a
START GROUP
LOAD c:/st/stm32cubeide_1.3.0/stm32cubeide/plugins/com.st.stm32cube.ide.mcu.externaltools.gnu-tools-for-stm32.7-2018-q2-update.win32_1.0.0.201904181610/tools/bin/../lib/gcc/arm-none-eabi/7.3.1/../../../../arm-none-eabi/lib/thumb/v7e-m/fpv4-sp/hard\libc_nano.a
LOAD c:/st/stm32cubeide_1.3.0/stm32cubeide/plugins/com.st.stm32cube.ide.mcu.externaltools.gnu-tools-for-stm32.7-2018-q2-update.win32_1.0.0.201904181610/tools/bin/../lib/gcc/arm-none-eabi/7.3.1/../../../../arm-none-eabi/lib/thumb/v7e-m/fpv4-sp/hard\libm.a
END GROUP
START GROUP
LOAD c:/st/stm32cubeide_1.3.0/stm32cubeide/plugins/com.st.stm32cube.ide.mcu.externaltools.gnu-tools-for-stm32.7-2018-q2-update.win32_1.0.0.201904181610/tools/bin/../lib/gcc/arm-none-eabi/7.3.1/thumb/v7e-m/fpv4-sp/hard\libgcc.a
LOAD c:/st/stm32cubeide_1.3.0/stm32cubeide/plugins/com.st.stm32cube.ide.mcu.externaltools.gnu-tools-for-stm32.7-2018-q2-update.win32_1.0.0.201904181610/tools/bin/../lib/gcc/arm-none-eabi/7.3.1/../../../../arm-none-eabi/lib/thumb/v7e-m/fpv4-sp/hard\libc_nano.a
END GROUP
START GROUP
LOAD c:/st/stm32cubeide_1.3.0/stm32cubeide/plugins/com.st.stm32cube.ide.mcu.externaltools.gnu-tools-for-stm32.7-2018-q2-update.win32_1.0.0.201904181610/tools/bin/../lib/gcc/arm-none-eabi/7.3.1/thumb/v7e-m/fpv4-sp/hard\libgcc.a
LOAD c:/st/stm32cubeide_1.3.0/stm32cubeide/plugins/com.st.stm32cube.ide.mcu.externaltools.gnu-tools-for-stm32.7-2018-q2-update.win32_1.0.0.201904181610/tools/bin/../lib/gcc/arm-none-eabi/7.3.1/../../../../arm-none-eabi/lib/thumb/v7e-m/fpv4-sp/hard\libc_nano.a
LOAD c:/st/stm32cubeide_1.3.0/stm32cubeide/plugins/com.st.stm32cube.ide.mcu.externaltools.gnu-tools-for-stm32.7-2018-q2-update.win32_1.0.0.201904181610/tools/bin/../lib/gcc/arm-none-eabi/7.3.1/../../../../arm-none-eabi/lib/thumb/v7e-m/fpv4-sp/hard\libnosys.a
END GROUP
START GROUP
LOAD c:/st/stm32cubeide_1.3.0/stm32cubeide/plugins/com.st.stm32cube.ide.mcu.externaltools.gnu-tools-for-stm32.7-2018-q2-update.win32_1.0.0.201904181610/tools/bin/../lib/gcc/arm-none-eabi/7.3.1/thumb/v7e-m/fpv4-sp/hard\libgcc.a
LOAD c:/st/stm32cubeide_1.3.0/stm32cubeide/plugins/com.st.stm32cube.ide.mcu.externaltools.gnu-tools-for-stm32.7-2018-q2-update.win32_1.0.0.201904181610/tools/bin/../lib/gcc/arm-none-eabi/7.3.1/../../../../arm-none-eabi/lib/thumb/v7e-m/fpv4-sp/hard\libc_nano.a
LOAD c:/st/stm32cubeide_1.3.0/stm32cubeide/plugins/com.st.stm32cube.ide.mcu.externaltools.gnu-tools-for-stm32.7-2018-q2-update.win32_1.0.0.201904181610/tools/bin/../lib/gcc/arm-none-eabi/7.3.1/../../../../arm-none-eabi/lib/thumb/v7e-m/fpv4-sp/hard\libnosys.a
END GROUP
LOAD c:/st/stm32cubeide_1.3.0/stm32cubeide/plugins/com.st.stm32cube.ide.mcu.externaltools.gnu-tools-for-stm32.7-2018-q2-update.win32_1.0.0.201904181610/tools/bin/../lib/gcc/arm-none-eabi/7.3.1/thumb/v7e-m/fpv4-sp/hard/crtend.o
LOAD c:/st/stm32cubeide_1.3.0/stm32cubeide/plugins/com.st.stm32cube.ide.mcu.externaltools.gnu-tools-for-stm32.7-2018-q2-update.win32_1.0.0.201904181610/tools/bin/../lib/gcc/arm-none-eabi/7.3.1/thumb/v7e-m/fpv4-sp/hard/crtn.o
                0x0000000020050000                _estack = (ORIGIN (RAM) + LENGTH (RAM))
                0x0000000000000200                _Min_Heap_Size = 0x200
                0x0000000000000400                _Min_Stack_Size = 0x400

.isr_vector     0x0000000008000000      0x1c8
                0x0000000008000000                . = ALIGN (0x4)
 *(.isr_vector)
 .isr_vector    0x0000000008000000      0x1c8 startup_stm32f746nghx.o
                0x0000000008000000                g_pfnVectors
                0x0000000008000000                _vectors
                0x00000000080001c8                . = ALIGN (0x4)

.text           0x00000000080001d0     0x9488
                0x00000000080001d0                . = ALIGN (0x4)
 *(.text)
 .text          0x00000000080001d0       0x40 c:/st/stm32cubeide_1.3.0/stm32cubeide/plugins/com.st.stm32cube.ide.mcu.externaltools.gnu-tools-for-stm32.7-2018-q2-update.win32_1.0.0.201904181610/tools/bin/../lib/gcc/arm-none-eabi/7.3.1/thumb/v7e-m/fpv4-sp/hard/crtbegin.o
 .text          0x0000000008000210       0x94 ../../tx/Debug\libtx.a(tx_initialize_low_level.o)
                0x0000000008000210                _tx_initialize_low_level
                0x000000000800025e                __tx_BadHandler
                0x0000000008000262                __tx_HardfaultHandler
                0x0000000008000266                __tx_SVCallHandler
                0x000000000800026a                __tx_IntHandler
                0x0000000008000272                __tx_SysTickHandler
                0x0000000008000272                SysTick_Handler
                0x000000000800027e                __tx_NMIHandler
                0x0000000008000282                __tx_DBGHandler
 *fill*         0x00000000080002a4        0xc 
 .text          0x00000000080002b0       0xa0 ../../tx/Debug\libtx.a(tx_thread_schedule.o)
                0x00000000080002b0                _tx_thread_schedule
                0x00000000080002d0                __tx_PendSVHandler
                0x00000000080002d0                PendSV_Handler
 .text          0x0000000008000350       0xc8 ../../tx/Debug\libtx.a(tx_timer_interrupt.o)
                0x0000000008000350                _tx_timer_interrupt
 *fill*         0x0000000008000418        0x8 
 .text          0x0000000008000420       0x48 ../../tx/Debug\libtx.a(tx_thread_stack_build.o)
                0x0000000008000420                _tx_thread_stack_build
 .text          0x0000000008000468       0x30 c:/st/stm32cubeide_1.3.0/stm32cubeide/plugins/com.st.stm32cube.ide.mcu.externaltools.gnu-tools-for-stm32.7-2018-q2-update.win32_1.0.0.201904181610/tools/bin/../lib/gcc/arm-none-eabi/7.3.1/thumb/v7e-m/fpv4-sp/hard\libgcc.a(_aeabi_uldivmod.o)
                0x0000000008000468                __aeabi_uldivmod
 .text          0x0000000008000498      0x2cc c:/st/stm32cubeide_1.3.0/stm32cubeide/plugins/com.st.stm32cube.ide.mcu.externaltools.gnu-tools-for-stm32.7-2018-q2-update.win32_1.0.0.201904181610/tools/bin/../lib/gcc/arm-none-eabi/7.3.1/thumb/v7e-m/fpv4-sp/hard\libgcc.a(_udivmoddi4.o)
                0x0000000008000498                __udivmoddi4
 .text          0x0000000008000764        0x4 c:/st/stm32cubeide_1.3.0/stm32cubeide/plugins/com.st.stm32cube.ide.mcu.externaltools.gnu-tools-for-stm32.7-2018-q2-update.win32_1.0.0.201904181610/tools/bin/../lib/gcc/arm-none-eabi/7.3.1/thumb/v7e-m/fpv4-sp/hard\libgcc.a(_dvmd_tls.o)
                0x0000000008000764                __aeabi_idiv0
                0x0000000008000764                __aeabi_ldiv0
 *(.text*)
 .text.SCB_EnableICache
                0x0000000008000768       0x40 common_hardware_code.o
 .text.SCB_EnableDCache
                0x00000000080007a8       0x80 common_hardware_code.o
 .text.hardware_rand_initialize
                0x0000000008000828       0x28 common_hardware_code.o
                0x0000000008000828                hardware_rand_initialize
 .text.HAL_UART_MspInit
                0x0000000008000850      0x128 common_hardware_code.o
                0x0000000008000850                HAL_UART_MspInit
 .text.MX_USART1_UART_Init
                0x0000000008000978       0x5c common_hardware_code.o
 .text.SystemClock_Config
                0x00000000080009d4       0x9a common_hardware_code.o
 *fill*         0x0000000008000a6e        0x2 
 .text.MPU_Config
                0x0000000008000a70       0x88 common_hardware_code.o
 .text.CPU_CACHE_Enable
                0x0000000008000af8       0x10 common_hardware_code.o
 .text.hardware_setup
                0x0000000008000b08       0x24 common_hardware_code.o
                0x0000000008000b08                hardware_setup
 .text.main     0x0000000008000b2c       0x1c sample_filex_ram_disk.o
                0x0000000008000b2c                main
 .text.tx_application_define
                0x0000000008000b48       0x60 sample_filex_ram_disk.o
                0x0000000008000b48                tx_application_define
 .text.thread_0_entry
                0x0000000008000ba8      0x164 sample_filex_ram_disk.o
                0x0000000008000ba8                thread_0_entry
 .text.Reset_Handler
                0x0000000008000d0c       0x50 startup_stm32f746nghx.o
                0x0000000008000d0c                Reset_Handler
 .text.Default_Handler
                0x0000000008000d5c        0xa startup_stm32f746nghx.o
                0x0000000008000d5c                HASH_RNG_IRQHandler
                0x0000000008000d5c                EXTI2_IRQHandler
                0x0000000008000d5c                TIM8_CC_IRQHandler
                0x0000000008000d5c                DebugMon_Handler
                0x0000000008000d5c                UART8_IRQHandler
                0x0000000008000d5c                SPI4_IRQHandler
                0x0000000008000d5c                TIM1_CC_IRQHandler
                0x0000000008000d5c                QuadSPI_IRQHandler
                0x0000000008000d5c                DMA2_Stream5_IRQHandler
                0x0000000008000d5c                DMA1_Stream5_IRQHandler
                0x0000000008000d5c                PVD_IRQHandler
                0x0000000008000d5c                TAMP_STAMP_IRQHandler
                0x0000000008000d5c                NMI_Handler
                0x0000000008000d5c                CAN2_RX1_IRQHandler
                0x0000000008000d5c                EXTI3_IRQHandler
                0x0000000008000d5c                TIM8_TRG_COM_TIM14_IRQHandler
                0x0000000008000d5c                TIM1_UP_TIM10_IRQHandler
                0x0000000008000d5c                TIM8_UP_TIM13_IRQHandler
                0x0000000008000d5c                I2C3_ER_IRQHandler
                0x0000000008000d5c                LCD_TFT_IRQHandler
                0x0000000008000d5c                EXTI0_IRQHandler
                0x0000000008000d5c                I2C2_EV_IRQHandler
                0x0000000008000d5c                DMA1_Stream2_IRQHandler
                0x0000000008000d5c                CAN1_RX0_IRQHandler
                0x0000000008000d5c                FPU_IRQHandler
                0x0000000008000d5c                OTG_HS_WKUP_IRQHandler
                0x0000000008000d5c                LTDC_ER_IRQHandler
                0x0000000008000d5c                CAN2_SCE_IRQHandler
                0x0000000008000d5c                DMA2_Stream2_IRQHandler
                0x0000000008000d5c                SPI1_IRQHandler
                0x0000000008000d5c                TIM1_BRK_TIM9_IRQHandler
                0x0000000008000d5c                DCMI_IRQHandler
                0x0000000008000d5c                CAN2_RX0_IRQHandler
                0x0000000008000d5c                DMA2_Stream3_IRQHandler
                0x0000000008000d5c                RTC_ALARM_IRQHandler
                0x0000000008000d5c                SAI2_IRQHandler
                0x0000000008000d5c                USART6_IRQHandler
                0x0000000008000d5c                USART3_IRQHandler
                0x0000000008000d5c                CRYP_IRQHandler
                0x0000000008000d5c                CAN1_RX1_IRQHandler
                0x0000000008000d5c                UART5_IRQHandler
                0x0000000008000d5c                DMA2_Stream0_IRQHandler
                0x0000000008000d5c                TIM4_IRQHandler
                0x0000000008000d5c                I2C1_EV_IRQHandler
                0x0000000008000d5c                HDMI_CEC_IRQHandler
                0x0000000008000d5c                DMA1_Stream6_IRQHandler
                0x0000000008000d5c                DMA1_Stream1_IRQHandler
                0x0000000008000d5c                UART4_IRQHandler
                0x0000000008000d5c                TIM3_IRQHandler
                0x0000000008000d5c                RCC_IRQHandler
                0x0000000008000d5c                TIM8_BRK_TIM12_IRQHandler
                0x0000000008000d5c                Default_Handler
                0x0000000008000d5c                EXTI15_10_IRQHandler
                0x0000000008000d5c                ADC_IRQHandler
                0x0000000008000d5c                DMA1_Stream7_IRQHandler
                0x0000000008000d5c                SPI5_IRQHandler
                0x0000000008000d5c                LPTimer1_IRQHandler
                0x0000000008000d5c                TIM7_IRQHandler
                0x0000000008000d5c                SDMMC1_IRQHandler
                0x0000000008000d5c                CAN2_TX_IRQHandler
                0x0000000008000d5c                TIM5_IRQHandler
                0x0000000008000d5c                DMA2_Stream7_IRQHandler
                0x0000000008000d5c                I2C3_EV_IRQHandler
                0x0000000008000d5c                EXTI9_5_IRQHandler
                0x0000000008000d5c                RTC_WKUP_IRQHandler
                0x0000000008000d5c                ETH_WKUP_IRQHandler
                0x0000000008000d5c                SPI2_IRQHandler
                0x0000000008000d5c                OTG_HS_EP1_IN_IRQHandler
                0x0000000008000d5c                DMA1_Stream0_IRQHandler
                0x0000000008000d5c                CAN1_TX_IRQHandler
                0x0000000008000d5c                SVC_Handler
                0x0000000008000d5c                EXTI4_IRQHandler
                0x0000000008000d5c                ETH_IRQHandler
                0x0000000008000d5c                OTG_HS_EP1_OUT_IRQHandler
                0x0000000008000d5c                WWDG_IRQHandler
                0x0000000008000d5c                SPI6_IRQHandler
                0x0000000008000d5c                I2C4_EV_IRQHandler
                0x0000000008000d5c                TIM2_IRQHandler
                0x0000000008000d5c                OTG_FS_WKUP_IRQHandler
                0x0000000008000d5c                TIM1_TRG_COM_TIM11_IRQHandler
                0x0000000008000d5c                OTG_HS_IRQHandler
                0x0000000008000d5c                DMA2D_IRQHandler
                0x0000000008000d5c                EXTI1_IRQHandler
                0x0000000008000d5c                UART7_IRQHandler
                0x0000000008000d5c                USART2_IRQHandler
                0x0000000008000d5c                I2C2_ER_IRQHandler
                0x0000000008000d5c                SPDIFRX_IRQHandler
                0x0000000008000d5c                DMA2_Stream1_IRQHandler
                0x0000000008000d5c                CAN1_SCE_IRQHandler
                0x0000000008000d5c                FLASH_IRQHandler
                0x0000000008000d5c                DMA2_Stream4_IRQHandler
                0x0000000008000d5c                USART1_IRQHandler
                0x0000000008000d5c                OTG_FS_IRQHandler
                0x0000000008000d5c                SPI3_IRQHandler
                0x0000000008000d5c                DMA1_Stream4_IRQHandler
                0x0000000008000d5c                I2C1_ER_IRQHandler
                0x0000000008000d5c                FMC_IRQHandler
                0x0000000008000d5c                I2C4_ER_IRQHandler
                0x0000000008000d5c                DMA2_Stream6_IRQHandler
                0x0000000008000d5c                SAI1_IRQHandler
                0x0000000008000d5c                DMA1_Stream3_IRQHandler
 *fill*         0x0000000008000d66        0x2 
 .text.BSP_SDRAM_MspInit
                0x0000000008000d68      0x174 ../../stm32f7xx_library/Debug\libstm32f7xx_library.a(stm32746g_discovery_sdram.o)
                0x0000000008000d68                BSP_SDRAM_MspInit
 .text.BSP_SDRAM_Init
                0x0000000008000edc      0x110 ../../stm32f7xx_library/Debug\libstm32f7xx_library.a(stm32746g_discovery_sdram.o)
                0x0000000008000edc                BSP_SDRAM_Init
 .text.HAL_MspInit
                0x0000000008000fec        0x4 ../../stm32f7xx_library/Debug\libstm32f7xx_library.a(stm32f7xx_hal.o)
                0x0000000008000fec                HAL_MspInit
 .text.HAL_Init
                0x0000000008000ff0       0x24 ../../stm32f7xx_library/Debug\libstm32f7xx_library.a(stm32f7xx_hal.o)
                0x0000000008000ff0                HAL_Init
 .text.HAL_IncTick
                0x0000000008001014       0x18 ../../stm32f7xx_library/Debug\libstm32f7xx_library.a(stm32f7xx_hal.o)
                0x0000000008001014                HAL_IncTick
 .text.HAL_GetTick
                0x000000000800102c        0xc ../../stm32f7xx_library/Debug\libstm32f7xx_library.a(stm32f7xx_hal.o)
                0x000000000800102c                HAL_GetTick
 .text.HAL_Delay
                0x0000000008001038       0x24 ../../stm32f7xx_library/Debug\libstm32f7xx_library.a(stm32f7xx_hal.o)
                0x0000000008001038                HAL_Delay
 .text.HAL_NVIC_SetPriorityGrouping
                0x000000000800105c       0x28 ../../stm32f7xx_library/Debug\libstm32f7xx_library.a(stm32f7xx_hal_cortex.o)
                0x000000000800105c                HAL_NVIC_SetPriorityGrouping
 .text.HAL_NVIC_SetPriority
                0x0000000008001084       0x6c ../../stm32f7xx_library/Debug\libstm32f7xx_library.a(stm32f7xx_hal_cortex.o)
                0x0000000008001084                HAL_NVIC_SetPriority
 .text.HAL_NVIC_EnableIRQ
                0x00000000080010f0       0x1c ../../stm32f7xx_library/Debug\libstm32f7xx_library.a(stm32f7xx_hal_cortex.o)
                0x00000000080010f0                HAL_NVIC_EnableIRQ
 .text.HAL_MPU_Disable
                0x000000000800110c       0x20 ../../stm32f7xx_library/Debug\libstm32f7xx_library.a(stm32f7xx_hal_cortex.o)
                0x000000000800110c                HAL_MPU_Disable
 .text.HAL_MPU_Enable
                0x000000000800112c       0x24 ../../stm32f7xx_library/Debug\libstm32f7xx_library.a(stm32f7xx_hal_cortex.o)
                0x000000000800112c                HAL_MPU_Enable
 .text.HAL_MPU_ConfigRegion
                0x0000000008001150       0x50 ../../stm32f7xx_library/Debug\libstm32f7xx_library.a(stm32f7xx_hal_cortex.o)
                0x0000000008001150                HAL_MPU_ConfigRegion
 .text.HAL_DMA_Init
                0x00000000080011a0      0x138 ../../stm32f7xx_library/Debug\libstm32f7xx_library.a(stm32f7xx_hal_dma.o)
                0x00000000080011a0                HAL_DMA_Init
 .text.HAL_DMA_DeInit
                0x00000000080012d8       0x84 ../../stm32f7xx_library/Debug\libstm32f7xx_library.a(stm32f7xx_hal_dma.o)
                0x00000000080012d8                HAL_DMA_DeInit
 .text.HAL_GPIO_Init
                0x000000000800135c      0x20c ../../stm32f7xx_library/Debug\libstm32f7xx_library.a(stm32f7xx_hal_gpio.o)
                0x000000000800135c                HAL_GPIO_Init
 .text.HAL_PWREx_EnableOverDrive
                0x0000000008001568       0x78 ../../stm32f7xx_library/Debug\libstm32f7xx_library.a(stm32f7xx_hal_pwr_ex.o)
                0x0000000008001568                HAL_PWREx_EnableOverDrive
 .text.HAL_RCC_OscConfig
                0x00000000080015e0      0x3f4 ../../stm32f7xx_library/Debug\libstm32f7xx_library.a(stm32f7xx_hal_rcc.o)
                0x00000000080015e0                HAL_RCC_OscConfig
 .text.HAL_RCC_ClockConfig
                0x00000000080019d4      0x198 ../../stm32f7xx_library/Debug\libstm32f7xx_library.a(stm32f7xx_hal_rcc.o)
                0x00000000080019d4                HAL_RCC_ClockConfig
 .text.HAL_RCC_GetSysClockFreq
                0x0000000008001b6c       0x68 ../../stm32f7xx_library/Debug\libstm32f7xx_library.a(stm32f7xx_hal_rcc.o)
                0x0000000008001b6c                HAL_RCC_GetSysClockFreq
 .text.HAL_RCC_GetPCLK1Freq
                0x0000000008001bd4       0x20 ../../stm32f7xx_library/Debug\libstm32f7xx_library.a(stm32f7xx_hal_rcc.o)
                0x0000000008001bd4                HAL_RCC_GetPCLK1Freq
 .text.HAL_RCC_GetPCLK2Freq
                0x0000000008001bf4       0x20 ../../stm32f7xx_library/Debug\libstm32f7xx_library.a(stm32f7xx_hal_rcc.o)
                0x0000000008001bf4                HAL_RCC_GetPCLK2Freq
 .text.HAL_RCC_GetClockConfig
                0x0000000008001c14       0x44 ../../stm32f7xx_library/Debug\libstm32f7xx_library.a(stm32f7xx_hal_rcc.o)
                0x0000000008001c14                HAL_RCC_GetClockConfig
 .text.HAL_SDRAM_MspInit
                0x0000000008001c58        0x4 ../../stm32f7xx_library/Debug\libstm32f7xx_library.a(stm32f7xx_hal_sdram.o)
                0x0000000008001c58                HAL_SDRAM_MspInit
 .text.HAL_SDRAM_Init
                0x0000000008001c5c       0x44 ../../stm32f7xx_library/Debug\libstm32f7xx_library.a(stm32f7xx_hal_sdram.o)
                0x0000000008001c5c                HAL_SDRAM_Init
 .text.HAL_SDRAM_SendCommand
                0x0000000008001ca0       0x34 ../../stm32f7xx_library/Debug\libstm32f7xx_library.a(stm32f7xx_hal_sdram.o)
                0x0000000008001ca0                HAL_SDRAM_SendCommand
 .text.HAL_SDRAM_ProgramRefreshRate
                0x0000000008001cd4       0x28 ../../stm32f7xx_library/Debug\libstm32f7xx_library.a(stm32f7xx_hal_sdram.o)
                0x0000000008001cd4                HAL_SDRAM_ProgramRefreshRate
 .text.HAL_InitTick
                0x0000000008001cfc       0x88 ../../stm32f7xx_library/Debug\libstm32f7xx_library.a(stm32f7xx_hal_timebase_tim_template.o)
                0x0000000008001cfc                HAL_InitTick
 .text.HAL_TIM_PeriodElapsedCallback
                0x0000000008001d84        0x4 ../../stm32f7xx_library/Debug\libstm32f7xx_library.a(stm32f7xx_hal_timebase_tim_template.o)
                0x0000000008001d84                HAL_TIM_PeriodElapsedCallback
 .text.TIM6_DAC_IRQHandler
                0x0000000008001d88        0xc ../../stm32f7xx_library/Debug\libstm32f7xx_library.a(stm32f7xx_hal_timebase_tim_template.o)
                0x0000000008001d88                TIM6_DAC_IRQHandler
 .text.UART_AdvFeatureConfig
                0x0000000008001d94       0xb0 ../../stm32f7xx_library/Debug\libstm32f7xx_library.a(stm32f7xx_hal_uart.o)
                0x0000000008001d94                UART_AdvFeatureConfig
 .text.HAL_UART_Init
                0x0000000008001e44      0x3e4 ../../stm32f7xx_library/Debug\libstm32f7xx_library.a(stm32f7xx_hal_uart.o)
                0x0000000008001e44                HAL_UART_Init
 .text.FMC_SDRAM_Init
                0x0000000008002228       0x7c ../../stm32f7xx_library/Debug\libstm32f7xx_library.a(stm32f7xx_ll_fmc.o)
                0x0000000008002228                FMC_SDRAM_Init
 .text.FMC_SDRAM_Timing_Init
                0x00000000080022a4       0xa4 ../../stm32f7xx_library/Debug\libstm32f7xx_library.a(stm32f7xx_ll_fmc.o)
                0x00000000080022a4                FMC_SDRAM_Timing_Init
 .text.FMC_SDRAM_SendCommand
                0x0000000008002348       0x2c ../../stm32f7xx_library/Debug\libstm32f7xx_library.a(stm32f7xx_ll_fmc.o)
                0x0000000008002348                FMC_SDRAM_SendCommand
 .text.FMC_SDRAM_ProgramRefreshRate
                0x0000000008002374       0x10 ../../stm32f7xx_library/Debug\libstm32f7xx_library.a(stm32f7xx_ll_fmc.o)
                0x0000000008002374                FMC_SDRAM_ProgramRefreshRate
 .text.SystemInit
                0x0000000008002384       0x1c ../../stm32f7xx_library/Debug\libstm32f7xx_library.a(system_stm32f7xx.o)
                0x0000000008002384                SystemInit
 .text.HAL_TIM_Base_MspInit
                0x00000000080023a0        0x4 ../../stm32f7xx_library/Debug\libstm32f7xx_library.a(stm32f7xx_hal_tim.o)
                0x00000000080023a0                HAL_TIM_Base_MspInit
 .text.HAL_TIM_Base_Init
                0x00000000080023a4      0x108 ../../stm32f7xx_library/Debug\libstm32f7xx_library.a(stm32f7xx_hal_tim.o)
                0x00000000080023a4                HAL_TIM_Base_Init
 .text.HAL_TIM_Base_Start_IT
                0x00000000080024ac       0x2c ../../stm32f7xx_library/Debug\libstm32f7xx_library.a(stm32f7xx_hal_tim.o)
                0x00000000080024ac                HAL_TIM_Base_Start_IT
 .text.HAL_TIM_OC_DelayElapsedCallback
                0x00000000080024d8        0x4 ../../stm32f7xx_library/Debug\libstm32f7xx_library.a(stm32f7xx_hal_tim.o)
                0x00000000080024d8                HAL_TIM_OC_DelayElapsedCallback
 .text.HAL_TIM_IC_CaptureCallback
                0x00000000080024dc        0x4 ../../stm32f7xx_library/Debug\libstm32f7xx_library.a(stm32f7xx_hal_tim.o)
                0x00000000080024dc                HAL_TIM_IC_CaptureCallback
 .text.HAL_TIM_PWM_PulseFinishedCallback
                0x00000000080024e0        0x4 ../../stm32f7xx_library/Debug\libstm32f7xx_library.a(stm32f7xx_hal_tim.o)
                0x00000000080024e0                HAL_TIM_PWM_PulseFinishedCallback
 .text.HAL_TIM_TriggerCallback
                0x00000000080024e4        0x4 ../../stm32f7xx_library/Debug\libstm32f7xx_library.a(stm32f7xx_hal_tim.o)
                0x00000000080024e4                HAL_TIM_TriggerCallback
 .text.HAL_TIM_IRQHandler
                0x00000000080024e8      0x170 ../../stm32f7xx_library/Debug\libstm32f7xx_library.a(stm32f7xx_hal_tim.o)
                0x00000000080024e8                HAL_TIM_IRQHandler
 .text.HAL_TIMEx_CommutCallback
                0x0000000008002658        0x4 ../../stm32f7xx_library/Debug\libstm32f7xx_library.a(stm32f7xx_hal_tim_ex.o)
                0x0000000008002658                HAL_TIMEx_CommutCallback
 .text.HAL_TIMEx_BreakCallback
                0x000000000800265c        0x4 ../../stm32f7xx_library/Debug\libstm32f7xx_library.a(stm32f7xx_hal_tim_ex.o)
                0x000000000800265c                HAL_TIMEx_BreakCallback
 .text.HAL_TIMEx_Break2Callback
                0x0000000008002660        0x4 ../../stm32f7xx_library/Debug\libstm32f7xx_library.a(stm32f7xx_hal_tim_ex.o)
                0x0000000008002660                HAL_TIMEx_Break2Callback
 .text._fx_ram_driver
                0x0000000008002664       0xd8 ../../fx/Debug\libfx.a(fx_ram_driver.o)
                0x0000000008002664                _fx_ram_driver
 .text._fx_system_initialize
                0x000000000800273c       0xa8 ../../fx/Debug\libfx.a(fx_system_initialize.o)
                0x000000000800273c                _fx_system_initialize
 .text._fx_system_timer_entry
                0x00000000080027e4      0x1b0 ../../fx/Debug\libfx.a(fx_system_timer_entry.o)
                0x00000000080027e4                _fx_system_timer_entry
 .text._fx_utility_16_unsigned_read
                0x0000000008002994        0xc ../../fx/Debug\libfx.a(fx_utility_16_unsigned_read.o)
                0x0000000008002994                _fx_utility_16_unsigned_read
 .text._fx_utility_memory_copy
                0x00000000080029a0        0xc ../../fx/Debug\libfx.a(fx_utility_memory_copy.o)
                0x00000000080029a0                _fx_utility_memory_copy
 .text._fxe_file_close
                0x00000000080029ac       0x34 ../../fx/Debug\libfx.a(fxe_file_close.o)
                0x00000000080029ac                _fxe_file_close
 .text._fxe_file_create
                0x00000000080029e0       0x34 ../../fx/Debug\libfx.a(fxe_file_create.o)
                0x00000000080029e0                _fxe_file_create
 .text._fxe_file_open
                0x0000000008002a14       0xa8 ../../fx/Debug\libfx.a(fxe_file_open.o)
                0x0000000008002a14                _fxe_file_open
 .text._fxe_file_read
                0x0000000008002abc       0x48 ../../fx/Debug\libfx.a(fxe_file_read.o)
                0x0000000008002abc                _fxe_file_read
 .text._fxe_file_seek
                0x0000000008002b04       0x34 ../../fx/Debug\libfx.a(fxe_file_seek.o)
                0x0000000008002b04                _fxe_file_seek
 .text._fxe_file_write
                0x0000000008002b38       0x40 ../../fx/Debug\libfx.a(fxe_file_write.o)
                0x0000000008002b38                _fxe_file_write
 .text._fxe_media_close
                0x0000000008002b78       0x34 ../../fx/Debug\libfx.a(fxe_media_close.o)
                0x0000000008002b78                _fxe_media_close
 .text._fxe_media_format
                0x0000000008002bac       0x48 ../../fx/Debug\libfx.a(fxe_media_format.o)
                0x0000000008002bac                _fxe_media_format
 .text._fxe_media_open
                0x0000000008002bf4       0xf0 ../../fx/Debug\libfx.a(fxe_media_open.o)
                0x0000000008002bf4                _fxe_media_open
 .text._fx_file_close
                0x0000000008002ce4       0xdc ../../fx/Debug\libfx.a(fx_file_close.o)
                0x0000000008002ce4                _fx_file_close
 .text._fx_file_create
                0x0000000008002dc0      0x138 ../../fx/Debug\libfx.a(fx_file_create.o)
                0x0000000008002dc0                _fx_file_create
 .text._fx_file_open
                0x0000000008002ef8      0x47c ../../fx/Debug\libfx.a(fx_file_open.o)
                0x0000000008002ef8                _fx_file_open
 .text._fx_file_read
                0x0000000008003374      0x314 ../../fx/Debug\libfx.a(fx_file_read.o)
                0x0000000008003374                _fx_file_read
 .text._fx_file_seek
                0x0000000008003688        0x8 ../../fx/Debug\libfx.a(fx_file_seek.o)
                0x0000000008003688                _fx_file_seek
 .text._fx_file_write
                0x0000000008003690      0x5a8 ../../fx/Debug\libfx.a(fx_file_write.o)
                0x0000000008003690                _fx_file_write
 .text._fx_media_close
                0x0000000008003c38      0x24c ../../fx/Debug\libfx.a(fx_media_close.o)
                0x0000000008003c38                _fx_media_close
 .text._fx_media_format
                0x0000000008003e84      0x5ac ../../fx/Debug\libfx.a(fx_media_format.o)
                0x0000000008003e84                _fx_media_format
 .text._fx_media_open
                0x0000000008004430      0x72c ../../fx/Debug\libfx.a(fx_media_open.o)
                0x0000000008004430                _fx_media_open
 .text._fx_utility_16_unsigned_write
                0x0000000008004b5c        0x8 ../../fx/Debug\libfx.a(fx_utility_16_unsigned_write.o)
                0x0000000008004b5c                _fx_utility_16_unsigned_write
 .text._fx_utility_32_unsigned_read
                0x0000000008004b64       0x18 ../../fx/Debug\libfx.a(fx_utility_32_unsigned_read.o)
                0x0000000008004b64                _fx_utility_32_unsigned_read
 .text._fx_utility_32_unsigned_write
                0x0000000008004b7c       0x10 ../../fx/Debug\libfx.a(fx_utility_32_unsigned_write.o)
                0x0000000008004b7c                _fx_utility_32_unsigned_write
 .text._fx_utility_FAT_entry_read
                0x0000000008004b8c      0x2c0 ../../fx/Debug\libfx.a(fx_utility_FAT_entry_read.o)
                0x0000000008004b8c                _fx_utility_FAT_entry_read
 .text._fx_utility_FAT_entry_write
                0x0000000008004e4c      0x114 ../../fx/Debug\libfx.a(fx_utility_FAT_entry_write.o)
                0x0000000008004e4c                _fx_utility_FAT_entry_write
 .text._fx_utility_FAT_flush
                0x0000000008004f60      0x2f8 ../../fx/Debug\libfx.a(fx_utility_FAT_flush.o)
                0x0000000008004f60                _fx_utility_FAT_flush
 .text._fx_utility_FAT_map_flush
                0x0000000008005258       0xf4 ../../fx/Debug\libfx.a(fx_utility_FAT_map_flush.o)
                0x0000000008005258                _fx_utility_FAT_map_flush
 .text._fx_utility_logical_sector_flush
                0x000000000800534c      0x648 ../../fx/Debug\libfx.a(fx_utility_logical_sector_flush.o)
                0x000000000800534c                _fx_utility_logical_sector_flush
 .text._fx_utility_logical_sector_read
                0x0000000008005994      0x35c ../../fx/Debug\libfx.a(fx_utility_logical_sector_read.o)
                0x0000000008005994                _fx_utility_logical_sector_read
 .text._fx_utility_logical_sector_write
                0x0000000008005cf0      0x1dc ../../fx/Debug\libfx.a(fx_utility_logical_sector_write.o)
                0x0000000008005cf0                _fx_utility_logical_sector_write
 .text._fx_directory_entry_write
                0x0000000008005ecc      0xcfc ../../fx/Debug\libfx.a(fx_directory_entry_write.o)
                0x0000000008005ecc                _fx_directory_entry_write
 .text._fx_directory_free_search
                0x0000000008006bc8      0x510 ../../fx/Debug\libfx.a(fx_directory_free_search.o)
                0x0000000008006bc8                _fx_directory_free_search
 .text._fx_directory_name_extract
                0x00000000080070d8       0x9c ../../fx/Debug\libfx.a(fx_directory_name_extract.o)
                0x00000000080070d8                _fx_directory_name_extract
 .text._fx_directory_search
                0x0000000008007174      0x5a0 ../../fx/Debug\libfx.a(fx_directory_search.o)
                0x0000000008007174                _fx_directory_search
 .text._fx_file_extended_seek
                0x0000000008007714      0x254 ../../fx/Debug\libfx.a(fx_file_extended_seek.o)
                0x0000000008007714                _fx_file_extended_seek
 .text._fx_media_abort
                0x0000000008007968       0xbc ../../fx/Debug\libfx.a(fx_media_abort.o)
                0x0000000008007968                _fx_media_abort
 .text._fx_media_boot_info_extract
                0x0000000008007a24       0xb0 ../../fx/Debug\libfx.a(fx_media_boot_info_extract.o)
                0x0000000008007a24                _fx_media_boot_info_extract
 .text._fx_utility_logical_sector_cache_entry_read
                0x0000000008007ad4      0x33c ../../fx/Debug\libfx.a(fx_utility_logical_sector_cache_entry_read.o)
                0x0000000008007ad4                _fx_utility_logical_sector_cache_entry_read
 .text._fx_directory_entry_read
                0x0000000008007e10      0x5bc ../../fx/Debug\libfx.a(fx_directory_entry_read.o)
                0x0000000008007e10                _fx_directory_entry_read
 .text._tx_initialize_kernel_enter
                0x00000000080083cc       0x48 ../../tx/Debug\libtx.a(tx_initialize_kernel_enter.o)
                0x00000000080083cc                _tx_initialize_kernel_enter
 .text._tx_mutex_create
                0x0000000008008414       0x60 ../../tx/Debug\libtx.a(tx_mutex_create.o)
                0x0000000008008414                _tx_mutex_create
 .text._tx_mutex_delete
                0x0000000008008474       0xb4 ../../tx/Debug\libtx.a(tx_mutex_delete.o)
                0x0000000008008474                _tx_mutex_delete
 .text._tx_mutex_get
                0x0000000008008528      0x104 ../../tx/Debug\libtx.a(tx_mutex_get.o)
                0x0000000008008528                _tx_mutex_get
 .text._tx_mutex_priority_change
                0x000000000800862c       0xd0 ../../tx/Debug\libtx.a(tx_mutex_priority_change.o)
                0x000000000800862c                _tx_mutex_priority_change
 .text._tx_mutex_put
                0x00000000080086fc      0x214 ../../tx/Debug\libtx.a(tx_mutex_put.o)
                0x00000000080086fc                _tx_mutex_put
 .text._tx_thread_identify
                0x0000000008008910       0x14 ../../tx/Debug\libtx.a(tx_thread_identify.o)
                0x0000000008008910                _tx_thread_identify
 .text._tx_thread_initialize
                0x0000000008008924       0x70 ../../tx/Debug\libtx.a(tx_thread_initialize.o)
                0x0000000008008924                _tx_thread_initialize
 .text._tx_thread_preemption_change
                0x0000000008008994       0xac ../../tx/Debug\libtx.a(tx_thread_preemption_change.o)
                0x0000000008008994                _tx_thread_preemption_change
 .text._tx_thread_system_preempt_check
                0x0000000008008a40       0x3c ../../tx/Debug\libtx.a(tx_thread_system_preempt_check.o)
                0x0000000008008a40                _tx_thread_system_preempt_check
 .text._tx_thread_system_resume
                0x0000000008008a7c      0x10c ../../tx/Debug\libtx.a(tx_thread_system_resume.o)
                0x0000000008008a7c                _tx_thread_system_resume
 .text._tx_thread_system_suspend
                0x0000000008008b88      0x188 ../../tx/Debug\libtx.a(tx_thread_system_suspend.o)
                0x0000000008008b88                _tx_thread_system_suspend
 .text._tx_timer_create
                0x0000000008008d10       0x7c ../../tx/Debug\libtx.a(tx_timer_create.o)
                0x0000000008008d10                _tx_timer_create
 .text._tx_timer_initialize
                0x0000000008008d8c       0xec ../../tx/Debug\libtx.a(tx_timer_initialize.o)
                0x0000000008008d8c                _tx_timer_initialize
 .text._tx_timer_system_activate
                0x0000000008008e78       0x54 ../../tx/Debug\libtx.a(tx_timer_system_activate.o)
                0x0000000008008e78                _tx_timer_system_activate
 .text._tx_timer_system_deactivate
                0x0000000008008ecc       0x30 ../../tx/Debug\libtx.a(tx_timer_system_deactivate.o)
                0x0000000008008ecc                _tx_timer_system_deactivate
 .text._tx_timer_thread_entry
                0x0000000008008efc      0x124 ../../tx/Debug\libtx.a(tx_timer_thread_entry.o)
                0x0000000008008efc                _tx_timer_thread_entry
 .text._txe_thread_create
                0x0000000008009020      0x170 ../../tx/Debug\libtx.a(txe_thread_create.o)
                0x0000000008009020                _txe_thread_create
 .text._tx_initialize_high_level
                0x0000000008009190       0x70 ../../tx/Debug\libtx.a(tx_initialize_high_level.o)
                0x0000000008009190                _tx_initialize_high_level
 .text._tx_mutex_cleanup
                0x0000000008009200       0x80 ../../tx/Debug\libtx.a(tx_mutex_cleanup.o)
                0x0000000008009200                _tx_mutex_cleanup
 .text._tx_mutex_thread_release
                0x0000000008009280       0x44 ../../tx/Debug\libtx.a(tx_mutex_cleanup.o)
                0x0000000008009280                _tx_mutex_thread_release
 .text._tx_mutex_prioritize
                0x00000000080092c4       0xa4 ../../tx/Debug\libtx.a(tx_mutex_prioritize.o)
                0x00000000080092c4                _tx_mutex_prioritize
 .text._tx_thread_create
                0x0000000008009368      0x12c ../../tx/Debug\libtx.a(tx_thread_create.o)
                0x0000000008009368                _tx_thread_create
 .text._tx_thread_shell_entry
                0x0000000008009494       0x68 ../../tx/Debug\libtx.a(tx_thread_shell_entry.o)
                0x0000000008009494                _tx_thread_shell_entry
 .text._tx_thread_time_slice
                0x00000000080094fc       0x74 ../../tx/Debug\libtx.a(tx_thread_time_slice.o)
                0x00000000080094fc                _tx_thread_time_slice
 .text._tx_thread_timeout
                0x0000000008009570       0x40 ../../tx/Debug\libtx.a(tx_thread_timeout.o)
                0x0000000008009570                _tx_thread_timeout
 .text._tx_timer_expiration_process
                0x00000000080095b0       0x20 ../../tx/Debug\libtx.a(tx_timer_expiration_process.o)
                0x00000000080095b0                _tx_timer_expiration_process
 .text.__libc_init_array
                0x00000000080095d0       0x48 c:/st/stm32cubeide_1.3.0/stm32cubeide/plugins/com.st.stm32cube.ide.mcu.externaltools.gnu-tools-for-stm32.7-2018-q2-update.win32_1.0.0.201904181610/tools/bin/../lib/gcc/arm-none-eabi/7.3.1/../../../../arm-none-eabi/lib/thumb/v7e-m/fpv4-sp/hard\libc_nano.a(lib_a-init.o)
                0x00000000080095d0                __libc_init_array
 .text.memcpy   0x0000000008009618       0x16 c:/st/stm32cubeide_1.3.0/stm32cubeide/plugins/com.st.stm32cube.ide.mcu.externaltools.gnu-tools-for-stm32.7-2018-q2-update.win32_1.0.0.201904181610/tools/bin/../lib/gcc/arm-none-eabi/7.3.1/../../../../arm-none-eabi/lib/thumb/v7e-m/fpv4-sp/hard\libc_nano.a(lib_a-memcpy-stub.o)
                0x0000000008009618                memcpy
 .text.memset   0x000000000800962e       0x10 c:/st/stm32cubeide_1.3.0/stm32cubeide/plugins/com.st.stm32cube.ide.mcu.externaltools.gnu-tools-for-stm32.7-2018-q2-update.win32_1.0.0.201904181610/tools/bin/../lib/gcc/arm-none-eabi/7.3.1/../../../../arm-none-eabi/lib/thumb/v7e-m/fpv4-sp/hard\libc_nano.a(lib_a-memset.o)
                0x000000000800962e                memset
 *(.glue_7)
 .glue_7        0x000000000800963e        0x0 linker stubs
 *(.glue_7t)
 .glue_7t       0x000000000800963e        0x0 linker stubs
 *(.eh_frame)
 *fill*         0x000000000800963e        0x2 
 .eh_frame      0x0000000008009640        0x0 c:/st/stm32cubeide_1.3.0/stm32cubeide/plugins/com.st.stm32cube.ide.mcu.externaltools.gnu-tools-for-stm32.7-2018-q2-update.win32_1.0.0.201904181610/tools/bin/../lib/gcc/arm-none-eabi/7.3.1/thumb/v7e-m/fpv4-sp/hard/crtbegin.o
 *(.init)
 .init          0x0000000008009640        0x4 c:/st/stm32cubeide_1.3.0/stm32cubeide/plugins/com.st.stm32cube.ide.mcu.externaltools.gnu-tools-for-stm32.7-2018-q2-update.win32_1.0.0.201904181610/tools/bin/../lib/gcc/arm-none-eabi/7.3.1/thumb/v7e-m/fpv4-sp/hard/crti.o
                0x0000000008009640                _init
 .init          0x0000000008009644        0x8 c:/st/stm32cubeide_1.3.0/stm32cubeide/plugins/com.st.stm32cube.ide.mcu.externaltools.gnu-tools-for-stm32.7-2018-q2-update.win32_1.0.0.201904181610/tools/bin/../lib/gcc/arm-none-eabi/7.3.1/thumb/v7e-m/fpv4-sp/hard/crtn.o
 *(.fini)
 .fini          0x000000000800964c        0x4 c:/st/stm32cubeide_1.3.0/stm32cubeide/plugins/com.st.stm32cube.ide.mcu.externaltools.gnu-tools-for-stm32.7-2018-q2-update.win32_1.0.0.201904181610/tools/bin/../lib/gcc/arm-none-eabi/7.3.1/thumb/v7e-m/fpv4-sp/hard/crti.o
                0x000000000800964c                _fini
 .fini          0x0000000008009650        0x8 c:/st/stm32cubeide_1.3.0/stm32cubeide/plugins/com.st.stm32cube.ide.mcu.externaltools.gnu-tools-for-stm32.7-2018-q2-update.win32_1.0.0.201904181610/tools/bin/../lib/gcc/arm-none-eabi/7.3.1/thumb/v7e-m/fpv4-sp/hard/crtn.o
                0x0000000008009658                . = ALIGN (0x4)
                0x0000000008009658                _etext = .

.vfp11_veneer   0x0000000008009658        0x0
 .vfp11_veneer  0x0000000008009658        0x0 linker stubs

.v4_bx          0x0000000008009658        0x0
 .v4_bx         0x0000000008009658        0x0 linker stubs

.iplt           0x0000000008009658        0x0
 .iplt          0x0000000008009658        0x0 c:/st/stm32cubeide_1.3.0/stm32cubeide/plugins/com.st.stm32cube.ide.mcu.externaltools.gnu-tools-for-stm32.7-2018-q2-update.win32_1.0.0.201904181610/tools/bin/../lib/gcc/arm-none-eabi/7.3.1/thumb/v7e-m/fpv4-sp/hard/crtbegin.o

.rodata         0x0000000008009658       0xc0
                0x0000000008009658                . = ALIGN (0x4)
 *(.rodata)
 .rodata        0x0000000008009658       0x4d sample_filex_ram_disk.o
 *(.rodata*)
 *fill*         0x00000000080096a5        0x3 
 .rodata.flagBitshiftOffset.12446
                0x00000000080096a8        0x8 ../../stm32f7xx_library/Debug\libstm32f7xx_library.a(stm32f7xx_hal_dma.o)
 .rodata.CSWTCH.52
                0x00000000080096b0        0x4 ../../stm32f7xx_library/Debug\libstm32f7xx_library.a(stm32f7xx_hal_uart.o)
 .rodata.CSWTCH.53
                0x00000000080096b4        0xd ../../stm32f7xx_library/Debug\libstm32f7xx_library.a(stm32f7xx_hal_uart.o)
 *fill*         0x00000000080096c1        0x3 
 .rodata.AHBPrescTable
                0x00000000080096c4       0x10 ../../stm32f7xx_library/Debug\libstm32f7xx_library.a(system_stm32f7xx.o)
                0x00000000080096c4                AHBPrescTable
 .rodata.APBPrescTable
                0x00000000080096d4        0x8 ../../stm32f7xx_library/Debug\libstm32f7xx_library.a(system_stm32f7xx.o)
                0x00000000080096d4                APBPrescTable
 .rodata._fx_system_initialize.str1.4
                0x00000000080096dc       0x13 ../../fx/Debug\libfx.a(fx_system_initialize.o)
 *fill*         0x00000000080096ef        0x1 
 .rodata._fx_media_open.str1.4
                0x00000000080096f0       0x12 ../../fx/Debug\libfx.a(fx_media_open.o)
 *fill*         0x0000000008009702        0x2 
 .rodata._tx_timer_initialize.str1.4
                0x0000000008009704       0x14 ../../tx/Debug\libtx.a(tx_timer_initialize.o)
                0x0000000008009718                . = ALIGN (0x4)

.ARM.extab      0x0000000008009718        0x0
                0x0000000008009718                . = ALIGN (0x4)
 *(.ARM.extab* .gnu.linkonce.armextab.*)
                0x0000000008009718                . = ALIGN (0x4)

.ARM            0x0000000008009718        0x8
                0x0000000008009718                . = ALIGN (0x4)
                0x0000000008009718                __exidx_start = .
 *(.ARM.exidx*)
 .ARM.exidx     0x0000000008009718        0x8 c:/st/stm32cubeide_1.3.0/stm32cubeide/plugins/com.st.stm32cube.ide.mcu.externaltools.gnu-tools-for-stm32.7-2018-q2-update.win32_1.0.0.201904181610/tools/bin/../lib/gcc/arm-none-eabi/7.3.1/thumb/v7e-m/fpv4-sp/hard\libgcc.a(_udivmoddi4.o)
                0x0000000008009720                __exidx_end = .
                0x0000000008009720                . = ALIGN (0x4)

.rel.dyn        0x0000000008009720        0x0
 .rel.iplt      0x0000000008009720        0x0 c:/st/stm32cubeide_1.3.0/stm32cubeide/plugins/com.st.stm32cube.ide.mcu.externaltools.gnu-tools-for-stm32.7-2018-q2-update.win32_1.0.0.201904181610/tools/bin/../lib/gcc/arm-none-eabi/7.3.1/thumb/v7e-m/fpv4-sp/hard/crtbegin.o

.preinit_array  0x0000000008009720        0x0
                0x0000000008009720                . = ALIGN (0x4)
                0x0000000008009720                PROVIDE (__preinit_array_start = .)
 *(.preinit_array*)
                0x0000000008009720                PROVIDE (__preinit_array_end = .)
                0x0000000008009720                . = ALIGN (0x4)

.init_array     0x0000000008009720        0x4
                0x0000000008009720                . = ALIGN (0x4)
                0x0000000008009720                PROVIDE (__init_array_start = .)
 *(SORT_BY_NAME(.init_array.*))
 *(.init_array*)
 .init_array    0x0000000008009720        0x4 c:/st/stm32cubeide_1.3.0/stm32cubeide/plugins/com.st.stm32cube.ide.mcu.externaltools.gnu-tools-for-stm32.7-2018-q2-update.win32_1.0.0.201904181610/tools/bin/../lib/gcc/arm-none-eabi/7.3.1/thumb/v7e-m/fpv4-sp/hard/crtbegin.o
                0x0000000008009724                PROVIDE (__init_array_end = .)
                0x0000000008009724                . = ALIGN (0x4)

.fini_array     0x0000000008009724        0x4
                0x0000000008009724                . = ALIGN (0x4)
                [!provide]                        PROVIDE (__fini_array_start = .)
 *(SORT_BY_NAME(.fini_array.*))
 *(.fini_array*)
 .fini_array    0x0000000008009724        0x4 c:/st/stm32cubeide_1.3.0/stm32cubeide/plugins/com.st.stm32cube.ide.mcu.externaltools.gnu-tools-for-stm32.7-2018-q2-update.win32_1.0.0.201904181610/tools/bin/../lib/gcc/arm-none-eabi/7.3.1/thumb/v7e-m/fpv4-sp/hard/crtbegin.o
                [!provide]                        PROVIDE (__fini_array_end = .)
                0x0000000008009728                . = ALIGN (0x4)
                0x0000000008009728                _sidata = LOADADDR (.data)

.ram_start
 *(.RAM_START)

.data           0x0000000020000000       0x80 load address 0x0000000008009728
                0x0000000020000000                . = ALIGN (0x4)
                0x0000000020000000                _sdata = .
 *(.data)
 *(.data*)
 .data.sdramstatus.12362
                0x0000000020000000        0x1 ../../stm32f7xx_library/Debug\libstm32f7xx_library.a(stm32746g_discovery_sdram.o)
 .data.uwTickFreq
                0x0000000020000001        0x1 ../../stm32f7xx_library/Debug\libstm32f7xx_library.a(stm32f7xx_hal.o)
                0x0000000020000001                uwTickFreq
 *fill*         0x0000000020000002        0x2 
 .data.uwTickPrio
                0x0000000020000004        0x4 ../../stm32f7xx_library/Debug\libstm32f7xx_library.a(stm32f7xx_hal.o)
                0x0000000020000004                uwTickPrio
 .data.SystemCoreClock
                0x0000000020000008        0x4 ../../stm32f7xx_library/Debug\libstm32f7xx_library.a(system_stm32f7xx.o)
                0x0000000020000008                SystemCoreClock
 .data._fx_version_id
                0x000000002000000c       0x60 ../../fx/Debug\libfx.a(fx_system_initialize.o)
                0x000000002000000c                _fx_version_id
 .data._fx_media_format_media_type
                0x000000002000006c        0x1 ../../fx/Debug\libfx.a(fx_media_format.o)
                0x000000002000006c                _fx_media_format_media_type
 *fill*         0x000000002000006d        0x3 
 .data._fx_media_format_oem_name
                0x0000000020000070        0x8 ../../fx/Debug\libfx.a(fx_media_format.o)
                0x0000000020000070                _fx_media_format_oem_name
 .data._fx_media_format_volume_id
                0x0000000020000078        0x4 ../../fx/Debug\libfx.a(fx_media_format.o)
                0x0000000020000078                _fx_media_format_volume_id
 .data._tx_thread_system_state
                0x000000002000007c        0x4 ../../tx/Debug\libtx.a(tx_thread_initialize.o)
                0x000000002000007c                _tx_thread_system_state
                0x0000000020000080                . = ALIGN (0x4)
                0x0000000020000080                _edata = .

.igot.plt       0x0000000020000080        0x0 load address 0x00000000080097a8
 .igot.plt      0x0000000020000080        0x0 c:/st/stm32cubeide_1.3.0/stm32cubeide/plugins/com.st.stm32cube.ide.mcu.externaltools.gnu-tools-for-stm32.7-2018-q2-update.win32_1.0.0.201904181610/tools/bin/../lib/gcc/arm-none-eabi/7.3.1/thumb/v7e-m/fpv4-sp/hard/crtbegin.o

.sd_ram
 *(.SD_RAM)
                0x0000000020000080                . = ALIGN (0x4)

.bss            0x0000000020000080     0x31c4
                0x0000000020000080                _sbss = .
                0x0000000020000080                __bss_start__ = _sbss
 *(.bss)
 .bss           0x0000000020000080       0x1c c:/st/stm32cubeide_1.3.0/stm32cubeide/plugins/com.st.stm32cube.ide.mcu.externaltools.gnu-tools-for-stm32.7-2018-q2-update.win32_1.0.0.201904181610/tools/bin/../lib/gcc/arm-none-eabi/7.3.1/thumb/v7e-m/fpv4-sp/hard/crtbegin.o
 *(.bss*)
 .bss.Command   0x000000002000009c       0x10 ../../stm32f7xx_library/Debug\libstm32f7xx_library.a(stm32746g_discovery_sdram.o)
 .bss.Timing    0x00000000200000ac       0x1c ../../stm32f7xx_library/Debug\libstm32f7xx_library.a(stm32746g_discovery_sdram.o)
 .bss.dma_handle.12398
                0x00000000200000c8       0x60 ../../stm32f7xx_library/Debug\libstm32f7xx_library.a(stm32746g_discovery_sdram.o)
 *(COMMON)
 COMMON         0x0000000020000128       0x80 common_hardware_code.o
                0x0000000020000128                huart1
 COMMON         0x00000000200001a8     0x2970 sample_filex_ram_disk.o
                0x00000000200001a8                media_memory
                0x00000000200003a8                thread_0_counter
                0x00000000200003b0                my_file
                0x0000000020000590                ram_disk_memory
                0x0000000020000598                thread_0
                0x0000000020000660                ram_disk
 COMMON         0x0000000020002b18       0x34 ../../stm32f7xx_library/Debug\libstm32f7xx_library.a(stm32746g_discovery_sdram.o)
                0x0000000020002b18                sdramHandle
 COMMON         0x0000000020002b4c        0x4 ../../stm32f7xx_library/Debug\libstm32f7xx_library.a(stm32f7xx_hal.o)
                0x0000000020002b4c                uwTick
 COMMON         0x0000000020002b50       0x40 ../../stm32f7xx_library/Debug\libstm32f7xx_library.a(stm32f7xx_hal_timebase_tim_template.o)
                0x0000000020002b50                TimHandle
 COMMON         0x0000000020002b90       0x50 ../../fx/Debug\libfx.a(fx_system_initialize.o)
                0x0000000020002b90                _fx_system_build_options_2
                0x0000000020002b94                _fx_system_timer
                0x0000000020002bc0                _fx_system_media_max_sector_cache
                0x0000000020002bc4                _fx_system_date
                0x0000000020002bc8                _fx_system_media_opened_count
                0x0000000020002bcc                _fx_system_media_max_fat_cache
                0x0000000020002bd0                _fx_system_media_opened_ptr
                0x0000000020002bd4                _fx_system_build_options_1
                0x0000000020002bd8                _fx_system_build_options_3
                0x0000000020002bdc                _fx_system_time
 COMMON         0x0000000020002be0       0xac ../../tx/Debug\libtx.a(tx_thread_initialize.o)
                0x0000000020002be0                _tx_thread_priority_list
                0x0000000020002c60                _tx_thread_mutex_release
                0x0000000020002c64                _tx_thread_priority_maps
                0x0000000020002c68                _tx_thread_created_ptr
                0x0000000020002c6c                _tx_build_options
                0x0000000020002c70                _tx_thread_created_count
                0x0000000020002c74                _tx_thread_system_stack_ptr
                0x0000000020002c78                _tx_thread_preempt_disable
                0x0000000020002c7c                _tx_thread_current_ptr
                0x0000000020002c80                _tx_thread_execute_ptr
                0x0000000020002c84                _tx_thread_highest_priority
                0x0000000020002c88                _tx_thread_preempted_maps
 *fill*         0x0000000020002c8c        0x4 
 COMMON         0x0000000020002c90      0x580 ../../tx/Debug\libtx.a(tx_timer_initialize.o)
                0x0000000020002c90                _tx_timer_current_ptr
                0x0000000020002c94                _tx_timer_list
                0x0000000020002d14                _tx_timer_expired
                0x0000000020002d18                _tx_timer_time_slice
                0x0000000020002d1c                _tx_timer_priority
                0x0000000020002d20                _tx_timer_list_end
                0x0000000020002d28                _tx_timer_thread
                0x0000000020002df0                _tx_timer_expired_timer_ptr
                0x0000000020002df4                _tx_timer_list_start
                0x0000000020002df8                _tx_timer_created_ptr
                0x0000000020002dfc                _tx_timer_stack_size
                0x0000000020002e00                _tx_timer_thread_stack_area
                0x0000000020003200                _tx_timer_stack_start
                0x0000000020003204                _tx_timer_created_count
                0x0000000020003208                _tx_timer_expired_time_slice
                0x000000002000320c                _tx_timer_system_clock
 COMMON         0x0000000020003210       0x34 ../../tx/Debug\libtx.a(tx_initialize_high_level.o)
                0x0000000020003210                _tx_event_flags_created_ptr
                0x0000000020003214                _tx_mutex_created_count
                0x0000000020003218                _tx_mutex_created_ptr
                0x000000002000321c                _tx_queue_created_count
                0x0000000020003220                _tx_semaphore_created_ptr
                0x0000000020003224                _tx_byte_pool_created_ptr
                0x0000000020003228                _tx_initialize_unused_memory
                0x000000002000322c                _tx_block_pool_created_count
                0x0000000020003230                _tx_semaphore_created_count
                0x0000000020003234                _tx_event_flags_created_count
                0x0000000020003238                _tx_block_pool_created_ptr
                0x000000002000323c                _tx_queue_created_ptr
                0x0000000020003240                _tx_byte_pool_created_count
                0x0000000020003244                . = ALIGN (0x4)
                0x0000000020003244                _ebss = .
                0x0000000020003244                __bss_end__ = _ebss

._user_heap_stack
                0x0000000020003244      0x604
                0x0000000020003248                . = ALIGN (0x8)
 *fill*         0x0000000020003244        0x4 
                [!provide]                        PROVIDE (end = .)
                [!provide]                        PROVIDE (_end = .)
                0x0000000020003448                . = (. + _Min_Heap_Size)
 *fill*         0x0000000020003248      0x200 
                0x0000000020003848                . = (. + _Min_Stack_Size)
 *fill*         0x0000000020003448      0x400 
                0x0000000020003848                . = ALIGN (0x8)
                0x0000000020003848                __RAM_segment_used_end__ = .

/DISCARD/
 libc.a(*)
 libm.a(*)
 libgcc.a(*)

.ARM.attributes
                0x0000000000000000       0x30
 *(.ARM.attributes)
 .ARM.attributes
                0x0000000000000000       0x22 c:/st/stm32cubeide_1.3.0/stm32cubeide/plugins/com.st.stm32cube.ide.mcu.externaltools.gnu-tools-for-stm32.7-2018-q2-update.win32_1.0.0.201904181610/tools/bin/../lib/gcc/arm-none-eabi/7.3.1/thumb/v7e-m/fpv4-sp/hard/crti.o
 .ARM.attributes
                0x0000000000000022       0x34 c:/st/stm32cubeide_1.3.0/stm32cubeide/plugins/com.st.stm32cube.ide.mcu.externaltools.gnu-tools-for-stm32.7-2018-q2-update.win32_1.0.0.201904181610/tools/bin/../lib/gcc/arm-none-eabi/7.3.1/thumb/v7e-m/fpv4-sp/hard/crtbegin.o
 .ARM.attributes
                0x0000000000000056       0x39 common_hardware_code.o
 .ARM.attributes
                0x000000000000008f       0x39 sample_filex_ram_disk.o
 .ARM.attributes
                0x00000000000000c8       0x21 startup_stm32f746nghx.o
 .ARM.attributes
                0x00000000000000e9       0x35 ../../stm32f7xx_library/Debug\libstm32f7xx_library.a(stm32746g_discovery_sdram.o)
 .ARM.attributes
                0x000000000000011e       0x35 ../../stm32f7xx_library/Debug\libstm32f7xx_library.a(stm32f7xx_hal.o)
 .ARM.attributes
                0x0000000000000153       0x35 ../../stm32f7xx_library/Debug\libstm32f7xx_library.a(stm32f7xx_hal_cortex.o)
 .ARM.attributes
                0x0000000000000188       0x35 ../../stm32f7xx_library/Debug\libstm32f7xx_library.a(stm32f7xx_hal_dma.o)
 .ARM.attributes
                0x00000000000001bd       0x35 ../../stm32f7xx_library/Debug\libstm32f7xx_library.a(stm32f7xx_hal_gpio.o)
 .ARM.attributes
                0x00000000000001f2       0x35 ../../stm32f7xx_library/Debug\libstm32f7xx_library.a(stm32f7xx_hal_pwr_ex.o)
 .ARM.attributes
                0x0000000000000227       0x35 ../../stm32f7xx_library/Debug\libstm32f7xx_library.a(stm32f7xx_hal_rcc.o)
 .ARM.attributes
                0x000000000000025c       0x35 ../../stm32f7xx_library/Debug\libstm32f7xx_library.a(stm32f7xx_hal_sdram.o)
 .ARM.attributes
                0x0000000000000291       0x35 ../../stm32f7xx_library/Debug\libstm32f7xx_library.a(stm32f7xx_hal_timebase_tim_template.o)
 .ARM.attributes
                0x00000000000002c6       0x35 ../../stm32f7xx_library/Debug\libstm32f7xx_library.a(stm32f7xx_hal_uart.o)
 .ARM.attributes
                0x00000000000002fb       0x35 ../../stm32f7xx_library/Debug\libstm32f7xx_library.a(stm32f7xx_ll_fmc.o)
 .ARM.attributes
                0x0000000000000330       0x35 ../../stm32f7xx_library/Debug\libstm32f7xx_library.a(system_stm32f7xx.o)
 .ARM.attributes
                0x0000000000000365       0x35 ../../stm32f7xx_library/Debug\libstm32f7xx_library.a(stm32f7xx_hal_tim.o)
 .ARM.attributes
                0x000000000000039a       0x35 ../../stm32f7xx_library/Debug\libstm32f7xx_library.a(stm32f7xx_hal_tim_ex.o)
 .ARM.attributes
                0x00000000000003cf       0x33 ../../fx/Debug\libfx.a(fx_ram_driver.o)
 .ARM.attributes
                0x0000000000000402       0x33 ../../fx/Debug\libfx.a(fx_system_initialize.o)
 .ARM.attributes
                0x0000000000000435       0x33 ../../fx/Debug\libfx.a(fx_system_timer_entry.o)
 .ARM.attributes
                0x0000000000000468       0x33 ../../fx/Debug\libfx.a(fx_utility_16_unsigned_read.o)
 .ARM.attributes
                0x000000000000049b       0x33 ../../fx/Debug\libfx.a(fx_utility_memory_copy.o)
 .ARM.attributes
                0x00000000000004ce       0x33 ../../fx/Debug\libfx.a(fxe_file_close.o)
 .ARM.attributes
                0x0000000000000501       0x33 ../../fx/Debug\libfx.a(fxe_file_create.o)
 .ARM.attributes
                0x0000000000000534       0x33 ../../fx/Debug\libfx.a(fxe_file_open.o)
 .ARM.attributes
                0x0000000000000567       0x33 ../../fx/Debug\libfx.a(fxe_file_read.o)
 .ARM.attributes
                0x000000000000059a       0x33 ../../fx/Debug\libfx.a(fxe_file_seek.o)
 .ARM.attributes
                0x00000000000005cd       0x33 ../../fx/Debug\libfx.a(fxe_file_write.o)
 .ARM.attributes
                0x0000000000000600       0x33 ../../fx/Debug\libfx.a(fxe_media_close.o)
 .ARM.attributes
                0x0000000000000633       0x33 ../../fx/Debug\libfx.a(fxe_media_format.o)
 .ARM.attributes
                0x0000000000000666       0x33 ../../fx/Debug\libfx.a(fxe_media_open.o)
 .ARM.attributes
                0x0000000000000699       0x33 ../../fx/Debug\libfx.a(fx_file_close.o)
 .ARM.attributes
                0x00000000000006cc       0x33 ../../fx/Debug\libfx.a(fx_file_create.o)
 .ARM.attributes
                0x00000000000006ff       0x33 ../../fx/Debug\libfx.a(fx_file_open.o)
 .ARM.attributes
                0x0000000000000732       0x33 ../../fx/Debug\libfx.a(fx_file_read.o)
 .ARM.attributes
                0x0000000000000765       0x33 ../../fx/Debug\libfx.a(fx_file_seek.o)
 .ARM.attributes
                0x0000000000000798       0x33 ../../fx/Debug\libfx.a(fx_file_write.o)
 .ARM.attributes
                0x00000000000007cb       0x33 ../../fx/Debug\libfx.a(fx_media_close.o)
 .ARM.attributes
                0x00000000000007fe       0x33 ../../fx/Debug\libfx.a(fx_media_format.o)
 .ARM.attributes
                0x0000000000000831       0x33 ../../fx/Debug\libfx.a(fx_media_open.o)
 .ARM.attributes
                0x0000000000000864       0x33 ../../fx/Debug\libfx.a(fx_utility_16_unsigned_write.o)
 .ARM.attributes
                0x0000000000000897       0x33 ../../fx/Debug\libfx.a(fx_utility_32_unsigned_read.o)
 .ARM.attributes
                0x00000000000008ca       0x33 ../../fx/Debug\libfx.a(fx_utility_32_unsigned_write.o)
 .ARM.attributes
                0x00000000000008fd       0x33 ../../fx/Debug\libfx.a(fx_utility_FAT_entry_read.o)
 .ARM.attributes
                0x0000000000000930       0x33 ../../fx/Debug\libfx.a(fx_utility_FAT_entry_write.o)
 .ARM.attributes
                0x0000000000000963       0x33 ../../fx/Debug\libfx.a(fx_utility_FAT_flush.o)
 .ARM.attributes
                0x0000000000000996       0x33 ../../fx/Debug\libfx.a(fx_utility_FAT_map_flush.o)
 .ARM.attributes
                0x00000000000009c9       0x33 ../../fx/Debug\libfx.a(fx_utility_logical_sector_flush.o)
 .ARM.attributes
                0x00000000000009fc       0x33 ../../fx/Debug\libfx.a(fx_utility_logical_sector_read.o)
 .ARM.attributes
                0x0000000000000a2f       0x33 ../../fx/Debug\libfx.a(fx_utility_logical_sector_write.o)
 .ARM.attributes
                0x0000000000000a62       0x33 ../../fx/Debug\libfx.a(fx_directory_entry_write.o)
 .ARM.attributes
                0x0000000000000a95       0x33 ../../fx/Debug\libfx.a(fx_directory_free_search.o)
 .ARM.attributes
                0x0000000000000ac8       0x33 ../../fx/Debug\libfx.a(fx_directory_name_extract.o)
 .ARM.attributes
                0x0000000000000afb       0x33 ../../fx/Debug\libfx.a(fx_directory_search.o)
 .ARM.attributes
                0x0000000000000b2e       0x33 ../../fx/Debug\libfx.a(fx_file_extended_seek.o)
 .ARM.attributes
                0x0000000000000b61       0x33 ../../fx/Debug\libfx.a(fx_media_abort.o)
 .ARM.attributes
                0x0000000000000b94       0x33 ../../fx/Debug\libfx.a(fx_media_boot_info_extract.o)
 .ARM.attributes
                0x0000000000000bc7       0x33 ../../fx/Debug\libfx.a(fx_utility_logical_sector_cache_entry_read.o)
 .ARM.attributes
                0x0000000000000bfa       0x33 ../../fx/Debug\libfx.a(fx_directory_entry_read.o)
 .ARM.attributes
                0x0000000000000c2d       0x35 ../../tx/Debug\libtx.a(tx_initialize_kernel_enter.o)
 .ARM.attributes
                0x0000000000000c62       0x25 ../../tx/Debug\libtx.a(tx_initialize_low_level.o)
 .ARM.attributes
                0x0000000000000c87       0x35 ../../tx/Debug\libtx.a(tx_mutex_create.o)
 .ARM.attributes
                0x0000000000000cbc       0x35 ../../tx/Debug\libtx.a(tx_mutex_delete.o)
 .ARM.attributes
                0x0000000000000cf1       0x35 ../../tx/Debug\libtx.a(tx_mutex_get.o)
 .ARM.attributes
                0x0000000000000d26       0x35 ../../tx/Debug\libtx.a(tx_mutex_priority_change.o)
 .ARM.attributes
                0x0000000000000d5b       0x35 ../../tx/Debug\libtx.a(tx_mutex_put.o)
 .ARM.attributes
                0x0000000000000d90       0x35 ../../tx/Debug\libtx.a(tx_thread_identify.o)
 .ARM.attributes
                0x0000000000000dc5       0x35 ../../tx/Debug\libtx.a(tx_thread_initialize.o)
 .ARM.attributes
                0x0000000000000dfa       0x35 ../../tx/Debug\libtx.a(tx_thread_preemption_change.o)
 .ARM.attributes
                0x0000000000000e2f       0x25 ../../tx/Debug\libtx.a(tx_thread_schedule.o)
 .ARM.attributes
                0x0000000000000e54       0x35 ../../tx/Debug\libtx.a(tx_thread_system_preempt_check.o)
 .ARM.attributes
                0x0000000000000e89       0x35 ../../tx/Debug\libtx.a(tx_thread_system_resume.o)
 .ARM.attributes
                0x0000000000000ebe       0x35 ../../tx/Debug\libtx.a(tx_thread_system_suspend.o)
 .ARM.attributes
                0x0000000000000ef3       0x35 ../../tx/Debug\libtx.a(tx_timer_create.o)
 .ARM.attributes
                0x0000000000000f28       0x35 ../../tx/Debug\libtx.a(tx_timer_initialize.o)
 .ARM.attributes
                0x0000000000000f5d       0x25 ../../tx/Debug\libtx.a(tx_timer_interrupt.o)
 .ARM.attributes
                0x0000000000000f82       0x35 ../../tx/Debug\libtx.a(tx_timer_system_activate.o)
 .ARM.attributes
                0x0000000000000fb7       0x35 ../../tx/Debug\libtx.a(tx_timer_system_deactivate.o)
 .ARM.attributes
                0x0000000000000fec       0x35 ../../tx/Debug\libtx.a(tx_timer_thread_entry.o)
 .ARM.attributes
                0x0000000000001021       0x35 ../../tx/Debug\libtx.a(txe_thread_create.o)
 .ARM.attributes
                0x0000000000001056       0x35 ../../tx/Debug\libtx.a(tx_initialize_high_level.o)
 .ARM.attributes
                0x000000000000108b       0x35 ../../tx/Debug\libtx.a(tx_mutex_cleanup.o)
 .ARM.attributes
                0x00000000000010c0       0x35 ../../tx/Debug\libtx.a(tx_mutex_prioritize.o)
 .ARM.attributes
                0x00000000000010f5       0x35 ../../tx/Debug\libtx.a(tx_thread_create.o)
 .ARM.attributes
                0x000000000000112a       0x35 ../../tx/Debug\libtx.a(tx_thread_shell_entry.o)
 .ARM.attributes
                0x000000000000115f       0x25 ../../tx/Debug\libtx.a(tx_thread_stack_build.o)
 .ARM.attributes
                0x0000000000001184       0x35 ../../tx/Debug\libtx.a(tx_thread_time_slice.o)
 .ARM.attributes
                0x00000000000011b9       0x35 ../../tx/Debug\libtx.a(tx_thread_timeout.o)
 .ARM.attributes
                0x00000000000011ee       0x35 ../../tx/Debug\libtx.a(tx_timer_expiration_process.o)
 .ARM.attributes
                0x0000000000001223       0x34 c:/st/stm32cubeide_1.3.0/stm32cubeide/plugins/com.st.stm32cube.ide.mcu.externaltools.gnu-tools-for-stm32.7-2018-q2-update.win32_1.0.0.201904181610/tools/bin/../lib/gcc/arm-none-eabi/7.3.1/../../../../arm-none-eabi/lib/thumb/v7e-m/fpv4-sp/hard\libc_nano.a(lib_a-init.o)
 .ARM.attributes
                0x0000000000001257       0x34 c:/st/stm32cubeide_1.3.0/stm32cubeide/plugins/com.st.stm32cube.ide.mcu.externaltools.gnu-tools-for-stm32.7-2018-q2-update.win32_1.0.0.201904181610/tools/bin/../lib/gcc/arm-none-eabi/7.3.1/../../../../arm-none-eabi/lib/thumb/v7e-m/fpv4-sp/hard\libc_nano.a(lib_a-memcpy-stub.o)
 .ARM.attributes
                0x000000000000128b       0x34 c:/st/stm32cubeide_1.3.0/stm32cubeide/plugins/com.st.stm32cube.ide.mcu.externaltools.gnu-tools-for-stm32.7-2018-q2-update.win32_1.0.0.201904181610/tools/bin/../lib/gcc/arm-none-eabi/7.3.1/../../../../arm-none-eabi/lib/thumb/v7e-m/fpv4-sp/hard\libc_nano.a(lib_a-memset.o)
 .ARM.attributes
                0x00000000000012bf       0x22 c:/st/stm32cubeide_1.3.0/stm32cubeide/plugins/com.st.stm32cube.ide.mcu.externaltools.gnu-tools-for-stm32.7-2018-q2-update.win32_1.0.0.201904181610/tools/bin/../lib/gcc/arm-none-eabi/7.3.1/thumb/v7e-m/fpv4-sp/hard\libgcc.a(_aeabi_uldivmod.o)
 .ARM.attributes
                0x00000000000012e1       0x34 c:/st/stm32cubeide_1.3.0/stm32cubeide/plugins/com.st.stm32cube.ide.mcu.externaltools.gnu-tools-for-stm32.7-2018-q2-update.win32_1.0.0.201904181610/tools/bin/../lib/gcc/arm-none-eabi/7.3.1/thumb/v7e-m/fpv4-sp/hard\libgcc.a(_udivmoddi4.o)
 .ARM.attributes
                0x0000000000001315       0x22 c:/st/stm32cubeide_1.3.0/stm32cubeide/plugins/com.st.stm32cube.ide.mcu.externaltools.gnu-tools-for-stm32.7-2018-q2-update.win32_1.0.0.201904181610/tools/bin/../lib/gcc/arm-none-eabi/7.3.1/thumb/v7e-m/fpv4-sp/hard\libgcc.a(_dvmd_tls.o)
 .ARM.attributes
                0x0000000000001337       0x22 c:/st/stm32cubeide_1.3.0/stm32cubeide/plugins/com.st.stm32cube.ide.mcu.externaltools.gnu-tools-for-stm32.7-2018-q2-update.win32_1.0.0.201904181610/tools/bin/../lib/gcc/arm-none-eabi/7.3.1/thumb/v7e-m/fpv4-sp/hard/crtn.o
OUTPUT(sample_filex_ram_disk.elf elf32-littlearm)

.debug_info     0x0000000000000000    0x6ffe9
 .debug_info    0x0000000000000000     0x11d0 common_hardware_code.o
 .debug_info    0x00000000000011d0     0x19f2 sample_filex_ram_disk.o
 .debug_info    0x0000000000002bc2       0x22 startup_stm32f746nghx.o
 .debug_info    0x0000000000002be4     0x13c0 ../../stm32f7xx_library/Debug\libstm32f7xx_library.a(stm32746g_discovery_sdram.o)
 .debug_info    0x0000000000003fa4      0x80c ../../stm32f7xx_library/Debug\libstm32f7xx_library.a(stm32f7xx_hal.o)
 .debug_info    0x00000000000047b0     0x11a8 ../../stm32f7xx_library/Debug\libstm32f7xx_library.a(stm32f7xx_hal_cortex.o)
 .debug_info    0x0000000000005958      0xb1e ../../stm32f7xx_library/Debug\libstm32f7xx_library.a(stm32f7xx_hal_dma.o)
 .debug_info    0x0000000000006476      0x7f0 ../../stm32f7xx_library/Debug\libstm32f7xx_library.a(stm32f7xx_hal_gpio.o)
 .debug_info    0x0000000000006c66      0xa34 ../../stm32f7xx_library/Debug\libstm32f7xx_library.a(stm32f7xx_hal_pwr_ex.o)
 .debug_info    0x000000000000769a      0xbd5 ../../stm32f7xx_library/Debug\libstm32f7xx_library.a(stm32f7xx_hal_rcc.o)
 .debug_info    0x000000000000826f      0xe2b ../../stm32f7xx_library/Debug\libstm32f7xx_library.a(stm32f7xx_hal_sdram.o)
 .debug_info    0x000000000000909a      0xd3d ../../stm32f7xx_library/Debug\libstm32f7xx_library.a(stm32f7xx_hal_timebase_tim_template.o)
 .debug_info    0x0000000000009dd7     0x2373 ../../stm32f7xx_library/Debug\libstm32f7xx_library.a(stm32f7xx_hal_uart.o)
 .debug_info    0x000000000000c14a      0xd14 ../../stm32f7xx_library/Debug\libstm32f7xx_library.a(stm32f7xx_ll_fmc.o)
 .debug_info    0x000000000000ce5e      0x6e9 ../../stm32f7xx_library/Debug\libstm32f7xx_library.a(system_stm32f7xx.o)
 .debug_info    0x000000000000d547     0x40a2 ../../stm32f7xx_library/Debug\libstm32f7xx_library.a(stm32f7xx_hal_tim.o)
 .debug_info    0x00000000000115e9     0x15f5 ../../stm32f7xx_library/Debug\libstm32f7xx_library.a(stm32f7xx_hal_tim_ex.o)
 .debug_info    0x0000000000012bde     0x1852 ../../fx/Debug\libfx.a(fx_ram_driver.o)
 .debug_info    0x0000000000014430     0x1911 ../../fx/Debug\libfx.a(fx_system_initialize.o)
 .debug_info    0x0000000000015d41     0x18f0 ../../fx/Debug\libfx.a(fx_system_timer_entry.o)
 .debug_info    0x0000000000017631     0x18ac ../../fx/Debug\libfx.a(fx_utility_16_unsigned_read.o)
 .debug_info    0x0000000000018edd     0x18e9 ../../fx/Debug\libfx.a(fx_utility_memory_copy.o)
 .debug_info    0x000000000001a7c6     0x1874 ../../fx/Debug\libfx.a(fxe_file_close.o)
 .debug_info    0x000000000001c03a     0x1878 ../../fx/Debug\libfx.a(fxe_file_create.o)
 .debug_info    0x000000000001d8b2     0x193d ../../fx/Debug\libfx.a(fxe_file_open.o)
 .debug_info    0x000000000001f1ef     0x18bc ../../fx/Debug\libfx.a(fxe_file_read.o)
 .debug_info    0x0000000000020aab     0x188a ../../fx/Debug\libfx.a(fxe_file_seek.o)
 .debug_info    0x0000000000022335     0x18a0 ../../fx/Debug\libfx.a(fxe_file_write.o)
 .debug_info    0x0000000000023bd5     0x1862 ../../fx/Debug\libfx.a(fxe_media_close.o)
 .debug_info    0x0000000000025437     0x194b ../../fx/Debug\libfx.a(fxe_media_format.o)
 .debug_info    0x0000000000026d82     0x1a7c ../../fx/Debug\libfx.a(fxe_media_open.o)
 .debug_info    0x00000000000287fe     0x19d0 ../../fx/Debug\libfx.a(fx_file_close.o)
 .debug_info    0x000000000002a1ce     0x1ab6 ../../fx/Debug\libfx.a(fx_file_create.o)
 .debug_info    0x000000000002bc84     0x1b13 ../../fx/Debug\libfx.a(fx_file_open.o)
 .debug_info    0x000000000002d797     0x1ae6 ../../fx/Debug\libfx.a(fx_file_read.o)
 .debug_info    0x000000000002f27d     0x180f ../../fx/Debug\libfx.a(fx_file_seek.o)
 .debug_info    0x0000000000030a8c     0x1c1d ../../fx/Debug\libfx.a(fx_file_write.o)
 .debug_info    0x00000000000326a9     0x1b9c ../../fx/Debug\libfx.a(fx_media_close.o)
 .debug_info    0x0000000000034245     0x1c6b ../../fx/Debug\libfx.a(fx_media_format.o)
 .debug_info    0x0000000000035eb0     0x1c81 ../../fx/Debug\libfx.a(fx_media_open.o)
 .debug_info    0x0000000000037b31     0x18a4 ../../fx/Debug\libfx.a(fx_utility_16_unsigned_write.o)
 .debug_info    0x00000000000393d5     0x18ac ../../fx/Debug\libfx.a(fx_utility_32_unsigned_read.o)
 .debug_info    0x000000000003ac81     0x18a6 ../../fx/Debug\libfx.a(fx_utility_32_unsigned_write.o)
 .debug_info    0x000000000003c527     0x1a37 ../../fx/Debug\libfx.a(fx_utility_FAT_entry_read.o)
 .debug_info    0x000000000003df5e     0x1923 ../../fx/Debug\libfx.a(fx_utility_FAT_entry_write.o)
 .debug_info    0x000000000003f881     0x1a49 ../../fx/Debug\libfx.a(fx_utility_FAT_flush.o)
 .debug_info    0x00000000000412ca     0x197d ../../fx/Debug\libfx.a(fx_utility_FAT_map_flush.o)
 .debug_info    0x0000000000042c47     0x19c3 ../../fx/Debug\libfx.a(fx_utility_logical_sector_flush.o)
 .debug_info    0x000000000004460a     0x1a22 ../../fx/Debug\libfx.a(fx_utility_logical_sector_read.o)
 .debug_info    0x000000000004602c     0x196e ../../fx/Debug\libfx.a(fx_utility_logical_sector_write.o)
 .debug_info    0x000000000004799a     0x1d07 ../../fx/Debug\libfx.a(fx_directory_entry_write.o)
 .debug_info    0x00000000000496a1     0x1bf8 ../../fx/Debug\libfx.a(fx_directory_free_search.o)
 .debug_info    0x000000000004b299     0x18b9 ../../fx/Debug\libfx.a(fx_directory_name_extract.o)
 .debug_info    0x000000000004cb52     0x1c10 ../../fx/Debug\libfx.a(fx_directory_search.o)
 .debug_info    0x000000000004e762     0x19e5 ../../fx/Debug\libfx.a(fx_file_extended_seek.o)
 .debug_info    0x0000000000050147     0x19aa ../../fx/Debug\libfx.a(fx_media_abort.o)
 .debug_info    0x0000000000051af1     0x199c ../../fx/Debug\libfx.a(fx_media_boot_info_extract.o)
 .debug_info    0x000000000005348d     0x1913 ../../fx/Debug\libfx.a(fx_utility_logical_sector_cache_entry_read.o)
 .debug_info    0x0000000000054da0     0x1b33 ../../fx/Debug\libfx.a(fx_directory_entry_read.o)
 .debug_info    0x00000000000568d3      0xf0e ../../tx/Debug\libtx.a(tx_initialize_kernel_enter.o)
 .debug_info    0x00000000000577e1       0x26 ../../tx/Debug\libtx.a(tx_initialize_low_level.o)
 .debug_info    0x0000000000057807      0xe97 ../../tx/Debug\libtx.a(tx_mutex_create.o)
 .debug_info    0x000000000005869e      0xf99 ../../tx/Debug\libtx.a(tx_mutex_delete.o)
 .debug_info    0x0000000000059637      0xf16 ../../tx/Debug\libtx.a(tx_mutex_get.o)
 .debug_info    0x000000000005a54d      0xf55 ../../tx/Debug\libtx.a(tx_mutex_priority_change.o)
 .debug_info    0x000000000005b4a2     0x1107 ../../tx/Debug\libtx.a(tx_mutex_put.o)
 .debug_info    0x000000000005c5a9      0xdfa ../../tx/Debug\libtx.a(tx_thread_identify.o)
 .debug_info    0x000000000005d3a3      0xe88 ../../tx/Debug\libtx.a(tx_thread_initialize.o)
 .debug_info    0x000000000005e22b      0xeaa ../../tx/Debug\libtx.a(tx_thread_preemption_change.o)
 .debug_info    0x000000000005f0d5       0x26 ../../tx/Debug\libtx.a(tx_thread_schedule.o)
 .debug_info    0x000000000005f0fb      0xe9d ../../tx/Debug\libtx.a(tx_thread_system_preempt_check.o)
 .debug_info    0x000000000005ff98     0x10dc ../../tx/Debug\libtx.a(tx_thread_system_resume.o)
 .debug_info    0x0000000000061074     0x1162 ../../tx/Debug\libtx.a(tx_thread_system_suspend.o)
 .debug_info    0x00000000000621d6      0xf3a ../../tx/Debug\libtx.a(tx_timer_create.o)
 .debug_info    0x0000000000063110      0xffc ../../tx/Debug\libtx.a(tx_timer_initialize.o)
 .debug_info    0x000000000006410c       0x26 ../../tx/Debug\libtx.a(tx_timer_interrupt.o)
 .debug_info    0x0000000000064132      0xe42 ../../tx/Debug\libtx.a(tx_timer_system_activate.o)
 .debug_info    0x0000000000064f74      0xe15 ../../tx/Debug\libtx.a(tx_timer_system_deactivate.o)
 .debug_info    0x0000000000065d89     0x10e7 ../../tx/Debug\libtx.a(tx_timer_thread_entry.o)
 .debug_info    0x0000000000066e70     0x1165 ../../tx/Debug\libtx.a(txe_thread_create.o)
 .debug_info    0x0000000000067fd5     0x13ca ../../tx/Debug\libtx.a(tx_initialize_high_level.o)
 .debug_info    0x000000000006939f      0xfc0 ../../tx/Debug\libtx.a(tx_mutex_cleanup.o)
 .debug_info    0x000000000006a35f      0xf13 ../../tx/Debug\libtx.a(tx_mutex_prioritize.o)
 .debug_info    0x000000000006b272     0x105b ../../tx/Debug\libtx.a(tx_thread_create.o)
 .debug_info    0x000000000006c2cd      0xeb7 ../../tx/Debug\libtx.a(tx_thread_shell_entry.o)
 .debug_info    0x000000000006d184       0x26 ../../tx/Debug\libtx.a(tx_thread_stack_build.o)
 .debug_info    0x000000000006d1aa      0xf3f ../../tx/Debug\libtx.a(tx_thread_time_slice.o)
 .debug_info    0x000000000006e0e9      0xfb7 ../../tx/Debug\libtx.a(tx_thread_timeout.o)
 .debug_info    0x000000000006f0a0      0xf49 ../../tx/Debug\libtx.a(tx_timer_expiration_process.o)

.debug_abbrev   0x0000000000000000     0xbafc
 .debug_abbrev  0x0000000000000000      0x2ae common_hardware_code.o
 .debug_abbrev  0x00000000000002ae      0x20e sample_filex_ram_disk.o
 .debug_abbrev  0x00000000000004bc       0x12 startup_stm32f746nghx.o
 .debug_abbrev  0x00000000000004ce      0x299 ../../stm32f7xx_library/Debug\libstm32f7xx_library.a(stm32746g_discovery_sdram.o)
 .debug_abbrev  0x0000000000000767      0x1f3 ../../stm32f7xx_library/Debug\libstm32f7xx_library.a(stm32f7xx_hal.o)
 .debug_abbrev  0x000000000000095a      0x317 ../../stm32f7xx_library/Debug\libstm32f7xx_library.a(stm32f7xx_hal_cortex.o)
 .debug_abbrev  0x0000000000000c71      0x324 ../../stm32f7xx_library/Debug\libstm32f7xx_library.a(stm32f7xx_hal_dma.o)
 .debug_abbrev  0x0000000000000f95      0x203 ../../stm32f7xx_library/Debug\libstm32f7xx_library.a(stm32f7xx_hal_gpio.o)
 .debug_abbrev  0x0000000000001198      0x1be ../../stm32f7xx_library/Debug\libstm32f7xx_library.a(stm32f7xx_hal_pwr_ex.o)
 .debug_abbrev  0x0000000000001356      0x2c5 ../../stm32f7xx_library/Debug\libstm32f7xx_library.a(stm32f7xx_hal_rcc.o)
 .debug_abbrev  0x000000000000161b      0x25d ../../stm32f7xx_library/Debug\libstm32f7xx_library.a(stm32f7xx_hal_sdram.o)
 .debug_abbrev  0x0000000000001878      0x235 ../../stm32f7xx_library/Debug\libstm32f7xx_library.a(stm32f7xx_hal_timebase_tim_template.o)
 .debug_abbrev  0x0000000000001aad      0x34b ../../stm32f7xx_library/Debug\libstm32f7xx_library.a(stm32f7xx_hal_uart.o)
 .debug_abbrev  0x0000000000001df8      0x19d ../../stm32f7xx_library/Debug\libstm32f7xx_library.a(stm32f7xx_ll_fmc.o)
 .debug_abbrev  0x0000000000001f95      0x12d ../../stm32f7xx_library/Debug\libstm32f7xx_library.a(system_stm32f7xx.o)
 .debug_abbrev  0x00000000000020c2      0x33a ../../stm32f7xx_library/Debug\libstm32f7xx_library.a(stm32f7xx_hal_tim.o)
 .debug_abbrev  0x00000000000023fc      0x300 ../../stm32f7xx_library/Debug\libstm32f7xx_library.a(stm32f7xx_hal_tim_ex.o)
 .debug_abbrev  0x00000000000026fc      0x200 ../../fx/Debug\libfx.a(fx_ram_driver.o)
 .debug_abbrev  0x00000000000028fc      0x1db ../../fx/Debug\libfx.a(fx_system_initialize.o)
 .debug_abbrev  0x0000000000002ad7      0x1dc ../../fx/Debug\libfx.a(fx_system_timer_entry.o)
 .debug_abbrev  0x0000000000002cb3      0x1c0 ../../fx/Debug\libfx.a(fx_utility_16_unsigned_read.o)
 .debug_abbrev  0x0000000000002e73      0x1de ../../fx/Debug\libfx.a(fx_utility_memory_copy.o)
 .debug_abbrev  0x0000000000003051      0x235 ../../fx/Debug\libfx.a(fxe_file_close.o)
 .debug_abbrev  0x0000000000003286      0x235 ../../fx/Debug\libfx.a(fxe_file_create.o)
 .debug_abbrev  0x00000000000034bb      0x262 ../../fx/Debug\libfx.a(fxe_file_open.o)
 .debug_abbrev  0x000000000000371d      0x235 ../../fx/Debug\libfx.a(fxe_file_read.o)
 .debug_abbrev  0x0000000000003952      0x235 ../../fx/Debug\libfx.a(fxe_file_seek.o)
 .debug_abbrev  0x0000000000003b87      0x235 ../../fx/Debug\libfx.a(fxe_file_write.o)
 .debug_abbrev  0x0000000000003dbc      0x235 ../../fx/Debug\libfx.a(fxe_media_close.o)
 .debug_abbrev  0x0000000000003ff1      0x235 ../../fx/Debug\libfx.a(fxe_media_format.o)
 .debug_abbrev  0x0000000000004226      0x26a ../../fx/Debug\libfx.a(fxe_media_open.o)
 .debug_abbrev  0x0000000000004490      0x27d ../../fx/Debug\libfx.a(fx_file_close.o)
 .debug_abbrev  0x000000000000470d      0x2a6 ../../fx/Debug\libfx.a(fx_file_create.o)
 .debug_abbrev  0x00000000000049b3      0x217 ../../fx/Debug\libfx.a(fx_file_open.o)
 .debug_abbrev  0x0000000000004bca      0x226 ../../fx/Debug\libfx.a(fx_file_read.o)
 .debug_abbrev  0x0000000000004df0      0x1de ../../fx/Debug\libfx.a(fx_file_seek.o)
 .debug_abbrev  0x0000000000004fce      0x231 ../../fx/Debug\libfx.a(fx_file_write.o)
 .debug_abbrev  0x00000000000051ff      0x2b6 ../../fx/Debug\libfx.a(fx_media_close.o)
 .debug_abbrev  0x00000000000054b5      0x241 ../../fx/Debug\libfx.a(fx_media_format.o)
 .debug_abbrev  0x00000000000056f6      0x2f5 ../../fx/Debug\libfx.a(fx_media_open.o)
 .debug_abbrev  0x00000000000059eb      0x1af ../../fx/Debug\libfx.a(fx_utility_16_unsigned_write.o)
 .debug_abbrev  0x0000000000005b9a      0x1c0 ../../fx/Debug\libfx.a(fx_utility_32_unsigned_read.o)
 .debug_abbrev  0x0000000000005d5a      0x1be ../../fx/Debug\libfx.a(fx_utility_32_unsigned_write.o)
 .debug_abbrev  0x0000000000005f18      0x211 ../../fx/Debug\libfx.a(fx_utility_FAT_entry_read.o)
 .debug_abbrev  0x0000000000006129      0x204 ../../fx/Debug\libfx.a(fx_utility_FAT_entry_write.o)
 .debug_abbrev  0x000000000000632d      0x222 ../../fx/Debug\libfx.a(fx_utility_FAT_flush.o)
 .debug_abbrev  0x000000000000654f      0x228 ../../fx/Debug\libfx.a(fx_utility_FAT_map_flush.o)
 .debug_abbrev  0x0000000000006777      0x20b ../../fx/Debug\libfx.a(fx_utility_logical_sector_flush.o)
 .debug_abbrev  0x0000000000006982      0x211 ../../fx/Debug\libfx.a(fx_utility_logical_sector_read.o)
 .debug_abbrev  0x0000000000006b93      0x202 ../../fx/Debug\libfx.a(fx_utility_logical_sector_write.o)
 .debug_abbrev  0x0000000000006d95      0x233 ../../fx/Debug\libfx.a(fx_directory_entry_write.o)
 .debug_abbrev  0x0000000000006fc8      0x2a0 ../../fx/Debug\libfx.a(fx_directory_free_search.o)
 .debug_abbrev  0x0000000000007268      0x1c0 ../../fx/Debug\libfx.a(fx_directory_name_extract.o)
 .debug_abbrev  0x0000000000007428      0x258 ../../fx/Debug\libfx.a(fx_directory_search.o)
 .debug_abbrev  0x0000000000007680      0x224 ../../fx/Debug\libfx.a(fx_file_extended_seek.o)
 .debug_abbrev  0x00000000000078a4      0x279 ../../fx/Debug\libfx.a(fx_media_abort.o)
 .debug_abbrev  0x0000000000007b1d      0x1f7 ../../fx/Debug\libfx.a(fx_media_boot_info_extract.o)
 .debug_abbrev  0x0000000000007d14      0x1c2 ../../fx/Debug\libfx.a(fx_utility_logical_sector_cache_entry_read.o)
 .debug_abbrev  0x0000000000007ed6      0x220 ../../fx/Debug\libfx.a(fx_directory_entry_read.o)
 .debug_abbrev  0x00000000000080f6      0x1bd ../../tx/Debug\libtx.a(tx_initialize_kernel_enter.o)
 .debug_abbrev  0x00000000000082b3       0x14 ../../tx/Debug\libtx.a(tx_initialize_low_level.o)
 .debug_abbrev  0x00000000000082c7      0x243 ../../tx/Debug\libtx.a(tx_mutex_create.o)
 .debug_abbrev  0x000000000000850a      0x257 ../../tx/Debug\libtx.a(tx_mutex_delete.o)
 .debug_abbrev  0x0000000000008761      0x290 ../../tx/Debug\libtx.a(tx_mutex_get.o)
 .debug_abbrev  0x00000000000089f1      0x26c ../../tx/Debug\libtx.a(tx_mutex_priority_change.o)
 .debug_abbrev  0x0000000000008c5d      0x294 ../../tx/Debug\libtx.a(tx_mutex_put.o)
 .debug_abbrev  0x0000000000008ef1      0x215 ../../tx/Debug\libtx.a(tx_thread_identify.o)
 .debug_abbrev  0x0000000000009106      0x1c5 ../../tx/Debug\libtx.a(tx_thread_initialize.o)
 .debug_abbrev  0x00000000000092cb      0x24a ../../tx/Debug\libtx.a(tx_thread_preemption_change.o)
 .debug_abbrev  0x0000000000009515       0x14 ../../tx/Debug\libtx.a(tx_thread_schedule.o)
 .debug_abbrev  0x0000000000009529      0x244 ../../tx/Debug\libtx.a(tx_thread_system_preempt_check.o)
 .debug_abbrev  0x000000000000976d      0x28b ../../tx/Debug\libtx.a(tx_thread_system_resume.o)
 .debug_abbrev  0x00000000000099f8      0x27e ../../tx/Debug\libtx.a(tx_thread_system_suspend.o)
 .debug_abbrev  0x0000000000009c76      0x272 ../../tx/Debug\libtx.a(tx_timer_create.o)
 .debug_abbrev  0x0000000000009ee8      0x1e6 ../../tx/Debug\libtx.a(tx_timer_initialize.o)
 .debug_abbrev  0x000000000000a0ce       0x14 ../../tx/Debug\libtx.a(tx_timer_interrupt.o)
 .debug_abbrev  0x000000000000a0e2      0x19e ../../tx/Debug\libtx.a(tx_timer_system_activate.o)
 .debug_abbrev  0x000000000000a280      0x19e ../../tx/Debug\libtx.a(tx_timer_system_deactivate.o)
 .debug_abbrev  0x000000000000a41e      0x28e ../../tx/Debug\libtx.a(tx_timer_thread_entry.o)
 .debug_abbrev  0x000000000000a6ac      0x274 ../../tx/Debug\libtx.a(txe_thread_create.o)
 .debug_abbrev  0x000000000000a920      0x1cd ../../tx/Debug\libtx.a(tx_initialize_high_level.o)
 .debug_abbrev  0x000000000000aaed      0x26c ../../tx/Debug\libtx.a(tx_mutex_cleanup.o)
 .debug_abbrev  0x000000000000ad59      0x228 ../../tx/Debug\libtx.a(tx_mutex_prioritize.o)
 .debug_abbrev  0x000000000000af81      0x2a2 ../../tx/Debug\libtx.a(tx_thread_create.o)
 .debug_abbrev  0x000000000000b223      0x24a ../../tx/Debug\libtx.a(tx_thread_shell_entry.o)
 .debug_abbrev  0x000000000000b46d       0x14 ../../tx/Debug\libtx.a(tx_thread_stack_build.o)
 .debug_abbrev  0x000000000000b481      0x215 ../../tx/Debug\libtx.a(tx_thread_time_slice.o)
 .debug_abbrev  0x000000000000b696      0x250 ../../tx/Debug\libtx.a(tx_thread_timeout.o)
 .debug_abbrev  0x000000000000b8e6      0x216 ../../tx/Debug\libtx.a(tx_timer_expiration_process.o)

.debug_aranges  0x0000000000000000     0x1490
 .debug_aranges
                0x0000000000000000       0x78 common_hardware_code.o
 .debug_aranges
                0x0000000000000078       0x30 sample_filex_ram_disk.o
 .debug_aranges
                0x00000000000000a8       0x28 startup_stm32f746nghx.o
 .debug_aranges
                0x00000000000000d0       0x68 ../../stm32f7xx_library/Debug\libstm32f7xx_library.a(stm32746g_discovery_sdram.o)
 .debug_aranges
                0x0000000000000138       0xf0 ../../stm32f7xx_library/Debug\libstm32f7xx_library.a(stm32f7xx_hal.o)
 .debug_aranges
                0x0000000000000228       0xa8 ../../stm32f7xx_library/Debug\libstm32f7xx_library.a(stm32f7xx_hal_cortex.o)
 .debug_aranges
                0x00000000000002d0       0x78 ../../stm32f7xx_library/Debug\libstm32f7xx_library.a(stm32f7xx_hal_dma.o)
 .debug_aranges
                0x0000000000000348       0x58 ../../stm32f7xx_library/Debug\libstm32f7xx_library.a(stm32f7xx_hal_gpio.o)
 .debug_aranges
                0x00000000000003a0       0x80 ../../stm32f7xx_library/Debug\libstm32f7xx_library.a(stm32f7xx_hal_pwr_ex.o)
 .debug_aranges
                0x0000000000000420       0x88 ../../stm32f7xx_library/Debug\libstm32f7xx_library.a(stm32f7xx_hal_rcc.o)
 .debug_aranges
                0x00000000000004a8       0xb0 ../../stm32f7xx_library/Debug\libstm32f7xx_library.a(stm32f7xx_hal_sdram.o)
 .debug_aranges
                0x0000000000000558       0x40 ../../stm32f7xx_library/Debug\libstm32f7xx_library.a(stm32f7xx_hal_timebase_tim_template.o)
 .debug_aranges
                0x0000000000000598      0x1b0 ../../stm32f7xx_library/Debug\libstm32f7xx_library.a(stm32f7xx_hal_uart.o)
 .debug_aranges
                0x0000000000000748       0xc8 ../../stm32f7xx_library/Debug\libstm32f7xx_library.a(stm32f7xx_ll_fmc.o)
 .debug_aranges
                0x0000000000000810       0x28 ../../stm32f7xx_library/Debug\libstm32f7xx_library.a(system_stm32f7xx.o)
 .debug_aranges
                0x0000000000000838      0x258 ../../stm32f7xx_library/Debug\libstm32f7xx_library.a(stm32f7xx_hal_tim.o)
 .debug_aranges
                0x0000000000000a90       0xf8 ../../stm32f7xx_library/Debug\libstm32f7xx_library.a(stm32f7xx_hal_tim_ex.o)
 .debug_aranges
                0x0000000000000b88       0x20 ../../fx/Debug\libfx.a(fx_ram_driver.o)
 .debug_aranges
                0x0000000000000ba8       0x20 ../../fx/Debug\libfx.a(fx_system_initialize.o)
 .debug_aranges
                0x0000000000000bc8       0x20 ../../fx/Debug\libfx.a(fx_system_timer_entry.o)
 .debug_aranges
                0x0000000000000be8       0x20 ../../fx/Debug\libfx.a(fx_utility_16_unsigned_read.o)
 .debug_aranges
                0x0000000000000c08       0x20 ../../fx/Debug\libfx.a(fx_utility_memory_copy.o)
 .debug_aranges
                0x0000000000000c28       0x20 ../../fx/Debug\libfx.a(fxe_file_close.o)
 .debug_aranges
                0x0000000000000c48       0x20 ../../fx/Debug\libfx.a(fxe_file_create.o)
 .debug_aranges
                0x0000000000000c68       0x20 ../../fx/Debug\libfx.a(fxe_file_open.o)
 .debug_aranges
                0x0000000000000c88       0x20 ../../fx/Debug\libfx.a(fxe_file_read.o)
 .debug_aranges
                0x0000000000000ca8       0x20 ../../fx/Debug\libfx.a(fxe_file_seek.o)
 .debug_aranges
                0x0000000000000cc8       0x20 ../../fx/Debug\libfx.a(fxe_file_write.o)
 .debug_aranges
                0x0000000000000ce8       0x20 ../../fx/Debug\libfx.a(fxe_media_close.o)
 .debug_aranges
                0x0000000000000d08       0x20 ../../fx/Debug\libfx.a(fxe_media_format.o)
 .debug_aranges
                0x0000000000000d28       0x20 ../../fx/Debug\libfx.a(fxe_media_open.o)
 .debug_aranges
                0x0000000000000d48       0x20 ../../fx/Debug\libfx.a(fx_file_close.o)
 .debug_aranges
                0x0000000000000d68       0x20 ../../fx/Debug\libfx.a(fx_file_create.o)
 .debug_aranges
                0x0000000000000d88       0x20 ../../fx/Debug\libfx.a(fx_file_open.o)
 .debug_aranges
                0x0000000000000da8       0x20 ../../fx/Debug\libfx.a(fx_file_read.o)
 .debug_aranges
                0x0000000000000dc8       0x20 ../../fx/Debug\libfx.a(fx_file_seek.o)
 .debug_aranges
                0x0000000000000de8       0x20 ../../fx/Debug\libfx.a(fx_file_write.o)
 .debug_aranges
                0x0000000000000e08       0x20 ../../fx/Debug\libfx.a(fx_media_close.o)
 .debug_aranges
                0x0000000000000e28       0x20 ../../fx/Debug\libfx.a(fx_media_format.o)
 .debug_aranges
                0x0000000000000e48       0x20 ../../fx/Debug\libfx.a(fx_media_open.o)
 .debug_aranges
                0x0000000000000e68       0x20 ../../fx/Debug\libfx.a(fx_utility_16_unsigned_write.o)
 .debug_aranges