Archive member included to satisfy reference by file (symbol)

../../stm32f7xx_library/Debug\libstm32f7xx_library.a(stm32746g_discovery_sdram.o)
                              common_hardware_code.o (BSP_SDRAM_Init)
../../stm32f7xx_library/Debug\libstm32f7xx_library.a(stm32f7xx_hal.o)
                              common_hardware_code.o (HAL_Init)
../../stm32f7xx_library/Debug\libstm32f7xx_library.a(stm32f7xx_hal_cortex.o)
                              ../../stm32f7xx_library/Debug\libstm32f7xx_library.a(stm32f7xx_hal.o) (HAL_NVIC_SetPriorityGrouping)
../../stm32f7xx_library/Debug\libstm32f7xx_library.a(stm32f7xx_hal_dma.o)
                              ../../stm32f7xx_library/Debug\libstm32f7xx_library.a(stm32746g_discovery_sdram.o) (HAL_DMA_Init)
../../stm32f7xx_library/Debug\libstm32f7xx_library.a(stm32f7xx_hal_gpio.o)
                              common_hardware_code.o (HAL_GPIO_Init)
../../stm32f7xx_library/Debug\libstm32f7xx_library.a(stm32f7xx_hal_pwr_ex.o)
                              common_hardware_code.o (HAL_PWREx_EnableOverDrive)
../../stm32f7xx_library/Debug\libstm32f7xx_library.a(stm32f7xx_hal_rcc.o)
                              common_hardware_code.o (HAL_RCC_OscConfig)
../../stm32f7xx_library/Debug\libstm32f7xx_library.a(stm32f7xx_hal_sdram.o)
                              ../../stm32f7xx_library/Debug\libstm32f7xx_library.a(stm32746g_discovery_sdram.o) (HAL_SDRAM_Init)
../../stm32f7xx_library/Debug\libstm32f7xx_library.a(stm32f7xx_hal_timebase_tim_template.o)
                              ../../stm32f7xx_library/Debug\libstm32f7xx_library.a(stm32f7xx_hal.o) (HAL_InitTick)
../../stm32f7xx_library/Debug\libstm32f7xx_library.a(stm32f7xx_hal_uart.o)
                              common_hardware_code.o (HAL_UART_Transmit)
../../stm32f7xx_library/Debug\libstm32f7xx_library.a(stm32f7xx_ll_fmc.o)
                              ../../stm32f7xx_library/Debug\libstm32f7xx_library.a(stm32f7xx_hal_sdram.o) (FMC_SDRAM_Init)
../../stm32f7xx_library/Debug\libstm32f7xx_library.a(system_stm32f7xx.o)
                              ../../stm32f7xx_library/Debug\libstm32f7xx_library.a(stm32f7xx_hal_rcc.o) (APBPrescTable)
../../stm32f7xx_library/Debug\libstm32f7xx_library.a(stm32f7xx_hal_tim.o)
                              ../../stm32f7xx_library/Debug\libstm32f7xx_library.a(stm32f7xx_hal_timebase_tim_template.o) (HAL_TIM_Base_Init)
../../stm32f7xx_library/Debug\libstm32f7xx_library.a(stm32f7xx_hal_tim_ex.o)
                              ../../stm32f7xx_library/Debug\libstm32f7xx_library.a(stm32f7xx_hal_tim.o) (TIMEx_DMACommutationCplt)
../../tx/Debug\libtx.a(tx_initialize_kernel_enter.o)
                              sample_threadx.o (_tx_initialize_kernel_enter)
../../tx/Debug\libtx.a(tx_initialize_low_level.o)
                              ../../tx/Debug\libtx.a(tx_initialize_kernel_enter.o) (_tx_initialize_low_level)
../../tx/Debug\libtx.a(tx_thread_initialize.o)
                              ../../tx/Debug\libtx.a(tx_initialize_kernel_enter.o) (_tx_thread_preempt_disable)
../../tx/Debug\libtx.a(tx_thread_schedule.o)
                              ../../tx/Debug\libtx.a(tx_initialize_kernel_enter.o) (_tx_thread_schedule)
../../tx/Debug\libtx.a(tx_thread_sleep.o)
                              sample_threadx.o (_tx_thread_sleep)
../../tx/Debug\libtx.a(tx_thread_system_suspend.o)
                              ../../tx/Debug\libtx.a(tx_thread_sleep.o) (_tx_thread_system_suspend)
../../tx/Debug\libtx.a(tx_timer_initialize.o)
                              ../../tx/Debug\libtx.a(tx_thread_sleep.o) (_tx_timer_thread)
../../tx/Debug\libtx.a(tx_timer_interrupt.o)
                              ../../tx/Debug\libtx.a(tx_initialize_low_level.o) (_tx_timer_interrupt)
../../tx/Debug\libtx.a(tx_timer_system_activate.o)
                              ../../tx/Debug\libtx.a(tx_thread_system_suspend.o) (_tx_timer_system_activate)
../../tx/Debug\libtx.a(tx_timer_thread_entry.o)
                              ../../tx/Debug\libtx.a(tx_timer_initialize.o) (_tx_timer_thread_entry)
../../tx/Debug\libtx.a(txe_block_allocate.o)
                              sample_threadx.o (_txe_block_allocate)
../../tx/Debug\libtx.a(txe_block_pool_create.o)
                              sample_threadx.o (_txe_block_pool_create)
../../tx/Debug\libtx.a(txe_block_release.o)
                              sample_threadx.o (_txe_block_release)
../../tx/Debug\libtx.a(txe_byte_allocate.o)
                              sample_threadx.o (_txe_byte_allocate)
../../tx/Debug\libtx.a(txe_byte_pool_create.o)
                              sample_threadx.o (_txe_byte_pool_create)
../../tx/Debug\libtx.a(txe_event_flags_create.o)
                              sample_threadx.o (_txe_event_flags_create)
../../tx/Debug\libtx.a(txe_event_flags_get.o)
                              sample_threadx.o (_txe_event_flags_get)
../../tx/Debug\libtx.a(txe_event_flags_set.o)
[...]
Memory Configuration

Name             Origin             Length             Attributes
RAM              0x0000000020000000 0x0000000000050000 xrw
ROM              0x0000000008000000 0x0000000000100000 xr
SD_RAM           0x00000000c0000000 0x0000000000800000 xrw
*default*        0x0000000000000000 0xffffffffffffffff

Linker script and memory map

LOAD c:/st/stm32cubeide_1.3.0/stm32cubeide/plugins/com.st.stm32cube.ide.mcu.externaltools.gnu-tools-for-stm32.7-2018-q2-update.win32_1.0.0.201904181610/tools/bin/../lib/gcc/arm-none-eabi/7.3.1/thumb/v7e-m/fpv4-sp/hard/crti.o
LOAD c:/st/stm32cubeide_1.3.0/stm32cubeide/plugins/com.st.stm32cube.ide.mcu.externaltools.gnu-tools-for-stm32.7-2018-q2-update.win32_1.0.0.201904181610/tools/bin/../lib/gcc/arm-none-eabi/7.3.1/thumb/v7e-m/fpv4-sp/hard/crtbegin.o
LOAD c:/st/stm32cubeide_1.3.0/stm32cubeide/plugins/com.st.stm32cube.ide.mcu.externaltools.gnu-tools-for-stm32.7-2018-q2-update.win32_1.0.0.201904181610/tools/bin/../lib/gcc/arm-none-eabi/7.3.1/../../../../arm-none-eabi/lib/thumb/v7e-m/fpv4-sp/hard/crt0.o
LOAD common_hardware_code.o
LOAD sample_threadx.o
LOAD startup_stm32f746nghx.o
LOAD ../../stm32f7xx_library/Debug\libstm32f7xx_library.a
LOAD ../../tx/Debug\libtx.a
START GROUP
LOAD c:/st/stm32cubeide_1.3.0/stm32cubeide/plugins/com.st.stm32cube.ide.mcu.externaltools.gnu-tools-for-stm32.7-2018-q2-update.win32_1.0.0.201904181610/tools/bin/../lib/gcc/arm-none-eabi/7.3.1/../../../../arm-none-eabi/lib/thumb/v7e-m/fpv4-sp/hard\libc_nano.a
LOAD c:/st/stm32cubeide_1.3.0/stm32cubeide/plugins/com.st.stm32cube.ide.mcu.externaltools.gnu-tools-for-stm32.7-2018-q2-update.win32_1.0.0.201904181610/tools/bin/../lib/gcc/arm-none-eabi/7.3.1/../../../../arm-none-eabi/lib/thumb/v7e-m/fpv4-sp/hard\libm.a
END GROUP
START GROUP
LOAD c:/st/stm32cubeide_1.3.0/stm32cubeide/plugins/com.st.stm32cube.ide.mcu.externaltools.gnu-tools-for-stm32.7-2018-q2-update.win32_1.0.0.201904181610/tools/bin/../lib/gcc/arm-none-eabi/7.3.1/thumb/v7e-m/fpv4-sp/hard\libgcc.a
LOAD c:/st/stm32cubeide_1.3.0/stm32cubeide/plugins/com.st.stm32cube.ide.mcu.externaltools.gnu-tools-for-stm32.7-2018-q2-update.win32_1.0.0.201904181610/tools/bin/../lib/gcc/arm-none-eabi/7.3.1/../../../../arm-none-eabi/lib/thumb/v7e-m/fpv4-sp/hard\libc_nano.a
END GROUP
START GROUP
LOAD c:/st/stm32cubeide_1.3.0/stm32cubeide/plugins/com.st.stm32cube.ide.mcu.externaltools.gnu-tools-for-stm32.7-2018-q2-update.win32_1.0.0.201904181610/tools/bin/../lib/gcc/arm-none-eabi/7.3.1/thumb/v7e-m/fpv4-sp/hard\libgcc.a
LOAD c:/st/stm32cubeide_1.3.0/stm32cubeide/plugins/com.st.stm32cube.ide.mcu.externaltools.gnu-tools-for-stm32.7-2018-q2-update.win32_1.0.0.201904181610/tools/bin/../lib/gcc/arm-none-eabi/7.3.1/../../../../arm-none-eabi/lib/thumb/v7e-m/fpv4-sp/hard\libc_nano.a
LOAD c:/st/stm32cubeide_1.3.0/stm32cubeide/plugins/com.st.stm32cube.ide.mcu.externaltools.gnu-tools-for-stm32.7-2018-q2-update.win32_1.0.0.201904181610/tools/bin/../lib/gcc/arm-none-eabi/7.3.1/../../../../arm-none-eabi/lib/thumb/v7e-m/fpv4-sp/hard\libnosys.a
END GROUP
START GROUP
LOAD c:/st/stm32cubeide_1.3.0/stm32cubeide/plugins/com.st.stm32cube.ide.mcu.externaltools.gnu-tools-for-stm32.7-2018-q2-update.win32_1.0.0.201904181610/tools/bin/../lib/gcc/arm-none-eabi/7.3.1/thumb/v7e-m/fpv4-sp/hard\libgcc.a
LOAD c:/st/stm32cubeide_1.3.0/stm32cubeide/plugins/com.st.stm32cube.ide.mcu.externaltools.gnu-tools-for-stm32.7-2018-q2-update.win32_1.0.0.201904181610/tools/bin/../lib/gcc/arm-none-eabi/7.3.1/../../../../arm-none-eabi/lib/thumb/v7e-m/fpv4-sp/hard\libc_nano.a
LOAD c:/st/stm32cubeide_1.3.0/stm32cubeide/plugins/com.st.stm32cube.ide.mcu.externaltools.gnu-tools-for-stm32.7-2018-q2-update.win32_1.0.0.201904181610/tools/bin/../lib/gcc/arm-none-eabi/7.3.1/../../../../arm-none-eabi/lib/thumb/v7e-m/fpv4-sp/hard\libnosys.a
END GROUP
LOAD c:/st/stm32cubeide_1.3.0/stm32cubeide/plugins/com.st.stm32cube.ide.mcu.externaltools.gnu-tools-for-stm32.7-2018-q2-update.win32_1.0.0.201904181610/tools/bin/../lib/gcc/arm-none-eabi/7.3.1/thumb/v7e-m/fpv4-sp/hard/crtend.o
LOAD c:/st/stm32cubeide_1.3.0/stm32cubeide/plugins/com.st.stm32cube.ide.mcu.externaltools.gnu-tools-for-stm32.7-2018-q2-update.win32_1.0.0.201904181610/tools/bin/../lib/gcc/arm-none-eabi/7.3.1/thumb/v7e-m/fpv4-sp/hard/crtn.o
                0x0000000020050000                _estack = (ORIGIN (RAM) + LENGTH (RAM))
                0x0000000000000200                _Min_Heap_Size = 0x200
                0x0000000000000400                _Min_Stack_Size = 0x400

.isr_vector     0x0000000008000000      0x1c8
                0x0000000008000000                . = ALIGN (0x4)
 *(.isr_vector)
 .isr_vector    0x0000000008000000      0x1c8 startup_stm32f746nghx.o
                0x0000000008000000                g_pfnVectors
                0x0000000008000000                _vectors
                0x00000000080001c8                . = ALIGN (0x4)

.text           0x00000000080001d0     0x4f84
                0x00000000080001d0                . = ALIGN (0x4)
 *(.text)
 .text          0x00000000080001d0       0x40 c:/st/stm32cubeide_1.3.0/stm32cubeide/plugins/com.st.stm32cube.ide.mcu.externaltools.gnu-tools-for-stm32.7-2018-q2-update.win32_1.0.0.201904181610/tools/bin/../lib/gcc/arm-none-eabi/7.3.1/thumb/v7e-m/fpv4-sp/hard/crtbegin.o
 .text          0x0000000008000210       0x94 ../../tx/Debug\libtx.a(tx_initialize_low_level.o)
                0x0000000008000210                _tx_initialize_low_level
                0x000000000800025e                __tx_BadHandler
                0x0000000008000262                __tx_HardfaultHandler
                0x0000000008000266                __tx_SVCallHandler
                0x000000000800026a                __tx_IntHandler
                0x0000000008000272                __tx_SysTickHandler
                0x0000000008000272                SysTick_Handler
                0x000000000800027e                __tx_NMIHandler
                0x0000000008000282                __tx_DBGHandler
 *fill*         0x00000000080002a4        0xc 
 .text          0x00000000080002b0       0xa0 ../../tx/Debug\libtx.a(tx_thread_schedule.o)
                0x00000000080002b0                _tx_thread_schedule
                0x00000000080002d0                __tx_PendSVHandler
                0x00000000080002d0                PendSV_Handler
 .text          0x0000000008000350       0xc8 ../../tx/Debug\libtx.a(tx_timer_interrupt.o)
                0x0000000008000350                _tx_timer_interrupt
 *fill*         0x0000000008000418        0x8 
 .text          0x0000000008000420       0x48 ../../tx/Debug\libtx.a(tx_thread_stack_build.o)
                0x0000000008000420                _tx_thread_stack_build
 .text          0x0000000008000468       0x30 c:/st/stm32cubeide_1.3.0/stm32cubeide/plugins/com.st.stm32cube.ide.mcu.externaltools.gnu-tools-for-stm32.7-2018-q2-update.win32_1.0.0.201904181610/tools/bin/../lib/gcc/arm-none-eabi/7.3.1/thumb/v7e-m/fpv4-sp/hard\libgcc.a(_aeabi_uldivmod.o)
                0x0000000008000468                __aeabi_uldivmod
 .text          0x0000000008000498      0x2cc c:/st/stm32cubeide_1.3.0/stm32cubeide/plugins/com.st.stm32cube.ide.mcu.externaltools.gnu-tools-for-stm32.7-2018-q2-update.win32_1.0.0.201904181610/tools/bin/../lib/gcc/arm-none-eabi/7.3.1/thumb/v7e-m/fpv4-sp/hard\libgcc.a(_udivmoddi4.o)
                0x0000000008000498                __udivmoddi4
 .text          0x0000000008000764        0x4 c:/st/stm32cubeide_1.3.0/stm32cubeide/plugins/com.st.stm32cube.ide.mcu.externaltools.gnu-tools-for-stm32.7-2018-q2-update.win32_1.0.0.201904181610/tools/bin/../lib/gcc/arm-none-eabi/7.3.1/thumb/v7e-m/fpv4-sp/hard\libgcc.a(_dvmd_tls.o)
                0x0000000008000764                __aeabi_idiv0
                0x0000000008000764                __aeabi_ldiv0
 *(.text*)
 .text.SCB_EnableICache
                0x0000000008000768       0x40 common_hardware_code.o
 .text.SCB_EnableDCache
                0x00000000080007a8       0x80 common_hardware_code.o
 .text.hardware_rand_initialize
                0x0000000008000828       0x28 common_hardware_code.o
                0x0000000008000828                hardware_rand_initialize
 .text.HAL_UART_MspInit
                0x0000000008000850      0x128 common_hardware_code.o
                0x0000000008000850                HAL_UART_MspInit
 .text.MX_USART1_UART_Init
                0x0000000008000978       0x5c common_hardware_code.o
 .text.SystemClock_Config
                0x00000000080009d4       0x9a common_hardware_code.o
 *fill*         0x0000000008000a6e        0x2 
 .text.MPU_Config
                0x0000000008000a70       0x88 common_hardware_code.o
 .text.CPU_CACHE_Enable
                0x0000000008000af8       0x10 common_hardware_code.o
 .text.hardware_setup
                0x0000000008000b08       0x24 common_hardware_code.o
                0x0000000008000b08                hardware_setup
 .text.main     0x0000000008000b2c       0x1c sample_threadx.o
                0x0000000008000b2c                main
 .text.tx_application_define
                0x0000000008000b48      0x300 sample_threadx.o
                0x0000000008000b48                tx_application_define
 .text.thread_0_entry
                0x0000000008000e48       0x40 sample_threadx.o
                0x0000000008000e48                thread_0_entry
 .text.thread_1_entry
                0x0000000008000e88       0x48 sample_threadx.o
                0x0000000008000e88                thread_1_entry
 .text.thread_2_entry
                0x0000000008000ed0       0x54 sample_threadx.o
                0x0000000008000ed0                thread_2_entry
 .text.thread_3_and_4_entry
                0x0000000008000f24       0x68 sample_threadx.o
                0x0000000008000f24                thread_3_and_4_entry
 .text.thread_5_entry
                0x0000000008000f8c       0x48 sample_threadx.o
                0x0000000008000f8c                thread_5_entry
 .text.thread_6_and_7_entry
                0x0000000008000fd4       0x90 sample_threadx.o
                0x0000000008000fd4                thread_6_and_7_entry
 .text.Reset_Handler
                0x0000000008001064       0x50 startup_stm32f746nghx.o
                0x0000000008001064                Reset_Handler
 .text.Default_Handler
                0x00000000080010b4        0xa startup_stm32f746nghx.o
                0x00000000080010b4                HASH_RNG_IRQHandler
                0x00000000080010b4                EXTI2_IRQHandler
                0x00000000080010b4                TIM8_CC_IRQHandler
                0x00000000080010b4                DebugMon_Handler
                0x00000000080010b4                UART8_IRQHandler
                0x00000000080010b4                SPI4_IRQHandler
                0x00000000080010b4                TIM1_CC_IRQHandler
                0x00000000080010b4                QuadSPI_IRQHandler
                0x00000000080010b4                DMA2_Stream5_IRQHandler
                0x00000000080010b4                DMA1_Stream5_IRQHandler
                0x00000000080010b4                PVD_IRQHandler
                0x00000000080010b4                TAMP_STAMP_IRQHandler
                0x00000000080010b4                NMI_Handler
                0x00000000080010b4                CAN2_RX1_IRQHandler
                0x00000000080010b4                EXTI3_IRQHandler
                0x00000000080010b4                TIM8_TRG_COM_TIM14_IRQHandler
                0x00000000080010b4                TIM1_UP_TIM10_IRQHandler
                0x00000000080010b4                TIM8_UP_TIM13_IRQHandler
                0x00000000080010b4                I2C3_ER_IRQHandler
                0x00000000080010b4                LCD_TFT_IRQHandler
                0x00000000080010b4                EXTI0_IRQHandler
                0x00000000080010b4                I2C2_EV_IRQHandler
                0x00000000080010b4                DMA1_Stream2_IRQHandler
                0x00000000080010b4                CAN1_RX0_IRQHandler
                0x00000000080010b4                FPU_IRQHandler
                0x00000000080010b4                OTG_HS_WKUP_IRQHandler
                0x00000000080010b4                LTDC_ER_IRQHandler
                0x00000000080010b4                CAN2_SCE_IRQHandler
                0x00000000080010b4                DMA2_Stream2_IRQHandler
                0x00000000080010b4                SPI1_IRQHandler
                0x00000000080010b4                TIM1_BRK_TIM9_IRQHandler
                0x00000000080010b4                DCMI_IRQHandler
                0x00000000080010b4                CAN2_RX0_IRQHandler
                0x00000000080010b4                DMA2_Stream3_IRQHandler
                0x00000000080010b4                RTC_ALARM_IRQHandler
                0x00000000080010b4                SAI2_IRQHandler
                0x00000000080010b4                USART6_IRQHandler
                0x00000000080010b4                USART3_IRQHandler
                0x00000000080010b4                CRYP_IRQHandler
                0x00000000080010b4                CAN1_RX1_IRQHandler
                0x00000000080010b4                UART5_IRQHandler
                0x00000000080010b4                DMA2_Stream0_IRQHandler
                0x00000000080010b4                TIM4_IRQHandler
                0x00000000080010b4                I2C1_EV_IRQHandler
                0x00000000080010b4                HDMI_CEC_IRQHandler
                0x00000000080010b4                DMA1_Stream6_IRQHandler
                0x00000000080010b4                DMA1_Stream1_IRQHandler
                0x00000000080010b4                UART4_IRQHandler
                0x00000000080010b4                TIM3_IRQHandler
                0x00000000080010b4                RCC_IRQHandler
                0x00000000080010b4                TIM8_BRK_TIM12_IRQHandler
                0x00000000080010b4                Default_Handler
                0x00000000080010b4                EXTI15_10_IRQHandler
                0x00000000080010b4                ADC_IRQHandler
                0x00000000080010b4                DMA1_Stream7_IRQHandler
                0x00000000080010b4                SPI5_IRQHandler
                0x00000000080010b4                LPTimer1_IRQHandler
                0x00000000080010b4                TIM7_IRQHandler
                0x00000000080010b4                SDMMC1_IRQHandler
                0x00000000080010b4                CAN2_TX_IRQHandler
                0x00000000080010b4                TIM5_IRQHandler
                0x00000000080010b4                DMA2_Stream7_IRQHandler
                0x00000000080010b4                I2C3_EV_IRQHandler
                0x00000000080010b4                EXTI9_5_IRQHandler
                0x00000000080010b4                RTC_WKUP_IRQHandler
                0x00000000080010b4                ETH_WKUP_IRQHandler
                0x00000000080010b4                SPI2_IRQHandler
                0x00000000080010b4                OTG_HS_EP1_IN_IRQHandler
                0x00000000080010b4                DMA1_Stream0_IRQHandler
                0x00000000080010b4                CAN1_TX_IRQHandler
                0x00000000080010b4                SVC_Handler
                0x00000000080010b4                EXTI4_IRQHandler
                0x00000000080010b4                ETH_IRQHandler
                0x00000000080010b4                OTG_HS_EP1_OUT_IRQHandler
                0x00000000080010b4                WWDG_IRQHandler
                0x00000000080010b4                SPI6_IRQHandler
                0x00000000080010b4                I2C4_EV_IRQHandler
                0x00000000080010b4                TIM2_IRQHandler
                0x00000000080010b4                OTG_FS_WKUP_IRQHandler
                0x00000000080010b4                TIM1_TRG_COM_TIM11_IRQHandler
                0x00000000080010b4                OTG_HS_IRQHandler
                0x00000000080010b4                DMA2D_IRQHandler
                0x00000000080010b4                EXTI1_IRQHandler
                0x00000000080010b4                UART7_IRQHandler
                0x00000000080010b4                USART2_IRQHandler
                0x00000000080010b4                I2C2_ER_IRQHandler
                0x00000000080010b4                SPDIFRX_IRQHandler
                0x00000000080010b4                DMA2_Stream1_IRQHandler
                0x00000000080010b4                CAN1_SCE_IRQHandler
                0x00000000080010b4                FLASH_IRQHandler
                0x00000000080010b4                DMA2_Stream4_IRQHandler
                0x00000000080010b4                USART1_IRQHandler
                0x00000000080010b4                OTG_FS_IRQHandler
                0x00000000080010b4                SPI3_IRQHandler
                0x00000000080010b4                DMA1_Stream4_IRQHandler
                0x00000000080010b4                I2C1_ER_IRQHandler
                0x00000000080010b4                FMC_IRQHandler
                0x00000000080010b4                I2C4_ER_IRQHandler
                0x00000000080010b4                DMA2_Stream6_IRQHandler
                0x00000000080010b4                SAI1_IRQHandler
                0x00000000080010b4                DMA1_Stream3_IRQHandler
 *fill*         0x00000000080010be        0x2 
 .text.BSP_SDRAM_MspInit
                0x00000000080010c0      0x174 ../../stm32f7xx_library/Debug\libstm32f7xx_library.a(stm32746g_discovery_sdram.o)
                0x00000000080010c0                BSP_SDRAM_MspInit
 .text.BSP_SDRAM_Init
                0x0000000008001234      0x110 ../../stm32f7xx_library/Debug\libstm32f7xx_library.a(stm32746g_discovery_sdram.o)
                0x0000000008001234                BSP_SDRAM_Init
 .text.HAL_MspInit
                0x0000000008001344        0x4 ../../stm32f7xx_library/Debug\libstm32f7xx_library.a(stm32f7xx_hal.o)
                0x0000000008001344                HAL_MspInit
 .text.HAL_Init
                0x0000000008001348       0x24 ../../stm32f7xx_library/Debug\libstm32f7xx_library.a(stm32f7xx_hal.o)
                0x0000000008001348                HAL_Init
 .text.HAL_IncTick
                0x000000000800136c       0x18 ../../stm32f7xx_library/Debug\libstm32f7xx_library.a(stm32f7xx_hal.o)
                0x000000000800136c                HAL_IncTick
 .text.HAL_GetTick
                0x0000000008001384        0xc ../../stm32f7xx_library/Debug\libstm32f7xx_library.a(stm32f7xx_hal.o)
                0x0000000008001384                HAL_GetTick
 .text.HAL_Delay
                0x0000000008001390       0x24 ../../stm32f7xx_library/Debug\libstm32f7xx_library.a(stm32f7xx_hal.o)
                0x0000000008001390                HAL_Delay
 .text.HAL_NVIC_SetPriorityGrouping
                0x00000000080013b4       0x28 ../../stm32f7xx_library/Debug\libstm32f7xx_library.a(stm32f7xx_hal_cortex.o)
                0x00000000080013b4                HAL_NVIC_SetPriorityGrouping
 .text.HAL_NVIC_SetPriority
                0x00000000080013dc       0x6c ../../stm32f7xx_library/Debug\libstm32f7xx_library.a(stm32f7xx_hal_cortex.o)
                0x00000000080013dc                HAL_NVIC_SetPriority
 .text.HAL_NVIC_EnableIRQ
                0x0000000008001448       0x1c ../../stm32f7xx_library/Debug\libstm32f7xx_library.a(stm32f7xx_hal_cortex.o)
                0x0000000008001448                HAL_NVIC_EnableIRQ
 .text.HAL_MPU_Disable
                0x0000000008001464       0x20 ../../stm32f7xx_library/Debug\libstm32f7xx_library.a(stm32f7xx_hal_cortex.o)
                0x0000000008001464                HAL_MPU_Disable
 .text.HAL_MPU_Enable
                0x0000000008001484       0x24 ../../stm32f7xx_library/Debug\libstm32f7xx_library.a(stm32f7xx_hal_cortex.o)
                0x0000000008001484                HAL_MPU_Enable
 .text.HAL_MPU_ConfigRegion
                0x00000000080014a8       0x50 ../../stm32f7xx_library/Debug\libstm32f7xx_library.a(stm32f7xx_hal_cortex.o)
                0x00000000080014a8                HAL_MPU_ConfigRegion
 .text.HAL_DMA_Init
                0x00000000080014f8      0x138 ../../stm32f7xx_library/Debug\libstm32f7xx_library.a(stm32f7xx_hal_dma.o)
                0x00000000080014f8                HAL_DMA_Init
 .text.HAL_DMA_DeInit
                0x0000000008001630       0x84 ../../stm32f7xx_library/Debug\libstm32f7xx_library.a(stm32f7xx_hal_dma.o)
                0x0000000008001630                HAL_DMA_DeInit
 .text.HAL_GPIO_Init
                0x00000000080016b4      0x20c ../../stm32f7xx_library/Debug\libstm32f7xx_library.a(stm32f7xx_hal_gpio.o)
                0x00000000080016b4                HAL_GPIO_Init
 .text.HAL_PWREx_EnableOverDrive
                0x00000000080018c0       0x78 ../../stm32f7xx_library/Debug\libstm32f7xx_library.a(stm32f7xx_hal_pwr_ex.o)
                0x00000000080018c0                HAL_PWREx_EnableOverDrive
 .text.HAL_RCC_OscConfig
                0x0000000008001938      0x3f4 ../../stm32f7xx_library/Debug\libstm32f7xx_library.a(stm32f7xx_hal_rcc.o)
                0x0000000008001938                HAL_RCC_OscConfig
 .text.HAL_RCC_ClockConfig
                0x0000000008001d2c      0x198 ../../stm32f7xx_library/Debug\libstm32f7xx_library.a(stm32f7xx_hal_rcc.o)
                0x0000000008001d2c                HAL_RCC_ClockConfig
 .text.HAL_RCC_GetSysClockFreq
                0x0000000008001ec4       0x68 ../../stm32f7xx_library/Debug\libstm32f7xx_library.a(stm32f7xx_hal_rcc.o)
                0x0000000008001ec4                HAL_RCC_GetSysClockFreq
 .text.HAL_RCC_GetPCLK1Freq
                0x0000000008001f2c       0x20 ../../stm32f7xx_library/Debug\libstm32f7xx_library.a(stm32f7xx_hal_rcc.o)
                0x0000000008001f2c                HAL_RCC_GetPCLK1Freq
 .text.HAL_RCC_GetPCLK2Freq
                0x0000000008001f4c       0x20 ../../stm32f7xx_library/Debug\libstm32f7xx_library.a(stm32f7xx_hal_rcc.o)
                0x0000000008001f4c                HAL_RCC_GetPCLK2Freq
 .text.HAL_RCC_GetClockConfig
                0x0000000008001f6c       0x44 ../../stm32f7xx_library/Debug\libstm32f7xx_library.a(stm32f7xx_hal_rcc.o)
                0x0000000008001f6c                HAL_RCC_GetClockConfig
 .text.HAL_SDRAM_MspInit
                0x0000000008001fb0        0x4 ../../stm32f7xx_library/Debug\libstm32f7xx_library.a(stm32f7xx_hal_sdram.o)
                0x0000000008001fb0                HAL_SDRAM_MspInit
 .text.HAL_SDRAM_Init
                0x0000000008001fb4       0x44 ../../stm32f7xx_library/Debug\libstm32f7xx_library.a(stm32f7xx_hal_sdram.o)
                0x0000000008001fb4                HAL_SDRAM_Init
 .text.HAL_SDRAM_SendCommand
                0x0000000008001ff8       0x34 ../../stm32f7xx_library/Debug\libstm32f7xx_library.a(stm32f7xx_hal_sdram.o)
                0x0000000008001ff8                HAL_SDRAM_SendCommand
 .text.HAL_SDRAM_ProgramRefreshRate
                0x000000000800202c       0x28 ../../stm32f7xx_library/Debug\libstm32f7xx_library.a(stm32f7xx_hal_sdram.o)
                0x000000000800202c                HAL_SDRAM_ProgramRefreshRate
 .text.HAL_InitTick
                0x0000000008002054       0x88 ../../stm32f7xx_library/Debug\libstm32f7xx_library.a(stm32f7xx_hal_timebase_tim_template.o)
                0x0000000008002054                HAL_InitTick
 .text.HAL_TIM_PeriodElapsedCallback
                0x00000000080020dc        0x4 ../../stm32f7xx_library/Debug\libstm32f7xx_library.a(stm32f7xx_hal_timebase_tim_template.o)
                0x00000000080020dc                HAL_TIM_PeriodElapsedCallback
 .text.TIM6_DAC_IRQHandler
                0x00000000080020e0        0xc ../../stm32f7xx_library/Debug\libstm32f7xx_library.a(stm32f7xx_hal_timebase_tim_template.o)
                0x00000000080020e0                TIM6_DAC_IRQHandler
 .text.UART_AdvFeatureConfig
                0x00000000080020ec       0xb0 ../../stm32f7xx_library/Debug\libstm32f7xx_library.a(stm32f7xx_hal_uart.o)
                0x00000000080020ec                UART_AdvFeatureConfig
 .text.HAL_UART_Init
                0x000000000800219c      0x3e4 ../../stm32f7xx_library/Debug\libstm32f7xx_library.a(stm32f7xx_hal_uart.o)
                0x000000000800219c                HAL_UART_Init
 .text.FMC_SDRAM_Init
                0x0000000008002580       0x7c ../../stm32f7xx_library/Debug\libstm32f7xx_library.a(stm32f7xx_ll_fmc.o)
                0x0000000008002580                FMC_SDRAM_Init
 .text.FMC_SDRAM_Timing_Init
                0x00000000080025fc       0xa4 ../../stm32f7xx_library/Debug\libstm32f7xx_library.a(stm32f7xx_ll_fmc.o)
                0x00000000080025fc                FMC_SDRAM_Timing_Init
 .text.FMC_SDRAM_SendCommand
                0x00000000080026a0       0x2c ../../stm32f7xx_library/Debug\libstm32f7xx_library.a(stm32f7xx_ll_fmc.o)
                0x00000000080026a0                FMC_SDRAM_SendCommand
 .text.FMC_SDRAM_ProgramRefreshRate
                0x00000000080026cc       0x10 ../../stm32f7xx_library/Debug\libstm32f7xx_library.a(stm32f7xx_ll_fmc.o)
                0x00000000080026cc                FMC_SDRAM_ProgramRefreshRate
 .text.SystemInit
                0x00000000080026dc       0x1c ../../stm32f7xx_library/Debug\libstm32f7xx_library.a(system_stm32f7xx.o)
                0x00000000080026dc                SystemInit
 .text.HAL_TIM_Base_MspInit
                0x00000000080026f8        0x4 ../../stm32f7xx_library/Debug\libstm32f7xx_library.a(stm32f7xx_hal_tim.o)
                0x00000000080026f8                HAL_TIM_Base_MspInit
 .text.HAL_TIM_Base_Init
                0x00000000080026fc      0x108 ../../stm32f7xx_library/Debug\libstm32f7xx_library.a(stm32f7xx_hal_tim.o)
                0x00000000080026fc                HAL_TIM_Base_Init
 .text.HAL_TIM_Base_Start_IT
                0x0000000008002804       0x2c ../../stm32f7xx_library/Debug\libstm32f7xx_library.a(stm32f7xx_hal_tim.o)
                0x0000000008002804                HAL_TIM_Base_Start_IT
 .text.HAL_TIM_OC_DelayElapsedCallback
                0x0000000008002830        0x4 ../../stm32f7xx_library/Debug\libstm32f7xx_library.a(stm32f7xx_hal_tim.o)
                0x0000000008002830                HAL_TIM_OC_DelayElapsedCallback
 .text.HAL_TIM_IC_CaptureCallback
                0x0000000008002834        0x4 ../../stm32f7xx_library/Debug\libstm32f7xx_library.a(stm32f7xx_hal_tim.o)
                0x0000000008002834                HAL_TIM_IC_CaptureCallback
 .text.HAL_TIM_PWM_PulseFinishedCallback
                0x0000000008002838        0x4 ../../stm32f7xx_library/Debug\libstm32f7xx_library.a(stm32f7xx_hal_tim.o)
                0x0000000008002838                HAL_TIM_PWM_PulseFinishedCallback
 .text.HAL_TIM_TriggerCallback
                0x000000000800283c        0x4 ../../stm32f7xx_library/Debug\libstm32f7xx_library.a(stm32f7xx_hal_tim.o)
                0x000000000800283c                HAL_TIM_TriggerCallback
 .text.HAL_TIM_IRQHandler
                0x0000000008002840      0x170 ../../stm32f7xx_library/Debug\libstm32f7xx_library.a(stm32f7xx_hal_tim.o)
                0x0000000008002840                HAL_TIM_IRQHandler
 .text.HAL_TIMEx_CommutCallback
                0x00000000080029b0        0x4 ../../stm32f7xx_library/Debug\libstm32f7xx_library.a(stm32f7xx_hal_tim_ex.o)
                0x00000000080029b0                HAL_TIMEx_CommutCallback
 .text.HAL_TIMEx_BreakCallback
                0x00000000080029b4        0x4 ../../stm32f7xx_library/Debug\libstm32f7xx_library.a(stm32f7xx_hal_tim_ex.o)
                0x00000000080029b4                HAL_TIMEx_BreakCallback
 .text.HAL_TIMEx_Break2Callback
                0x00000000080029b8        0x4 ../../stm32f7xx_library/Debug\libstm32f7xx_library.a(stm32f7xx_hal_tim_ex.o)
                0x00000000080029b8                HAL_TIMEx_Break2Callback
 .text._tx_initialize_kernel_enter
                0x00000000080029bc       0x48 ../../tx/Debug\libtx.a(tx_initialize_kernel_enter.o)
                0x00000000080029bc                _tx_initialize_kernel_enter
 .text._tx_thread_initialize
                0x0000000008002a04       0x70 ../../tx/Debug\libtx.a(tx_thread_initialize.o)
                0x0000000008002a04                _tx_thread_initialize
 .text._tx_thread_sleep
                0x0000000008002a74       0x6c ../../tx/Debug\libtx.a(tx_thread_sleep.o)
                0x0000000008002a74                _tx_thread_sleep
 .text._tx_thread_system_suspend
                0x0000000008002ae0      0x188 ../../tx/Debug\libtx.a(tx_thread_system_suspend.o)
                0x0000000008002ae0                _tx_thread_system_suspend
 .text._tx_timer_initialize
                0x0000000008002c68       0xec ../../tx/Debug\libtx.a(tx_timer_initialize.o)
                0x0000000008002c68                _tx_timer_initialize
 .text._tx_timer_system_activate
                0x0000000008002d54       0x54 ../../tx/Debug\libtx.a(tx_timer_system_activate.o)
                0x0000000008002d54                _tx_timer_system_activate
 .text._tx_timer_thread_entry
                0x0000000008002da8      0x124 ../../tx/Debug\libtx.a(tx_timer_thread_entry.o)
                0x0000000008002da8                _tx_timer_thread_entry
 .text._txe_block_allocate
                0x0000000008002ecc       0x58 ../../tx/Debug\libtx.a(txe_block_allocate.o)
                0x0000000008002ecc                _txe_block_allocate
 .text._txe_block_pool_create
                0x0000000008002f24       0xe8 ../../tx/Debug\libtx.a(txe_block_pool_create.o)
                0x0000000008002f24                _txe_block_pool_create
 .text._txe_block_release
                0x000000000800300c       0x1c ../../tx/Debug\libtx.a(txe_block_release.o)
                0x000000000800300c                _txe_block_release
 .text._txe_byte_allocate
                0x0000000008003028       0x7c ../../tx/Debug\libtx.a(txe_byte_allocate.o)
                0x0000000008003028                _txe_byte_allocate
 .text._txe_byte_pool_create
                0x00000000080030a4       0xd8 ../../tx/Debug\libtx.a(txe_byte_pool_create.o)
                0x00000000080030a4                _txe_byte_pool_create
 .text._txe_event_flags_create
                0x000000000800317c       0xb8 ../../tx/Debug\libtx.a(txe_event_flags_create.o)
                0x000000000800317c                _txe_event_flags_create
 .text._txe_event_flags_get
                0x0000000008003234       0x58 ../../tx/Debug\libtx.a(txe_event_flags_get.o)
                0x0000000008003234                _txe_event_flags_get
 .text._txe_event_flags_set
                0x000000000800328c       0x2c ../../tx/Debug\libtx.a(txe_event_flags_set.o)
                0x000000000800328c                _txe_event_flags_set
 .text._txe_mutex_create
                0x00000000080032b8       0xd4 ../../tx/Debug\libtx.a(txe_mutex_create.o)
                0x00000000080032b8                _txe_mutex_create
 .text._txe_mutex_get
                0x000000000800338c       0x68 ../../tx/Debug\libtx.a(txe_mutex_get.o)
                0x000000000800338c                _txe_mutex_get
 .text._txe_mutex_put
                0x00000000080033f4       0x38 ../../tx/Debug\libtx.a(txe_mutex_put.o)
                0x00000000080033f4                _txe_mutex_put
 .text._txe_queue_create
                0x000000000800342c       0xe8 ../../tx/Debug\libtx.a(txe_queue_create.o)
                0x000000000800342c                _txe_queue_create
 .text._txe_queue_receive
                0x0000000008003514       0x58 ../../tx/Debug\libtx.a(txe_queue_receive.o)
                0x0000000008003514                _txe_queue_receive
 .text._txe_queue_send
                0x000000000800356c       0x58 ../../tx/Debug\libtx.a(txe_queue_send.o)
                0x000000000800356c                _txe_queue_send
 .text._txe_semaphore_create
                0x00000000080035c4       0xb4 ../../tx/Debug\libtx.a(txe_semaphore_create.o)
                0x00000000080035c4                _txe_semaphore_create
 .text._txe_semaphore_get
                0x0000000008003678       0x40 ../../tx/Debug\libtx.a(txe_semaphore_get.o)
                0x0000000008003678                _txe_semaphore_get
 .text._txe_semaphore_put
                0x00000000080036b8       0x18 ../../tx/Debug\libtx.a(txe_semaphore_put.o)
                0x00000000080036b8                _txe_semaphore_put
 .text._txe_thread_create
                0x00000000080036d0      0x170 ../../tx/Debug\libtx.a(txe_thread_create.o)
                0x00000000080036d0                _txe_thread_create
 .text._tx_block_allocate
                0x0000000008003840       0xa0 ../../tx/Debug\libtx.a(tx_block_allocate.o)
                0x0000000008003840                _tx_block_allocate
 .text._tx_block_pool_cleanup
                0x00000000080038e0       0x80 ../../tx/Debug\libtx.a(tx_block_pool_cleanup.o)
                0x00000000080038e0                _tx_block_pool_cleanup
 .text._tx_block_pool_create
                0x0000000008003960       0xc4 ../../tx/Debug\libtx.a(tx_block_pool_create.o)
                0x0000000008003960                _tx_block_pool_create
 .text._tx_block_release
                0x0000000008003a24       0x64 ../../tx/Debug\libtx.a(tx_block_release.o)
                0x0000000008003a24                _tx_block_release
 .text._tx_byte_allocate
                0x0000000008003a88       0xc8 ../../tx/Debug\libtx.a(tx_byte_allocate.o)
                0x0000000008003a88                _tx_byte_allocate
 .text._tx_byte_pool_cleanup
                0x0000000008003b50       0x80 ../../tx/Debug\libtx.a(tx_byte_pool_cleanup.o)
                0x0000000008003b50                _tx_byte_pool_cleanup
 .text._tx_byte_pool_create
                0x0000000008003bd0       0x88 ../../tx/Debug\libtx.a(tx_byte_pool_create.o)
                0x0000000008003bd0                _tx_byte_pool_create
 .text._tx_byte_pool_search
                0x0000000008003c58       0xe0 ../../tx/Debug\libtx.a(tx_byte_pool_search.o)
                0x0000000008003c58                _tx_byte_pool_search
 .text._tx_event_flags_create
                0x0000000008003d38       0x50 ../../tx/Debug\libtx.a(tx_event_flags_create.o)
                0x0000000008003d38                _tx_event_flags_create
 .text._tx_event_flags_get
                0x0000000008003d88       0xe4 ../../tx/Debug\libtx.a(tx_event_flags_get.o)
                0x0000000008003d88                _tx_event_flags_get
 .text._tx_event_flags_set
                0x0000000008003e6c      0x208 ../../tx/Debug\libtx.a(tx_event_flags_set.o)
                0x0000000008003e6c                _tx_event_flags_set
 .text._tx_initialize_high_level
                0x0000000008004074       0x70 ../../tx/Debug\libtx.a(tx_initialize_high_level.o)
                0x0000000008004074                _tx_initialize_high_level
 .text._tx_mutex_create
                0x00000000080040e4       0x60 ../../tx/Debug\libtx.a(tx_mutex_create.o)
                0x00000000080040e4                _tx_mutex_create
 .text._tx_mutex_get
                0x0000000008004144      0x104 ../../tx/Debug\libtx.a(tx_mutex_get.o)
                0x0000000008004144                _tx_mutex_get
 .text._tx_mutex_priority_change
                0x0000000008004248       0xd0 ../../tx/Debug\libtx.a(tx_mutex_priority_change.o)
                0x0000000008004248                _tx_mutex_priority_change
 .text._tx_mutex_put
                0x0000000008004318      0x214 ../../tx/Debug\libtx.a(tx_mutex_put.o)
                0x0000000008004318                _tx_mutex_put
 .text._tx_queue_create
                0x000000000800452c       0x6c ../../tx/Debug\libtx.a(tx_queue_create.o)
                0x000000000800452c                _tx_queue_create
 .text._tx_queue_receive
                0x0000000008004598      0x1f0 ../../tx/Debug\libtx.a(tx_queue_receive.o)
                0x0000000008004598                _tx_queue_receive
 .text._tx_queue_send
                0x0000000008004788      0x14c ../../tx/Debug\libtx.a(tx_queue_send.o)
                0x0000000008004788                _tx_queue_send
 .text._tx_semaphore_create
                0x00000000080048d4       0x54 ../../tx/Debug\libtx.a(tx_semaphore_create.o)
                0x00000000080048d4                _tx_semaphore_create
 .text._tx_semaphore_get
                0x0000000008004928       0x84 ../../tx/Debug\libtx.a(tx_semaphore_get.o)
                0x0000000008004928                _tx_semaphore_get
 .text._tx_semaphore_put
                0x00000000080049ac       0x64 ../../tx/Debug\libtx.a(tx_semaphore_put.o)
                0x00000000080049ac                _tx_semaphore_put
 .text._tx_thread_create
                0x0000000008004a10      0x12c ../../tx/Debug\libtx.a(tx_thread_create.o)
                0x0000000008004a10                _tx_thread_create
 .text._tx_thread_shell_entry
                0x0000000008004b3c       0x68 ../../tx/Debug\libtx.a(tx_thread_shell_entry.o)
                0x0000000008004b3c                _tx_thread_shell_entry
 .text._tx_thread_system_preempt_check
                0x0000000008004ba4       0x3c ../../tx/Debug\libtx.a(tx_thread_system_preempt_check.o)
                0x0000000008004ba4                _tx_thread_system_preempt_check
 .text._tx_thread_system_resume
                0x0000000008004be0      0x10c ../../tx/Debug\libtx.a(tx_thread_system_resume.o)
                0x0000000008004be0                _tx_thread_system_resume
 .text._tx_thread_time_slice
                0x0000000008004cec       0x74 ../../tx/Debug\libtx.a(tx_thread_time_slice.o)
                0x0000000008004cec                _tx_thread_time_slice
 .text._tx_thread_timeout
                0x0000000008004d60       0x40 ../../tx/Debug\libtx.a(tx_thread_timeout.o)
                0x0000000008004d60                _tx_thread_timeout
 .text._tx_timer_expiration_process
                0x0000000008004da0       0x20 ../../tx/Debug\libtx.a(tx_timer_expiration_process.o)
                0x0000000008004da0                _tx_timer_expiration_process
 .text._tx_timer_system_deactivate
                0x0000000008004dc0       0x30 ../../tx/Debug\libtx.a(tx_timer_system_deactivate.o)
                0x0000000008004dc0                _tx_timer_system_deactivate
 .text._tx_event_flags_cleanup
                0x0000000008004df0       0x84 ../../tx/Debug\libtx.a(tx_event_flags_cleanup.o)
                0x0000000008004df0                _tx_event_flags_cleanup
 .text._tx_mutex_cleanup
                0x0000000008004e74       0x80 ../../tx/Debug\libtx.a(tx_mutex_cleanup.o)
                0x0000000008004e74                _tx_mutex_cleanup
 .text._tx_mutex_thread_release
                0x0000000008004ef4       0x44 ../../tx/Debug\libtx.a(tx_mutex_cleanup.o)
                0x0000000008004ef4                _tx_mutex_thread_release
 .text._tx_mutex_prioritize
                0x0000000008004f38       0xa4 ../../tx/Debug\libtx.a(tx_mutex_prioritize.o)
                0x0000000008004f38                _tx_mutex_prioritize
 .text._tx_queue_cleanup
                0x0000000008004fdc       0x88 ../../tx/Debug\libtx.a(tx_queue_cleanup.o)
                0x0000000008004fdc                _tx_queue_cleanup
 .text._tx_semaphore_cleanup
                0x0000000008005064       0x80 ../../tx/Debug\libtx.a(tx_semaphore_cleanup.o)
                0x0000000008005064                _tx_semaphore_cleanup
 .text.__libc_init_array
                0x00000000080050e4       0x48 c:/st/stm32cubeide_1.3.0/stm32cubeide/plugins/com.st.stm32cube.ide.mcu.externaltools.gnu-tools-for-stm32.7-2018-q2-update.win32_1.0.0.201904181610/tools/bin/../lib/gcc/arm-none-eabi/7.3.1/../../../../arm-none-eabi/lib/thumb/v7e-m/fpv4-sp/hard\libc_nano.a(lib_a-init.o)
                0x00000000080050e4                __libc_init_array
 .text.memset   0x000000000800512c       0x10 c:/st/stm32cubeide_1.3.0/stm32cubeide/plugins/com.st.stm32cube.ide.mcu.externaltools.gnu-tools-for-stm32.7-2018-q2-update.win32_1.0.0.201904181610/tools/bin/../lib/gcc/arm-none-eabi/7.3.1/../../../../arm-none-eabi/lib/thumb/v7e-m/fpv4-sp/hard\libc_nano.a(lib_a-memset.o)
                0x000000000800512c                memset
 *(.glue_7)
 .glue_7        0x000000000800513c        0x0 linker stubs
 *(.glue_7t)
 .glue_7t       0x000000000800513c        0x0 linker stubs
 *(.eh_frame)
 .eh_frame      0x000000000800513c        0x0 c:/st/stm32cubeide_1.3.0/stm32cubeide/plugins/com.st.stm32cube.ide.mcu.externaltools.gnu-tools-for-stm32.7-2018-q2-update.win32_1.0.0.201904181610/tools/bin/../lib/gcc/arm-none-eabi/7.3.1/thumb/v7e-m/fpv4-sp/hard/crtbegin.o
 *(.init)
 .init          0x000000000800513c        0x4 c:/st/stm32cubeide_1.3.0/stm32cubeide/plugins/com.st.stm32cube.ide.mcu.externaltools.gnu-tools-for-stm32.7-2018-q2-update.win32_1.0.0.201904181610/tools/bin/../lib/gcc/arm-none-eabi/7.3.1/thumb/v7e-m/fpv4-sp/hard/crti.o
                0x000000000800513c                _init
 .init          0x0000000008005140        0x8 c:/st/stm32cubeide_1.3.0/stm32cubeide/plugins/com.st.stm32cube.ide.mcu.externaltools.gnu-tools-for-stm32.7-2018-q2-update.win32_1.0.0.201904181610/tools/bin/../lib/gcc/arm-none-eabi/7.3.1/thumb/v7e-m/fpv4-sp/hard/crtn.o
 *(.fini)
 .fini          0x0000000008005148        0x4 c:/st/stm32cubeide_1.3.0/stm32cubeide/plugins/com.st.stm32cube.ide.mcu.externaltools.gnu-tools-for-stm32.7-2018-q2-update.win32_1.0.0.201904181610/tools/bin/../lib/gcc/arm-none-eabi/7.3.1/thumb/v7e-m/fpv4-sp/hard/crti.o
                0x0000000008005148                _fini
 .fini          0x000000000800514c        0x8 c:/st/stm32cubeide_1.3.0/stm32cubeide/plugins/com.st.stm32cube.ide.mcu.externaltools.gnu-tools-for-stm32.7-2018-q2-update.win32_1.0.0.201904181610/tools/bin/../lib/gcc/arm-none-eabi/7.3.1/thumb/v7e-m/fpv4-sp/hard/crtn.o
                0x0000000008005154                . = ALIGN (0x4)
                0x0000000008005154                _etext = .

.vfp11_veneer   0x0000000008005154        0x0
 .vfp11_veneer  0x0000000008005154        0x0 linker stubs

.v4_bx          0x0000000008005154        0x0
 .v4_bx         0x0000000008005154        0x0 linker stubs

.iplt           0x0000000008005154        0x0
 .iplt          0x0000000008005154        0x0 c:/st/stm32cubeide_1.3.0/stm32cubeide/plugins/com.st.stm32cube.ide.mcu.externaltools.gnu-tools-for-stm32.7-2018-q2-update.win32_1.0.0.201904181610/tools/bin/../lib/gcc/arm-none-eabi/7.3.1/thumb/v7e-m/fpv4-sp/hard/crtbegin.o

.rodata         0x0000000008005154       0xf0
                0x0000000008005154                . = ALIGN (0x4)
 *(.rodata)
 .rodata        0x0000000008005154       0xa5 sample_threadx.o
 *(.rodata*)
 *fill*         0x00000000080051f9        0x3 
 .rodata.flagBitshiftOffset.12446
                0x00000000080051fc        0x8 ../../stm32f7xx_library/Debug\libstm32f7xx_library.a(stm32f7xx_hal_dma.o)
 .rodata.CSWTCH.52
                0x0000000008005204        0x4 ../../stm32f7xx_library/Debug\libstm32f7xx_library.a(stm32f7xx_hal_uart.o)
 .rodata.CSWTCH.53
                0x0000000008005208        0xd ../../stm32f7xx_library/Debug\libstm32f7xx_library.a(stm32f7xx_hal_uart.o)
 *fill*         0x0000000008005215        0x3 
 .rodata.AHBPrescTable
                0x0000000008005218       0x10 ../../stm32f7xx_library/Debug\libstm32f7xx_library.a(system_stm32f7xx.o)
                0x0000000008005218                AHBPrescTable
 .rodata.APBPrescTable
                0x0000000008005228        0x8 ../../stm32f7xx_library/Debug\libstm32f7xx_library.a(system_stm32f7xx.o)
                0x0000000008005228                APBPrescTable
 .rodata._tx_timer_initialize.str1.4
                0x0000000008005230       0x14 ../../tx/Debug\libtx.a(tx_timer_initialize.o)
                0x0000000008005244                . = ALIGN (0x4)

.ARM.extab      0x0000000008005244        0x0
                0x0000000008005244                . = ALIGN (0x4)
 *(.ARM.extab* .gnu.linkonce.armextab.*)
                0x0000000008005244                . = ALIGN (0x4)

.ARM            0x0000000008005244        0x8
                0x0000000008005244                . = ALIGN (0x4)
                0x0000000008005244                __exidx_start = .
 *(.ARM.exidx*)
 .ARM.exidx     0x0000000008005244        0x8 c:/st/stm32cubeide_1.3.0/stm32cubeide/plugins/com.st.stm32cube.ide.mcu.externaltools.gnu-tools-for-stm32.7-2018-q2-update.win32_1.0.0.201904181610/tools/bin/../lib/gcc/arm-none-eabi/7.3.1/thumb/v7e-m/fpv4-sp/hard\libgcc.a(_udivmoddi4.o)
                0x000000000800524c                __exidx_end = .
                0x000000000800524c                . = ALIGN (0x4)

.rel.dyn        0x000000000800524c        0x0
 .rel.iplt      0x000000000800524c        0x0 c:/st/stm32cubeide_1.3.0/stm32cubeide/plugins/com.st.stm32cube.ide.mcu.externaltools.gnu-tools-for-stm32.7-2018-q2-update.win32_1.0.0.201904181610/tools/bin/../lib/gcc/arm-none-eabi/7.3.1/thumb/v7e-m/fpv4-sp/hard/crtbegin.o

.preinit_array  0x000000000800524c        0x0
                0x000000000800524c                . = ALIGN (0x4)
                0x000000000800524c                PROVIDE (__preinit_array_start = .)
 *(.preinit_array*)
                0x000000000800524c                PROVIDE (__preinit_array_end = .)
                0x000000000800524c                . = ALIGN (0x4)

.init_array     0x000000000800524c        0x4
                0x000000000800524c                . = ALIGN (0x4)
                0x000000000800524c                PROVIDE (__init_array_start = .)
 *(SORT_BY_NAME(.init_array.*))
 *(.init_array*)
 .init_array    0x000000000800524c        0x4 c:/st/stm32cubeide_1.3.0/stm32cubeide/plugins/com.st.stm32cube.ide.mcu.externaltools.gnu-tools-for-stm32.7-2018-q2-update.win32_1.0.0.201904181610/tools/bin/../lib/gcc/arm-none-eabi/7.3.1/thumb/v7e-m/fpv4-sp/hard/crtbegin.o
                0x0000000008005250                PROVIDE (__init_array_end = .)
                0x0000000008005250                . = ALIGN (0x4)

.fini_array     0x0000000008005250        0x4
                0x0000000008005250                . = ALIGN (0x4)
                [!provide]                        PROVIDE (__fini_array_start = .)
 *(SORT_BY_NAME(.fini_array.*))
 *(.fini_array*)
 .fini_array    0x0000000008005250        0x4 c:/st/stm32cubeide_1.3.0/stm32cubeide/plugins/com.st.stm32cube.ide.mcu.externaltools.gnu-tools-for-stm32.7-2018-q2-update.win32_1.0.0.201904181610/tools/bin/../lib/gcc/arm-none-eabi/7.3.1/thumb/v7e-m/fpv4-sp/hard/crtbegin.o
                [!provide]                        PROVIDE (__fini_array_end = .)
                0x0000000008005254                . = ALIGN (0x4)
                0x0000000008005254                _sidata = LOADADDR (.data)

.ram_start
 *(.RAM_START)

.data           0x0000000020000000       0x10 load address 0x0000000008005254
                0x0000000020000000                . = ALIGN (0x4)
                0x0000000020000000                _sdata = .
 *(.data)
 *(.data*)
 .data.sdramstatus.12362
                0x0000000020000000        0x1 ../../stm32f7xx_library/Debug\libstm32f7xx_library.a(stm32746g_discovery_sdram.o)
 .data.uwTickFreq
                0x0000000020000001        0x1 ../../stm32f7xx_library/Debug\libstm32f7xx_library.a(stm32f7xx_hal.o)
                0x0000000020000001                uwTickFreq
 *fill*         0x0000000020000002        0x2 
 .data.uwTickPrio
                0x0000000020000004        0x4 ../../stm32f7xx_library/Debug\libstm32f7xx_library.a(stm32f7xx_hal.o)
                0x0000000020000004                uwTickPrio
 .data.SystemCoreClock
                0x0000000020000008        0x4 ../../stm32f7xx_library/Debug\libstm32f7xx_library.a(system_stm32f7xx.o)
                0x0000000020000008                SystemCoreClock
 .data._tx_thread_system_state
                0x000000002000000c        0x4 ../../tx/Debug\libtx.a(tx_thread_initialize.o)
                0x000000002000000c                _tx_thread_system_state
                0x0000000020000010                . = ALIGN (0x4)
                0x0000000020000010                _edata = .

.igot.plt       0x0000000020000010        0x0 load address 0x0000000008005264
 .igot.plt      0x0000000020000010        0x0 c:/st/stm32cubeide_1.3.0/stm32cubeide/plugins/com.st.stm32cube.ide.mcu.externaltools.gnu-tools-for-stm32.7-2018-q2-update.win32_1.0.0.201904181610/tools/bin/../lib/gcc/arm-none-eabi/7.3.1/thumb/v7e-m/fpv4-sp/hard/crtbegin.o

.sd_ram
 *(.SD_RAM)
                0x0000000020000010                . = ALIGN (0x4)

.bss            0x0000000020000010      0xf94
                0x0000000020000010                _sbss = .
                0x0000000020000010                __bss_start__ = _sbss
 *(.bss)
 .bss           0x0000000020000010       0x1c c:/st/stm32cubeide_1.3.0/stm32cubeide/plugins/com.st.stm32cube.ide.mcu.externaltools.gnu-tools-for-stm32.7-2018-q2-update.win32_1.0.0.201904181610/tools/bin/../lib/gcc/arm-none-eabi/7.3.1/thumb/v7e-m/fpv4-sp/hard/crtbegin.o
 *(.bss*)
 .bss.Command   0x000000002000002c       0x10 ../../stm32f7xx_library/Debug\libstm32f7xx_library.a(stm32746g_discovery_sdram.o)
 .bss.Timing    0x000000002000003c       0x1c ../../stm32f7xx_library/Debug\libstm32f7xx_library.a(stm32746g_discovery_sdram.o)
 .bss.dma_handle.12398
                0x0000000020000058       0x60 ../../stm32f7xx_library/Debug\libstm32f7xx_library.a(stm32746g_discovery_sdram.o)
 *(COMMON)
 COMMON         0x00000000200000b8       0x80 common_hardware_code.o
                0x00000000200000b8                huart1
 COMMON         0x0000000020000138      0x790 sample_threadx.o
                0x0000000020000138                thread_2
                0x0000000020000200                thread_3_counter
                0x0000000020000204                thread_5_counter
                0x0000000020000208                semaphore_0
                0x0000000020000228                thread_7
                0x00000000200002f0                thread_7_counter
                0x00000000200002f4                thread_0_counter
                0x00000000200002f8                thread_2_counter
                0x0000000020000300                thread_4
                0x00000000200003c8                thread_4_counter
                0x00000000200003d0                thread_1
                0x0000000020000498                thread_6
                0x0000000020000560                thread_1_counter
                0x0000000020000564                byte_pool_0
                0x0000000020000598                mutex_0
                0x00000000200005d0                thread_3
                0x0000000020000698                thread_0
                0x0000000020000760                queue_0
                0x000000002000079c                thread_1_messages_sent
                0x00000000200007a0                thread_2_messages_received
                0x00000000200007a4                thread_6_counter
                0x00000000200007a8                event_flags_0
                0x00000000200007d0                block_pool_0
                0x0000000020000800                thread_5
 COMMON         0x00000000200008c8       0x34 ../../stm32f7xx_library/Debug\libstm32f7xx_library.a(stm32746g_discovery_sdram.o)
                0x00000000200008c8                sdramHandle
 COMMON         0x00000000200008fc        0x4 ../../stm32f7xx_library/Debug\libstm32f7xx_library.a(stm32f7xx_hal.o)
                0x00000000200008fc                uwTick
 COMMON         0x0000000020000900       0x40 ../../stm32f7xx_library/Debug\libstm32f7xx_library.a(stm32f7xx_hal_timebase_tim_template.o)
                0x0000000020000900                TimHandle
 COMMON         0x0000000020000940       0xac ../../tx/Debug\libtx.a(tx_thread_initialize.o)
                0x0000000020000940                _tx_thread_priority_list
                0x00000000200009c0                _tx_thread_mutex_release
                0x00000000200009c4                _tx_thread_priority_maps
                0x00000000200009c8                _tx_thread_created_ptr
                0x00000000200009cc                _tx_build_options
                0x00000000200009d0                _tx_thread_created_count
                0x00000000200009d4                _tx_thread_system_stack_ptr
                0x00000000200009d8                _tx_thread_preempt_disable
                0x00000000200009dc                _tx_thread_current_ptr
                0x00000000200009e0                _tx_thread_execute_ptr
                0x00000000200009e4                _tx_thread_highest_priority
                0x00000000200009e8                _tx_thread_preempted_maps
 *fill*         0x00000000200009ec        0x4 
 COMMON         0x00000000200009f0      0x580 ../../tx/Debug\libtx.a(tx_timer_initialize.o)
                0x00000000200009f0                _tx_timer_current_ptr
                0x00000000200009f4                _tx_timer_list
                0x0000000020000a74                _tx_timer_expired
                0x0000000020000a78                _tx_timer_time_slice
                0x0000000020000a7c                _tx_timer_priority
                0x0000000020000a80                _tx_timer_list_end
                0x0000000020000a88                _tx_timer_thread
                0x0000000020000b50                _tx_timer_expired_timer_ptr
                0x0000000020000b54                _tx_timer_list_start
                0x0000000020000b58                _tx_timer_created_ptr
                0x0000000020000b5c                _tx_timer_stack_size
                0x0000000020000b60                _tx_timer_thread_stack_area
                0x0000000020000f60                _tx_timer_stack_start
                0x0000000020000f64                _tx_timer_created_count
                0x0000000020000f68                _tx_timer_expired_time_slice
                0x0000000020000f6c                _tx_timer_system_clock
 COMMON         0x0000000020000f70       0x34 ../../tx/Debug\libtx.a(tx_initialize_high_level.o)
                0x0000000020000f70                _tx_event_flags_created_ptr
                0x0000000020000f74                _tx_mutex_created_count
                0x0000000020000f78                _tx_mutex_created_ptr
                0x0000000020000f7c                _tx_queue_created_count
                0x0000000020000f80                _tx_semaphore_created_ptr
                0x0000000020000f84                _tx_byte_pool_created_ptr
                0x0000000020000f88                _tx_initialize_unused_memory
                0x0000000020000f8c                _tx_block_pool_created_count
                0x0000000020000f90                _tx_semaphore_created_count
                0x0000000020000f94                _tx_event_flags_created_count
                0x0000000020000f98                _tx_block_pool_created_ptr
                0x0000000020000f9c                _tx_queue_created_ptr
                0x0000000020000fa0                _tx_byte_pool_created_count
                0x0000000020000fa4                . = ALIGN (0x4)
                0x0000000020000fa4                _ebss = .
                0x0000000020000fa4                __bss_end__ = _ebss

._user_heap_stack
                0x0000000020000fa4      0x604
                0x0000000020000fa8                . = ALIGN (0x8)
 *fill*         0x0000000020000fa4        0x4 
                [!provide]                        PROVIDE (end = .)
                [!provide]                        PROVIDE (_end = .)
                0x00000000200011a8                . = (. + _Min_Heap_Size)
 *fill*         0x0000000020000fa8      0x200 
                0x00000000200015a8                . = (. + _Min_Stack_Size)
 *fill*         0x00000000200011a8      0x400 
                0x00000000200015a8                . = ALIGN (0x8)
                0x00000000200015a8                __RAM_segment_used_end__ = .

/DISCARD/
 libc.a(*)
 libm.a(*)
 libgcc.a(*)

.ARM.attributes
                0x0000000000000000       0x30
 *(.ARM.attributes)
 .ARM.attributes
                0x0000000000000000       0x22 c:/st/stm32cubeide_1.3.0/stm32cubeide/plugins/com.st.stm32cube.ide.mcu.externaltools.gnu-tools-for-stm32.7-2018-q2-update.win32_1.0.0.201904181610/tools/bin/../lib/gcc/arm-none-eabi/7.3.1/thumb/v7e-m/fpv4-sp/hard/crti.o
 .ARM.attributes
                0x0000000000000022       0x34 c:/st/stm32cubeide_1.3.0/stm32cubeide/plugins/com.st.stm32cube.ide.mcu.externaltools.gnu-tools-for-stm32.7-2018-q2-update.win32_1.0.0.201904181610/tools/bin/../lib/gcc/arm-none-eabi/7.3.1/thumb/v7e-m/fpv4-sp/hard/crtbegin.o
 .ARM.attributes
                0x0000000000000056       0x39 common_hardware_code.o
 .ARM.attributes
                0x000000000000008f       0x39 sample_threadx.o
 .ARM.attributes
                0x00000000000000c8       0x21 startup_stm32f746nghx.o
 .ARM.attributes
                0x00000000000000e9       0x35 ../../stm32f7xx_library/Debug\libstm32f7xx_library.a(stm32746g_discovery_sdram.o)
 .ARM.attributes
                0x000000000000011e       0x35 ../../stm32f7xx_library/Debug\libstm32f7xx_library.a(stm32f7xx_hal.o)
 .ARM.attributes
                0x0000000000000153       0x35 ../../stm32f7xx_library/Debug\libstm32f7xx_library.a(stm32f7xx_hal_cortex.o)
 .ARM.attributes
                0x0000000000000188       0x35 ../../stm32f7xx_library/Debug\libstm32f7xx_library.a(stm32f7xx_hal_dma.o)
 .ARM.attributes
                0x00000000000001bd       0x35 ../../stm32f7xx_library/Debug\libstm32f7xx_library.a(stm32f7xx_hal_gpio.o)
 .ARM.attributes
                0x00000000000001f2       0x35 ../../stm32f7xx_library/Debug\libstm32f7xx_library.a(stm32f7xx_hal_pwr_ex.o)
 .ARM.attributes
                0x0000000000000227       0x35 ../../stm32f7xx_library/Debug\libstm32f7xx_library.a(stm32f7xx_hal_rcc.o)
 .ARM.attributes
                0x000000000000025c       0x35 ../../stm32f7xx_library/Debug\libstm32f7xx_library.a(stm32f7xx_hal_sdram.o)
 .ARM.attributes
                0x0000000000000291       0x35 ../../stm32f7xx_library/Debug\libstm32f7xx_library.a(stm32f7xx_hal_timebase_tim_template.o)
 .ARM.attributes
                0x00000000000002c6       0x35 ../../stm32f7xx_library/Debug\libstm32f7xx_library.a(stm32f7xx_hal_uart.o)
 .ARM.attributes
                0x00000000000002fb       0x35 ../../stm32f7xx_library/Debug\libstm32f7xx_library.a(stm32f7xx_ll_fmc.o)
 .ARM.attributes
                0x0000000000000330       0x35 ../../stm32f7xx_library/Debug\libstm32f7xx_library.a(system_stm32f7xx.o)
 .ARM.attributes
                0x0000000000000365       0x35 ../../stm32f7xx_library/Debug\libstm32f7xx_library.a(stm32f7xx_hal_tim.o)
 .ARM.attributes
                0x000000000000039a       0x35 ../../stm32f7xx_library/Debug\libstm32f7xx_library.a(stm32f7xx_hal_tim_ex.o)
 .ARM.attributes
                0x00000000000003cf       0x35 ../../tx/Debug\libtx.a(tx_initialize_kernel_enter.o)
 .ARM.attributes
                0x0000000000000404       0x25 ../../tx/Debug\libtx.a(tx_initialize_low_level.o)
 .ARM.attributes
                0x0000000000000429       0x35 ../../tx/Debug\libtx.a(tx_thread_initialize.o)
 .ARM.attributes
                0x000000000000045e       0x25 ../../tx/Debug\libtx.a(tx_thread_schedule.o)
 .ARM.attributes
                0x0000000000000483       0x35 ../../tx/Debug\libtx.a(tx_thread_sleep.o)
 .ARM.attributes
                0x00000000000004b8       0x35 ../../tx/Debug\libtx.a(tx_thread_system_suspend.o)
 .ARM.attributes
                0x00000000000004ed       0x35 ../../tx/Debug\libtx.a(tx_timer_initialize.o)
 .ARM.attributes
                0x0000000000000522       0x25 ../../tx/Debug\libtx.a(tx_timer_interrupt.o)
 .ARM.attributes
                0x0000000000000547       0x35 ../../tx/Debug\libtx.a(tx_timer_system_activate.o)
 .ARM.attributes
                0x000000000000057c       0x35 ../../tx/Debug\libtx.a(tx_timer_thread_entry.o)
 .ARM.attributes
                0x00000000000005b1       0x35 ../../tx/Debug\libtx.a(txe_block_allocate.o)
 .ARM.attributes
                0x00000000000005e6       0x35 ../../tx/Debug\libtx.a(txe_block_pool_create.o)
 .ARM.attributes
                0x000000000000061b       0x35 ../../tx/Debug\libtx.a(txe_block_release.o)
 .ARM.attributes
                0x0000000000000650       0x35 ../../tx/Debug\libtx.a(txe_byte_allocate.o)
 .ARM.attributes
                0x0000000000000685       0x35 ../../tx/Debug\libtx.a(txe_byte_pool_create.o)
 .ARM.attributes
                0x00000000000006ba       0x35 ../../tx/Debug\libtx.a(txe_event_flags_create.o)
 .ARM.attributes
                0x00000000000006ef       0x35 ../../tx/Debug\libtx.a(txe_event_flags_get.o)
 .ARM.attributes
                0x0000000000000724       0x35 ../../tx/Debug\libtx.a(txe_event_flags_set.o)
 .ARM.attributes
                0x0000000000000759       0x35 ../../tx/Debug\libtx.a(txe_mutex_create.o)
 .ARM.attributes
                0x000000000000078e       0x35 ../../tx/Debug\libtx.a(txe_mutex_get.o)
 .ARM.attributes
                0x00000000000007c3       0x35 ../../tx/Debug\libtx.a(txe_mutex_put.o)
 .ARM.attributes
                0x00000000000007f8       0x35 ../../tx/Debug\libtx.a(txe_queue_create.o)
 .ARM.attributes
                0x000000000000082d       0x35 ../../tx/Debug\libtx.a(txe_queue_receive.o)
 .ARM.attributes
                0x0000000000000862       0x35 ../../tx/Debug\libtx.a(txe_queue_send.o)
 .ARM.attributes
                0x0000000000000897       0x35 ../../tx/Debug\libtx.a(txe_semaphore_create.o)
 .ARM.attributes
                0x00000000000008cc       0x35 ../../tx/Debug\libtx.a(txe_semaphore_get.o)
 .ARM.attributes
                0x0000000000000901       0x35 ../../tx/Debug\libtx.a(txe_semaphore_put.o)
 .ARM.attributes
                0x0000000000000936       0x35 ../../tx/Debug\libtx.a(txe_thread_create.o)
 .ARM.attributes
                0x000000000000096b       0x35 ../../tx/Debug\libtx.a(tx_block_allocate.o)
 .ARM.attributes
                0x00000000000009a0       0x35 ../../tx/Debug\libtx.a(tx_block_pool_cleanup.o)
 .ARM.attributes
                0x00000000000009d5       0x35 ../../tx/Debug\libtx.a(tx_block_pool_create.o)
 .ARM.attributes
                0x0000000000000a0a       0x35 ../../tx/Debug\libtx.a(tx_block_release.o)
 .ARM.attributes
                0x0000000000000a3f       0x35 ../../tx/Debug\libtx.a(tx_byte_allocate.o)
 .ARM.attributes
                0x0000000000000a74       0x35 ../../tx/Debug\libtx.a(tx_byte_pool_cleanup.o)
 .ARM.attributes
                0x0000000000000aa9       0x35 ../../tx/Debug\libtx.a(tx_byte_pool_create.o)
 .ARM.attributes
                0x0000000000000ade       0x35 ../../tx/Debug\libtx.a(tx_byte_pool_search.o)
 .ARM.attributes
                0x0000000000000b13       0x35 ../../tx/Debug\libtx.a(tx_event_flags_create.o)
 .ARM.attributes
                0x0000000000000b48       0x35 ../../tx/Debug\libtx.a(tx_event_flags_get.o)
 .ARM.attributes
                0x0000000000000b7d       0x35 ../../tx/Debug\libtx.a(tx_event_flags_set.o)
 .ARM.attributes
                0x0000000000000bb2       0x35 ../../tx/Debug\libtx.a(tx_initialize_high_level.o)
 .ARM.attributes
                0x0000000000000be7       0x35 ../../tx/Debug\libtx.a(tx_mutex_create.o)
 .ARM.attributes
                0x0000000000000c1c       0x35 ../../tx/Debug\libtx.a(tx_mutex_get.o)
 .ARM.attributes
                0x0000000000000c51       0x35 ../../tx/Debug\libtx.a(tx_mutex_priority_change.o)
 .ARM.attributes
                0x0000000000000c86       0x35 ../../tx/Debug\libtx.a(tx_mutex_put.o)
 .ARM.attributes
                0x0000000000000cbb       0x35 ../../tx/Debug\libtx.a(tx_queue_create.o)
 .ARM.attributes
                0x0000000000000cf0       0x35 ../../tx/Debug\libtx.a(tx_queue_receive.o)
 .ARM.attributes
                0x0000000000000d25       0x35 ../../tx/Debug\libtx.a(tx_queue_send.o)
 .ARM.attributes
                0x0000000000000d5a       0x35 ../../tx/Debug\libtx.a(tx_semaphore_create.o)
 .ARM.attributes
                0x0000000000000d8f       0x35 ../../tx/Debug\libtx.a(tx_semaphore_get.o)
 .ARM.attributes
                0x0000000000000dc4       0x35 ../../tx/Debug\libtx.a(tx_semaphore_put.o)
 .ARM.attributes
                0x0000000000000df9       0x35 ../../tx/Debug\libtx.a(tx_thread_create.o)
 .ARM.attributes
                0x0000000000000e2e       0x35 ../../tx/Debug\libtx.a(tx_thread_shell_entry.o)
 .ARM.attributes
                0x0000000000000e63       0x25 ../../tx/Debug\libtx.a(tx_thread_stack_build.o)
 .ARM.attributes
                0x0000000000000e88       0x35 ../../tx/Debug\libtx.a(tx_thread_system_preempt_check.o)
 .ARM.attributes
                0x0000000000000ebd       0x35 ../../tx/Debug\libtx.a(tx_thread_system_resume.o)
 .ARM.attributes
                0x0000000000000ef2       0x35 ../../tx/Debug\libtx.a(tx_thread_time_slice.o)
 .ARM.attributes
                0x0000000000000f27       0x35 ../../tx/Debug\libtx.a(tx_thread_timeout.o)
 .ARM.attributes
                0x0000000000000f5c       0x35 ../../tx/Debug\libtx.a(tx_timer_expiration_process.o)
 .ARM.attributes
                0x0000000000000f91       0x35 ../../tx/Debug\libtx.a(tx_timer_system_deactivate.o)
 .ARM.attributes
                0x0000000000000fc6       0x35 ../../tx/Debug\libtx.a(tx_event_flags_cleanup.o)
 .ARM.attributes
                0x0000000000000ffb       0x35 ../../tx/Debug\libtx.a(tx_mutex_cleanup.o)
 .ARM.attributes
                0x0000000000001030       0x35 ../../tx/Debug\libtx.a(tx_mutex_prioritize.o)
 .ARM.attributes
                0x0000000000001065       0x35 ../../tx/Debug\libtx.a(tx_queue_cleanup.o)
 .ARM.attributes
                0x000000000000109a       0x35 ../../tx/Debug\libtx.a(tx_semaphore_cleanup.o)
 .ARM.attributes
                0x00000000000010cf       0x34 c:/st/stm32cubeide_1.3.0/stm32cubeide/plugins/com.st.stm32cube.ide.mcu.externaltools.gnu-tools-for-stm32.7-2018-q2-update.win32_1.0.0.201904181610/tools/bin/../lib/gcc/arm-none-eabi/7.3.1/../../../../arm-none-eabi/lib/thumb/v7e-m/fpv4-sp/hard\libc_nano.a(lib_a-init.o)
 .ARM.attributes
                0x0000000000001103       0x34 c:/st/stm32cubeide_1.3.0/stm32cubeide/plugins/com.st.stm32cube.ide.mcu.externaltools.gnu-tools-for-stm32.7-2018-q2-update.win32_1.0.0.201904181610/tools/bin/../lib/gcc/arm-none-eabi/7.3.1/../../../../arm-none-eabi/lib/thumb/v7e-m/fpv4-sp/hard\libc_nano.a(lib_a-memset.o)
 .ARM.attributes
                0x0000000000001137       0x22 c:/st/stm32cubeide_1.3.0/stm32cubeide/plugins/com.st.stm32cube.ide.mcu.externaltools.gnu-tools-for-stm32.7-2018-q2-update.win32_1.0.0.201904181610/tools/bin/../lib/gcc/arm-none-eabi/7.3.1/thumb/v7e-m/fpv4-sp/hard\libgcc.a(_aeabi_uldivmod.o)
 .ARM.attributes
                0x0000000000001159       0x34 c:/st/stm32cubeide_1.3.0/stm32cubeide/plugins/com.st.stm32cube.ide.mcu.externaltools.gnu-tools-for-stm32.7-2018-q2-update.win32_1.0.0.201904181610/tools/bin/../lib/gcc/arm-none-eabi/7.3.1/thumb/v7e-m/fpv4-sp/hard\libgcc.a(_udivmoddi4.o)
 .ARM.attributes
                0x000000000000118d       0x22 c:/st/stm32cubeide_1.3.0/stm32cubeide/plugins/com.st.stm32cube.ide.mcu.externaltools.gnu-tools-for-stm32.7-2018-q2-update.win32_1.0.0.201904181610/tools/bin/../lib/gcc/arm-none-eabi/7.3.1/thumb/v7e-m/fpv4-sp/hard\libgcc.a(_dvmd_tls.o)
 .ARM.attributes
                0x00000000000011af       0x22 c:/st/stm32cubeide_1.3.0/stm32cubeide/plugins/com.st.stm32cube.ide.mcu.externaltools.gnu-tools-for-stm32.7-2018-q2-update.win32_1.0.0.201904181610/tools/bin/../lib/gcc/arm-none-eabi/7.3.1/thumb/v7e-m/fpv4-sp/hard/crtn.o
OUTPUT(sample_threadx.elf elf32-littlearm)

.debug_info     0x0000000000000000    0x4dcd0
 .debug_info    0x0000000000000000     0x11d0 common_hardware_code.o
 .debug_info    0x00000000000011d0     0x14bb sample_threadx.o
 .debug_info    0x000000000000268b       0x22 startup_stm32f746nghx.o
 .debug_info    0x00000000000026ad     0x13c0 ../../stm32f7xx_library/Debug\libstm32f7xx_library.a(stm32746g_discovery_sdram.o)
 .debug_info    0x0000000000003a6d      0x80c ../../stm32f7xx_library/Debug\libstm32f7xx_library.a(stm32f7xx_hal.o)
 .debug_info    0x0000000000004279     0x11a8 ../../stm32f7xx_library/Debug\libstm32f7xx_library.a(stm32f7xx_hal_cortex.o)
 .debug_info    0x0000000000005421      0xb1e ../../stm32f7xx_library/Debug\libstm32f7xx_library.a(stm32f7xx_hal_dma.o)
 .debug_info    0x0000000000005f3f      0x7f0 ../../stm32f7xx_library/Debug\libstm32f7xx_library.a(stm32f7xx_hal_gpio.o)
 .debug_info    0x000000000000672f      0xa34 ../../stm32f7xx_library/Debug\libstm32f7xx_library.a(stm32f7xx_hal_pwr_ex.o)
 .debug_info    0x0000000000007163      0xbd5 ../../stm32f7xx_library/Debug\libstm32f7xx_library.a(stm32f7xx_hal_rcc.o)
 .debug_info    0x0000000000007d38      0xe2b ../../stm32f7xx_library/Debug\libstm32f7xx_library.a(stm32f7xx_hal_sdram.o)
 .debug_info    0x0000000000008b63      0xd3d ../../stm32f7xx_library/Debug\libstm32f7xx_library.a(stm32f7xx_hal_timebase_tim_template.o)
 .debug_info    0x00000000000098a0     0x2373 ../../stm32f7xx_library/Debug\libstm32f7xx_library.a(stm32f7xx_hal_uart.o)
 .debug_info    0x000000000000bc13      0xd14 ../../stm32f7xx_library/Debug\libstm32f7xx_library.a(stm32f7xx_ll_fmc.o)
 .debug_info    0x000000000000c927      0x6e9 ../../stm32f7xx_library/Debug\libstm32f7xx_library.a(system_stm32f7xx.o)
 .debug_info    0x000000000000d010     0x40a2 ../../stm32f7xx_library/Debug\libstm32f7xx_library.a(stm32f7xx_hal_tim.o)
 .debug_info    0x00000000000110b2     0x15f5 ../../stm32f7xx_library/Debug\libstm32f7xx_library.a(stm32f7xx_hal_tim_ex.o)
 .debug_info    0x00000000000126a7      0xf0e ../../tx/Debug\libtx.a(tx_initialize_kernel_enter.o)
 .debug_info    0x00000000000135b5       0x26 ../../tx/Debug\libtx.a(tx_initialize_low_level.o)
 .debug_info    0x00000000000135db      0xe88 ../../tx/Debug\libtx.a(tx_thread_initialize.o)
 .debug_info    0x0000000000014463       0x26 ../../tx/Debug\libtx.a(tx_thread_schedule.o)
 .debug_info    0x0000000000014489     0x1000 ../../tx/Debug\libtx.a(tx_thread_sleep.o)
 .debug_info    0x0000000000015489     0x1162 ../../tx/Debug\libtx.a(tx_thread_system_suspend.o)
 .debug_info    0x00000000000165eb      0xffc ../../tx/Debug\libtx.a(tx_timer_initialize.o)
 .debug_info    0x00000000000175e7       0x26 ../../tx/Debug\libtx.a(tx_timer_interrupt.o)
 .debug_info    0x000000000001760d      0xe42 ../../tx/Debug\libtx.a(tx_timer_system_activate.o)
 .debug_info    0x000000000001844f     0x10e7 ../../tx/Debug\libtx.a(tx_timer_thread_entry.o)
 .debug_info    0x0000000000019536     0x1045 ../../tx/Debug\libtx.a(txe_block_allocate.o)
 .debug_info    0x000000000001a57b     0x11ab ../../tx/Debug\libtx.a(txe_block_pool_create.o)
 .debug_info    0x000000000001b726      0xde6 ../../tx/Debug\libtx.a(txe_block_release.o)
 .debug_info    0x000000000001c50c     0x10b2 ../../tx/Debug\libtx.a(txe_byte_allocate.o)
 .debug_info    0x000000000001d5be     0x11a9 ../../tx/Debug\libtx.a(txe_byte_pool_create.o)
 .debug_info    0x000000000001e767     0x1156 ../../tx/Debug\libtx.a(txe_event_flags_create.o)
 .debug_info    0x000000000001f8bd     0x1051 ../../tx/Debug\libtx.a(txe_event_flags_get.o)
 .debug_info    0x000000000002090e      0xdd1 ../../tx/Debug\libtx.a(txe_event_flags_set.o)
 .debug_info    0x00000000000216df     0x10bd ../../tx/Debug\libtx.a(txe_mutex_create.o)
 .debug_info    0x000000000002279c      0xfc0 ../../tx/Debug\libtx.a(txe_mutex_get.o)
 .debug_info    0x000000000002375c      0xe3c ../../tx/Debug\libtx.a(txe_mutex_put.o)
 .debug_info    0x0000000000024598     0x11d8 ../../tx/Debug\libtx.a(txe_queue_create.o)
 .debug_info    0x0000000000025770     0x106c ../../tx/Debug\libtx.a(txe_queue_receive.o)
 .debug_info    0x00000000000267dc     0x106c ../../tx/Debug\libtx.a(txe_queue_send.o)
 .debug_info    0x0000000000027848     0x1152 ../../tx/Debug\libtx.a(txe_semaphore_create.o)
 .debug_info    0x000000000002899a      0xffc ../../tx/Debug\libtx.a(txe_semaphore_get.o)
 .debug_info    0x0000000000029996      0xd7f ../../tx/Debug\libtx.a(txe_semaphore_put.o)
 .debug_info    0x000000000002a715     0x1165 ../../tx/Debug\libtx.a(txe_thread_create.o)
 .debug_info    0x000000000002b87a      0xffa ../../tx/Debug\libtx.a(tx_block_allocate.o)
 .debug_info    0x000000000002c874      0xf9b ../../tx/Debug\libtx.a(tx_block_pool_cleanup.o)
 .debug_info    0x000000000002d80f      0xefe ../../tx/Debug\libtx.a(tx_block_pool_create.o)
 .debug_info    0x000000000002e70d      0xf9f ../../tx/Debug\libtx.a(tx_block_release.o)
 .debug_info    0x000000000002f6ac     0x1056 ../../tx/Debug\libtx.a(tx_byte_allocate.o)
 .debug_info    0x0000000000030702      0xfa8 ../../tx/Debug\libtx.a(tx_byte_pool_cleanup.o)
 .debug_info    0x00000000000316aa      0xee0 ../../tx/Debug\libtx.a(tx_byte_pool_create.o)
 .debug_info    0x000000000003258a     0x100f ../../tx/Debug\libtx.a(tx_byte_pool_search.o)
 .debug_info    0x0000000000033599      0xe58 ../../tx/Debug\libtx.a(tx_event_flags_create.o)
 .debug_info    0x00000000000343f1     0x1021 ../../tx/Debug\libtx.a(tx_event_flags_get.o)
 .debug_info    0x0000000000035412     0x1182 ../../tx/Debug\libtx.a(tx_event_flags_set.o)
 .debug_info    0x0000000000036594     0x13ca ../../tx/Debug\libtx.a(tx_initialize_high_level.o)
 .debug_info    0x000000000003795e      0xe97 ../../tx/Debug\libtx.a(tx_mutex_create.o)
 .debug_info    0x00000000000387f5      0xf16 ../../tx/Debug\libtx.a(tx_mutex_get.o)
 .debug_info    0x000000000003970b      0xf55 ../../tx/Debug\libtx.a(tx_mutex_priority_change.o)
 .debug_info    0x000000000003a660     0x1107 ../../tx/Debug\libtx.a(tx_mutex_put.o)
 .debug_info    0x000000000003b767      0xee9 ../../tx/Debug\libtx.a(tx_queue_create.o)
 .debug_info    0x000000000003c650     0x1065 ../../tx/Debug\libtx.a(tx_queue_receive.o)
 .debug_info    0x000000000003d6b5     0x1084 ../../tx/Debug\libtx.a(tx_queue_send.o)
 .debug_info    0x000000000003e739      0xe4d ../../tx/Debug\libtx.a(tx_semaphore_create.o)
 .debug_info    0x000000000003f586      0xf5e ../../tx/Debug\libtx.a(tx_semaphore_get.o)
 .debug_info    0x00000000000404e4      0xf57 ../../tx/Debug\libtx.a(tx_semaphore_put.o)
 .debug_info    0x000000000004143b     0x105b ../../tx/Debug\libtx.a(tx_thread_create.o)
 .debug_info    0x0000000000042496      0xeb7 ../../tx/Debug\libtx.a(tx_thread_shell_entry.o)
 .debug_info    0x000000000004334d       0x26 ../../tx/Debug\libtx.a(tx_thread_stack_build.o)
 .debug_info    0x0000000000043373      0xe9d ../../tx/Debug\libtx.a(tx_thread_system_preempt_check.o)
 .debug_info    0x0000000000044210     0x10dc ../../tx/Debug\libtx.a(tx_thread_system_resume.o)
 .debug_info    0x00000000000452ec      0xf3f ../../tx/Debug\libtx.a(tx_thread_time_slice.o)
 .debug_info    0x000000000004622b      0xfb7 ../../tx/Debug\libtx.a(tx_thread_timeout.o)
 .debug_info    0x00000000000471e2      0xf49 ../../tx/Debug\libtx.a(tx_timer_expiration_process.o)
 .debug_info    0x000000000004812b      0xe15 ../../tx/Debug\libtx.a(tx_timer_system_deactivate.o)
 .debug_info    0x0000000000048f40      0xf8e ../../tx/Debug\libtx.a(tx_event_flags_cleanup.o)
 .debug_info    0x0000000000049ece      0xfc0 ../../tx/Debug\libtx.a(tx_mutex_cleanup.o)
 .debug_info    0x000000000004ae8e      0xf13 ../../tx/Debug\libtx.a(tx_mutex_prioritize.o)
 .debug_info    0x000000000004bda1      0xfc8 ../../tx/Debug\libtx.a(tx_queue_cleanup.o)
 .debug_info    0x000000000004cd69      0xf67 ../../tx/Debug\libtx.a(tx_semaphore_cleanup.o)

.debug_abbrev   0x0000000000000000     0xac1d
 .debug_abbrev  0x0000000000000000      0x2ae common_hardware_code.o
 .debug_abbrev  0x00000000000002ae      0x21f sample_threadx.o
 .debug_abbrev  0x00000000000004cd       0x12 startup_stm32f746nghx.o
 .debug_abbrev  0x00000000000004df      0x299 ../../stm32f7xx_library/Debug\libstm32f7xx_library.a(stm32746g_discovery_sdram.o)
 .debug_abbrev  0x0000000000000778      0x1f3 ../../stm32f7xx_library/Debug\libstm32f7xx_library.a(stm32f7xx_hal.o)
 .debug_abbrev  0x000000000000096b      0x317 ../../stm32f7xx_library/Debug\libstm32f7xx_library.a(stm32f7xx_hal_cortex.o)
 .debug_abbrev  0x0000000000000c82      0x324 ../../stm32f7xx_library/Debug\libstm32f7xx_library.a(stm32f7xx_hal_dma.o)
 .debug_abbrev  0x0000000000000fa6      0x203 ../../stm32f7xx_library/Debug\libstm32f7xx_library.a(stm32f7xx_hal_gpio.o)
 .debug_abbrev  0x00000000000011a9      0x1be ../../stm32f7xx_library/Debug\libstm32f7xx_library.a(stm32f7xx_hal_pwr_ex.o)
 .debug_abbrev  0x0000000000001367      0x2c5 ../../stm32f7xx_library/Debug\libstm32f7xx_library.a(stm32f7xx_hal_rcc.o)
 .debug_abbrev  0x000000000000162c      0x25d ../../stm32f7xx_library/Debug\libstm32f7xx_library.a(stm32f7xx_hal_sdram.o)
 .debug_abbrev  0x0000000000001889      0x235 ../../stm32f7xx_library/Debug\libstm32f7xx_library.a(stm32f7xx_hal_timebase_tim_template.o)
 .debug_abbrev  0x0000000000001abe      0x34b ../../stm32f7xx_library/Debug\libstm32f7xx_library.a(stm32f7xx_hal_uart.o)
 .debug_abbrev  0x0000000000001e09      0x19d ../../stm32f7xx_library/Debug\libstm32f7xx_library.a(stm32f7xx_ll_fmc.o)
 .debug_abbrev  0x0000000000001fa6      0x12d ../../stm32f7xx_library/Debug\libstm32f7xx_library.a(system_stm32f7xx.o)
 .debug_abbrev  0x00000000000020d3      0x33a ../../stm32f7xx_library/Debug\libstm32f7xx_library.a(stm32f7xx_hal_tim.o)
 .debug_abbrev  0x000000000000240d      0x300 ../../stm32f7xx_library/Debug\libstm32f7xx_library.a(stm32f7xx_hal_tim_ex.o)
 .debug_abbrev  0x000000000000270d      0x1bd ../../tx/Debug\libtx.a(tx_initialize_kernel_enter.o)
 .debug_abbrev  0x00000000000028ca       0x14 ../../tx/Debug\libtx.a(tx_initialize_low_level.o)
 .debug_abbrev  0x00000000000028de      0x1c5 ../../tx/Debug\libtx.a(tx_thread_initialize.o)
 .debug_abbrev  0x0000000000002aa3       0x14 ../../tx/Debug\libtx.a(tx_thread_schedule.o)
 .debug_abbrev  0x0000000000002ab7      0x248 ../../tx/Debug\libtx.a(tx_thread_sleep.o)
 .debug_abbrev  0x0000000000002cff      0x27e ../../tx/Debug\libtx.a(tx_thread_system_suspend.o)
 .debug_abbrev  0x0000000000002f7d      0x1e6 ../../tx/Debug\libtx.a(tx_timer_initialize.o)
 .debug_abbrev  0x0000000000003163       0x14 ../../tx/Debug\libtx.a(tx_timer_interrupt.o)
 .debug_abbrev  0x0000000000003177      0x19e ../../tx/Debug\libtx.a(tx_timer_system_activate.o)
 .debug_abbrev  0x0000000000003315      0x28e ../../tx/Debug\libtx.a(tx_timer_thread_entry.o)
 .debug_abbrev  0x00000000000035a3      0x202 ../../tx/Debug\libtx.a(txe_block_allocate.o)
 .debug_abbrev  0x00000000000037a5      0x263 ../../tx/Debug\libtx.a(txe_block_pool_create.o)
 .debug_abbrev  0x0000000000003a08      0x1c7 ../../tx/Debug\libtx.a(txe_block_release.o)
 .debug_abbrev  0x0000000000003bcf      0x202 ../../tx/Debug\libtx.a(txe_byte_allocate.o)
 .debug_abbrev  0x0000000000003dd1      0x263 ../../tx/Debug\libtx.a(txe_byte_pool_create.o)
 .debug_abbrev  0x0000000000004034      0x263 ../../tx/Debug\libtx.a(txe_event_flags_create.o)
 .debug_abbrev  0x0000000000004297      0x20e ../../tx/Debug\libtx.a(txe_event_flags_get.o)
 .debug_abbrev  0x00000000000044a5      0x1c6 ../../tx/Debug\libtx.a(txe_event_flags_set.o)
 .debug_abbrev  0x000000000000466b      0x27b ../../tx/Debug\libtx.a(txe_mutex_create.o)
 .debug_abbrev  0x00000000000048e6      0x202 ../../tx/Debug\libtx.a(txe_mutex_get.o)
 .debug_abbrev  0x0000000000004ae8      0x202 ../../tx/Debug\libtx.a(txe_mutex_put.o)
 .debug_abbrev  0x0000000000004cea      0x263 ../../tx/Debug\libtx.a(txe_queue_create.o)
 .debug_abbrev  0x0000000000004f4d      0x202 ../../tx/Debug\libtx.a(txe_queue_receive.o)
 .debug_abbrev  0x000000000000514f      0x202 ../../tx/Debug\libtx.a(txe_queue_send.o)
 .debug_abbrev  0x0000000000005351      0x263 ../../tx/Debug\libtx.a(txe_semaphore_create.o)
 .debug_abbrev  0x00000000000055b4      0x202 ../../tx/Debug\libtx.a(txe_semaphore_get.o)
 .debug_abbrev  0x00000000000057b6      0x1b8 ../../tx/Debug\libtx.a(txe_semaphore_put.o)
 .debug_abbrev  0x000000000000596e      0x274 ../../tx/Debug\libtx.a(txe_thread_create.o)
 .debug_abbrev  0x0000000000005be2      0x252 ../../tx/Debug\libtx.a(tx_block_allocate.o)
 .debug_abbrev  0x0000000000005e34      0x241 ../../tx/Debug\libtx.a(tx_block_pool_cleanup.o)
 .debug_abbrev  0x0000000000006075      0x23c ../../tx/Debug\libtx.a(tx_block_pool_create.o)
 .debug_abbrev  0x00000000000062b1      0x244 ../../tx/Debug\libtx.a(tx_block_release.o)
 .debug_abbrev  0x00000000000064f5      0x281 ../../tx/Debug\libtx.a(tx_byte_allocate.o)
 .debug_abbrev  0x0000000000006776      0x241 ../../tx/Debug\libtx.a(tx_byte_pool_cleanup.o)
 .debug_abbrev  0x00000000000069b7      0x23c ../../tx/Debug\libtx.a(tx_byte_pool_create.o)
 .debug_abbrev  0x0000000000006bf3      0x23b ../../tx/Debug\libtx.a(tx_byte_pool_search.o)
 .debug_abbrev  0x0000000000006e2e      0x23c ../../tx/Debug\libtx.a(tx_event_flags_create.o)
 .debug_abbrev  0x000000000000706a      0x263 ../../tx/Debug\libtx.a(tx_event_flags_get.o)
 .debug_abbrev  0x00000000000072cd      0x267 ../../tx/Debug\libtx.a(tx_event_flags_set.o)
 .debug_abbrev  0x0000000000007534      0x1cd ../../tx/Debug\libtx.a(tx_initialize_high_level.o)
 .debug_abbrev  0x0000000000007701      0x243 ../../tx/Debug\libtx.a(tx_mutex_create.o)
 .debug_abbrev  0x0000000000007944      0x290 ../../tx/Debug\libtx.a(tx_mutex_get.o)
 .debug_abbrev  0x0000000000007bd4      0x26c ../../tx/Debug\libtx.a(tx_mutex_priority_change.o)
 .debug_abbrev  0x0000000000007e40      0x294 ../../tx/Debug\libtx.a(tx_mutex_put.o)
 .debug_abbrev  0x00000000000080d4      0x23c ../../tx/Debug\libtx.a(tx_queue_create.o)
 .debug_abbrev  0x0000000000008310      0x266 ../../tx/Debug\libtx.a(tx_queue_receive.o)
 .debug_abbrev  0x0000000000008576      0x284 ../../tx/Debug\libtx.a(tx_queue_send.o)
 .debug_abbrev  0x00000000000087fa      0x23c ../../tx/Debug\libtx.a(tx_semaphore_create.o)
 .debug_abbrev  0x0000000000008a36      0x241 ../../tx/Debug\libtx.a(tx_semaphore_get.o)
 .debug_abbrev  0x0000000000008c77      0x267 ../../tx/Debug\libtx.a(tx_semaphore_put.o)
 .debug_abbrev  0x0000000000008ede      0x2a2 ../../tx/Debug\libtx.a(tx_thread_create.o)
 .debug_abbrev  0x0000000000009180      0x24a ../../tx/Debug\libtx.a(tx_thread_shell_entry.o)
 .debug_abbrev  0x00000000000093ca       0x14 ../../tx/Debug\libtx.a(tx_thread_stack_build.o)
 .debug_abbrev  0x00000000000093de      0x244 ../../tx/Debug\libtx.a(tx_thread_system_preempt_check.o)
 .debug_abbrev  0x0000000000009622      0x28b ../../tx/Debug\libtx.a(tx_thread_system_resume.o)
 .debug_abbrev  0x00000000000098ad      0x215 ../../tx/Debug\libtx.a(tx_thread_time_slice.o)
 .debug_abbrev  0x0000000000009ac2      0x250 ../../tx/Debug\libtx.a(tx_thread_timeout.o)
 .debug_abbrev  0x0000000000009d12      0x216 ../../tx/Debug\libtx.a(tx_timer_expiration_process.o)
 .debug_abbrev  0x0000000000009f28      0x19e ../../tx/Debug\libtx.a(tx_timer_system_deactivate.o)
 .debug_abbrev  0x000000000000a0c6      0x241 ../../tx/Debug\libtx.a(tx_event_flags_cleanup.o)
 .debug_abbrev  0x000000000000a307      0x26c ../../tx/Debug\libtx.a(tx_mutex_cleanup.o)
 .debug_abbrev  0x000000000000a573      0x228 ../../tx/Debug\libtx.a(tx_mutex_prioritize.o)
 .debug_abbrev  0x000000000000a79b      0x241 ../../tx/Debug\libtx.a(tx_queue_cleanup.o)
 .debug_abbrev  0x000000000000a9dc      0x241 ../../tx/Debug\libtx.a(tx_semaphore_cleanup.o)

.debug_aranges  0x0000000000000000     0x13b8
 .debug_aranges
                0x0000000000000000       0x78 common_hardware_code.o
 .debug_aranges
                0x0000000000000078       0x58 sample_threadx.o
 .debug_aranges
                0x00000000000000d0       0x28 startup_stm32f746nghx.o
 .debug_aranges
                0x00000000000000f8       0x68 ../../stm32f7xx_library/Debug\libstm32f7xx_library.a(stm32746g_discovery_sdram.o)
 .debug_aranges
                0x0000000000000160       0xf0 ../../stm32f7xx_library/Debug\libstm32f7xx_library.a(stm32f7xx_hal.o)
 .debug_aranges
                0x0000000000000250       0xa8 ../../stm32f7xx_library/Debug\libstm32f7xx_library.a(stm32f7xx_hal_cortex.o)
 .debug_aranges
                0x00000000000002f8       0x78 ../../stm32f7xx_library/Debug\libstm32f7xx_library.a(stm32f7xx_hal_dma.o)
 .debug_aranges
                0x0000000000000370       0x58 ../../stm32f7xx_library/Debug\libstm32f7xx_library.a(stm32f7xx_hal_gpio.o)
 .debug_aranges
                0x00000000000003c8       0x80 ../../stm32f7xx_library/Debug\libstm32f7xx_library.a(stm32f7xx_hal_pwr_ex.o)
 .debug_aranges
                0x0000000000000448       0x88 ../../stm32f7xx_library/Debug\libstm32f7xx_library.a(stm32f7xx_hal_rcc.o)
 .debug_aranges
                0x00000000000004d0       0xb0 ../../stm32f7xx_library/Debug\libstm32f7xx_library.a(stm32f7xx_hal_sdram.o)
 .debug_aranges
                0x0000000000000580       0x40 ../../stm32f7xx_library/Debug\libstm32f7xx_library.a(stm32f7xx_hal_timebase_tim_template.o)
 .debug_aranges
                0x00000000000005c0      0x1b0 ../../stm32f7xx_library/Debug\libstm32f7xx_library.a(stm32f7xx_hal_uart.o)
 .debug_aranges
                0x0000000000000770       0xc8 ../../stm32f7xx_library/Debug\libstm32f7xx_library.a(stm32f7xx_ll_fmc.o)
 .debug_aranges
                0x0000000000000838       0x28 ../../stm32f7xx_library/Debug\libstm32f7xx_library.a(system_stm32f7xx.o)
 .debug_aranges
                0x0000000000000860      0x258 ../../stm32f7xx_library/Debug\libstm32f7xx_library.a(stm32f7xx_hal_tim.o)
 .debug_aranges
                0x0000000000000ab8       0xf8 ../../stm32f7xx_library/Debug\libstm32f7xx_library.a(stm32f7xx_hal_tim_ex.o)
 .debug_aranges
                0x0000000000000bb0       0x20 ../../tx/Debug\libtx.a(tx_initialize_kernel_enter.o)
 .debug_aranges
                0x0000000000000bd0       0x20 ../../tx/Debug\libtx.a(tx_initialize_low_level.o)
 .debug_aranges
                0x0000000000000bf0       0x20 ../../tx/Debug\libtx.a(tx_thread_initialize.o)
 .debug_aranges
                0x0000000000000c10       0x20 ../../tx/Debug\libtx.a(tx_thread_schedule.o)
 .debug_aranges
                0x0000000000000c30       0x20 ../../tx/Debug\libtx.a(tx_thread_sleep.o)
 .debug_aranges
                0x0000000000000c50       0x20 ../../tx/Debug\libtx.a(tx_thread_system_suspend.o)
 .debug_aranges
                0x0000000000000c70       0x20 ../../tx/Debug\libtx.a(tx_timer_initialize.o)
 .debug_aranges
                0x0000000000000c90       0x20 ../../tx/Debug\libtx.a(tx_timer_interrupt.o)
 .debug_aranges
                0x0000000000000cb0       0x20 ../../tx/Debug\libtx.a(tx_timer_system_activate.o)
 .debug_aranges
                0x0000000000000cd0       0x20 ../../tx/Debug\libtx.a(tx_timer_thread_entry.o)
 .debug_aranges
                0x0000000000000cf0       0x20 ../../tx/Debug\libtx.a(txe_block_allocate.o)
 .debug_aranges
                0x0000000000000d10       0x20 ../../tx/Debug\libtx.a(txe_block_pool_create.o)
 .debug_aranges
                0x0000000000000d30       0x20 ../../tx/Debug\libtx.a(txe_block_release.o)
 .debug_aranges
                0x0000000000000d50       0x20 ../../tx/Debug\libtx.a(txe_byte_allocate.o)
 .debug_aranges
                0x0000000000000d70       0x20 ../../tx/Debug\libtx.a(txe_byte_pool_create.o)
 .debug_aranges
                0x0000000000000d90       0x20 ../../tx/Debug\libtx.a(txe_event_flags_create.o)
 .debug_aranges
                0x0000000000000db0       0x20 ../../tx/Debug\libtx.a(txe_event_flags_get.o)
 .debug_aranges
                0x0000000000000dd0       0x20 ../../tx/Debug\libtx.a(txe_event_flags_set.o)
 .debug_aranges
                0x0000000000000df0       0x20 ../../tx/Debug\libtx.a(txe_mutex_create.o)
 .debug_aranges
                0x0000000000000e10       0x20 ../../tx/Debug\libtx.a(txe_mutex_get.o)
 .debug_aranges
                0x0000000000000e30       0x20 ../../tx/Debug\libtx.a(txe_mutex_put.o)
 .debug_aranges
                0x0000000000000e50       0x20 ../../tx/Debug\libtx.a(txe_queue_create.o)
 .debug_aranges
                0x0000000000000e70       0x20 ../../tx/Debug\libtx.a(txe_queue_receive.o)
 .debug_aranges
                0x0000000000000e90       0x20 ../../tx/Debug\libtx.a(txe_queue_send.o)
 .debug_aranges
                0x0000000000000eb0       0x20 ../../tx/Debug\libtx.a(txe_semaphore_create.o)
 .debug_aranges
                0x0000000000000ed0       0x20 ../../tx/Debug\libtx.a(txe_semaphore_get.o)
 .debug_aranges
                0x0000000000000ef0       0x20 ../../tx/Debug\libtx.a(txe_semaphore_put.o)
 .debug_aranges
                0x0000000000000f10       0x20 ../../tx/Debug\libtx.a(txe_thread_create.o)
 .debug_aranges
                0x0000000000000f30       0x20 ../../tx/Debug\libtx.a(tx_block_allocate.o)
 .debug_aranges
                0x0000000000000f50       0x20 ../../tx/Debug\libtx.a(tx_block_pool_cleanup.o)
 .debug_aranges
                0x0000000000000f70       0x20 ../../tx/Debug\libtx.a(tx_block_pool_create.o)
 .debug_aranges
                0x0000000000000f90       0x20 ../../tx/Debug\libtx.a(tx_block_release.o)
 .debug_aranges
                0x0000000000000fb0       0x20 ../../tx/Debug\libtx.a(tx_byte_allocate.o)
 .debug_aranges
                0x0000000000000fd0       0x20 ../../tx/Debug\libtx.a(tx_byte_pool_cleanup.o)
 .debug_aranges
                0x0000000000000ff0       0x20 ../../tx/Debug\libtx.a(tx_byte_pool_create.o)
 .debug_aranges
                0x0000000000001010       0x20 ../../tx/Debug\libtx.a(tx_byte_pool_search.o)
 .debug_aranges
                0x0000000000001030       0x20 ../../tx/Debug\libtx.a(tx_event_flags_create.o)
 .debug_aranges
                0x0000000000001050       0x20 ../../tx/Debug\libtx.a(tx_event_flags_get.o)
 .debug_aranges
                0x0000000000001070       0x20 ../../tx/Debug\libtx.a(tx_event_flags_set.o)
 .debug_aranges
                0x0000000000001090       0x20 ../../tx/Debug\libtx.a(tx_initialize_high_level.o)
 .debug_aranges
                0x00000000000010b0       0x20 ../../tx/Debug\libtx.a(tx_mutex_create.o)
 .debug_aranges
                0x00000000000010d0       0x20 ../../tx/Debug\libtx.a(tx_mutex_get.o)
 .debug_aranges
                0x00000000000010f0       0x20 ../../tx/Debug\libtx.a(tx_mutex_priority_change.o)
 .debug_aranges
                0x0000000000001110       0x20 ../../tx/Debug\libtx.a(tx_mutex_put.o)
 .debug_aranges
                0x0000000000001130       0x20 ../../tx/Debug\libtx.a(tx_queue_create.o)
 .debug_aranges
                0x0000000000001150       0x20 ../../tx/Debug\libtx.a(tx_queue_receive.o)
 .debug_aranges
                0x0000000000001170       0x20 ../../tx/Debug\libtx.a(tx_queue_send.o)
 .debug_aranges
                0x0000000000001190       0x20 ../../tx/Debug\libtx.a(tx_semaphore_create.o)
 .debug_aranges
                0x00000000000011b0       0x20 ../../tx/Debug\libtx.a(tx_semaphore_get.o)
 .debug_aranges
                0x00000000000011d0       0x20 ../../tx/Debug\libtx.a(tx_semaphore_put.o)
 .debug_aranges
                0x00000000000011f0       0x20 ../../tx/Debug\libtx.a(tx_thread_create.o)
 .debug_aranges
                0x0000000000001210       0x20 ../../tx/Debug\libtx.a(tx_thread_shell_entry.o)
 .debug_aranges
                0x0000000000001230       0x20 ../../tx/Debug\libtx.a(tx_thread_stack_build.o)
 .debug_aranges
                0x0000000000001250       0x20 ../../tx/Debug\libtx.a(tx_thread_system_preempt_check.o)
 .debug_aranges
                0x0000000000001270       0x20 ../../tx/Debug\libtx.a(tx_thread_system_resume.o)
 .debug_aranges
                0x0000000000001290       0x20 ../../tx/Debug\libtx.a(tx_thread_time_slice.o)
 .debug_aranges
                0x00000000000012b0       0x20 ../../tx/Debug\libtx.a(tx_thread_timeout.o)
 .debug_aranges
                0x00000000000012d0       0x20 ../../tx/Debug\libtx.a(tx_timer_expiration_process.o)
 .debug_aranges
                0x00000000000012f0       0x20 ../../tx/Debug\libtx.a(tx_timer_system_deactivate.o)
 .debug_aranges
                0x0000000000001310       0x20 ../../tx/Debug\libtx.a(tx_event_flags_cleanup.o)
 .debug_aranges
                0x0000000000001330       0x28 ../../tx/Debug\libtx.a(tx_mutex_cleanup.o)
 .debug_aranges
                0x0000000000001358       0x20 ../../tx/Debug\libtx.a(tx_mutex_prioritize.o)
 .debug_aranges
                0x0000000000001378       0x20 ../../tx/Debug\libtx.a(tx_queue_cleanup.o)
 .debug_aranges
                0x0000000000001398       0x20 ../../tx/Debug\libtx.a(tx_semaphore_cleanup.o)

.debug_ranges   0x0000000000000000     0x2010
 .debug_ranges  0x0000000000000000       0x68 common_hardware_code.o
 .debug_ranges  0x0000000000000068       0x48 sample_threadx.o
 .debug_ranges  0x00000000000000b0       0x20 startup_stm32f746nghx.o
 .debug_ranges  0x00000000000000d0       0xf0 ../../stm32f7xx_library/Debug\libstm32f7xx_library.a(stm32746g_discovery_sdram.o)
 .debug_ranges  0x00000000000001c0       0xe0 ../../stm32f7xx_library/Debug\libstm32f7xx_library.a(stm32f7xx_hal.o)
 .debug_ranges  0x00000000000002a0      0x168 ../../stm32f7xx_library/Debug\libstm32f7xx_library.a(stm32f7xx_hal_cortex.o)
 .debug_ranges  0x0000000000000408      0x150 ../../stm32f7xx_library/Debug\libstm32f7xx_library.a(stm32f7xx_hal_dma.o)
 .debug_ranges  0x0000000000000558       0x78 ../../stm32f7xx_library/Debug\libstm32f7xx_library.a(stm32f7xx_hal_gpio.o)
 .debug_ranges  0x00000000000005d0      0x130 ../../stm32f7xx_library/Debug\libstm32f7xx_library.a(stm32f7xx_hal_pwr_ex.o)