guix_medical_specifications.c:48:13:gx_studio_screen_toggle	24	static
guix_medical_specifications.c:62:19:gx_studio_action_target_get	32	static
guix_medical_specifications.c:100:19:gx_studio_action_target_find	32	static
guix_medical_specifications.c:127:19:gx_studio_action_parent_find	24	static
guix_medical_specifications.c:146:13:gx_studio_animation_execute	72	static
guix_medical_specifications.c:193:6:gx_studio_auto_event_handler	48	static
guix_medical_specifications.c:340:6:gx_studio_pixelmap_button_create	80	static
guix_medical_specifications.c:353:6:gx_studio_icon_create	80	static
guix_medical_specifications.c:366:6:gx_studio_pixelmap_slider_create	112	static
guix_medical_specifications.c:397:6:gx_studio_prompt_create	64	static
guix_medical_specifications.c:415:6:gx_studio_numeric_prompt_create	64	static
guix_medical_specifications.c:441:6:gx_studio_window_create	64	static
guix_medical_specifications.c:457:6:gx_studio_vertical_list_create	80	static
guix_medical_specifications.c:474:6:gx_studio_vertical_scrollbar_create	48	static
guix_medical_specifications.c:483:6:gx_studio_template_create	104	static
guix_medical_specifications.c:1493:13:gx_studio_meds_screen_event_process	16	static
guix_medical_specifications.c:2090:13:gx_studio_vitals_screen_event_process	16	static
guix_medical_specifications.c:2437:13:gx_studio_patients_screen_event_process	16	static
guix_medical_specifications.c:2474:19:gx_studio_nested_widget_create	40	static
guix_medical_specifications.c:2556:12:gx_studio_widget_create	32	static
guix_medical_specifications.c:2568:6:gx_studio_named_widget_create	40	static
guix_medical_specifications.c:2596:6:gx_studio_display_configure	80	static
