core_cm7.h:2229:22:SCB_EnableICache	4	static,ignoring_inline_asm
core_cm7.h:2281:22:SCB_EnableDCache	24	static,ignoring_inline_asm
common_hardware_code.c:36:5:__io_putchar	16	static
common_hardware_code.c:42:5:_write	32	static
common_hardware_code.c:57:5:hardware_rand	4	static
common_hardware_code.c:72:6:HAL_UART_MspInit	56	static
common_hardware_code.c:127:6:hardware_rand_initialize	4	static
common_hardware_code.c:141:13:MX_USART1_UART_Init	8	static
common_hardware_code.c:179:13:SystemClock_Config	80	static
common_hardware_code.c:230:13:MPU_Config	24	static
common_hardware_code.c:272:13:CPU_CACHE_Enable	8	static
common_hardware_code.c:281:13:GreenLed_Init	4	static
common_hardware_code.c:292:13:BlueButton_Init	16	static
common_hardware_code.c:307:6:GreenLed_On	4	static
common_hardware_code.c:312:6:GreenLed_Off	4	static
common_hardware_code.c:317:6:GreenLed_Toggle	4	static
common_hardware_code.c:322:5:BlueButton_Pressed	4	static
common_hardware_code.c:328:6:hardware_setup	8	static
common_hardware_code.c:368:6:prvGetRegistersFromStack	48	static
common_hardware_code.c:434:6:NMI_Handler	4	static
common_hardware_code.c:439:6:HardFault_Handler	4	static,ignoring_inline_asm
common_hardware_code.c:459:6:MemManage_Handler	4	static
common_hardware_code.c:464:6:BusFault_Handler	4	static
common_hardware_code.c:469:6:UsageFault_Handler	4	static
